
> 704collective@0.1.0 build
> next build

Γû▓ Next.js 16.1.6 (Turbopack)
- Environments: .env.local

node.exe : ΓÜá The "middleware" file convention is deprecated. Please use "proxy" instead. Learn more: 
https://nextjs.org/docs/messages/middleware-to-proxy
At line:1 char:1
+ & "C:\Program Files\nodejs/node.exe" "C:\Program Files\nodejs/node_mo ...
+ ~~~~~~~~~~~~~~~~~~~~~~~~~~~~~~~~~~~~~~~~~~~~~~~~~~~~~~~~~~~~~~~~~~~~~
    + CategoryInfo          : NotSpecified: (ΓÜá The "middle...leware-to-proxy:String) [], RemoteException
    + FullyQualifiedErrorId : NativeCommandError
 
  Creating an optimized production build ...

> Build error occurred
Error: Turbopack build failed with 83 errors:
./src/app/join/page.tsx:102:6
Parsing ecmascript source code failed
[0m [90m 100 |[39m     [36mconst[39m { error } [33m=[39m [36mawait[39m supabase[33m.[39mauth[33m.[39msignInWithOAuth({ 
provider[33m:[39m [32m'google'[39m[33m,[39m options[33m:[39m {
 [90m 101 |[39m       redirectTo[33m:[39m [32m`${window.location.origin}/auth/callback`[39m[33m,[39m
[31m[1m>[22m[39m[90m 102 |[39m     })[33m;[39m
 [90m     |[39m      [31m[1m^[22m[39m
 [90m 103 |[39m     [36mif[39m (error) {
 [90m 104 |[39m       toast[33m.[39merror([32m'Failed to sign in with Google'[39m)[33m;[39m
 [90m 105 |[39m     }[0m

Expected ',', got ')'


./src/app/login/page.tsx:89:6
Parsing ecmascript source code failed
[0m [90m 87 |[39m     [36mconst[39m { error } [33m=[39m [36mawait[39m supabase[33m.[39mauth[33m.[39msignInWithOAuth({ 
provider[33m:[39m [32m'google'[39m[33m,[39m options[33m:[39m {
 [90m 88 |[39m       redirectTo[33m:[39m [32m`${window.location.origin}/auth/callback`[39m[33m,[39m
[31m[1m>[22m[39m[90m 89 |[39m     })[33m;[39m
 [90m    |[39m      [31m[1m^[22m[39m
 [90m 90 |[39m
 [90m 91 |[39m     [36mif[39m (error) {
 [90m 92 |[39m       toast[33m.[39merror([32m'Failed to sign in with Google'[39m)[33m;[39m[0m

Expected ',', got ')'


./src/app/admin/login/page.tsx:14:1
Module not found: Can't resolve '@/assets/704-logo.png'
[0m [90m 12 |[39m [36mimport[39m { [33mAlert[39m[33m,[39m [33mAlertDescription[39m } [36mfrom[39m 
[32m'@/components/ui/alert'[39m[33m;[39m
 [90m 13 |[39m [36mimport[39m { [33mLoader2[39m[33m,[39m [33mShield[39m } [36mfrom[39m [32m'lucide-react'[39m[33m;[39m
[31m[1m>[22m[39m[90m 14 |[39m [36mimport[39m logo [36mfrom[39m [32m'@/assets/704-logo.png'[39m[33m;[39m
 [90m    |[39m [31m[1m^[22m[39m[31m[1m^[22m[39m[31m[1m^[22m[39m[31m[1m^[22m[39m[31m[1m^[22m[39m[31m[1m^[22m[39m[3
1m[1m^[22m[39m[31m[1m^[22m[39m[31m[1m^[22m[39m[31m[1m^[22m[39m[31m[1m^[22m[39m[31m[1m^[22m[39m[31m[1m^[22m[39m[3
1m[1m^[22m[39m[31m[1m^[22m[39m[31m[1m^[22m[39m[31m[1m^[22m[39m[31m[1m^[22m[39m[31m[1m^[22m[39m[31m[1m^[22m[39m[3
1m[1m^[22m[39m[31m[1m^[22m[39m[31m[1m^[22m[39m[31m[1m^[22m[39m[31m[1m^[22m[39m[31m[1m^[22m[39m[31m[1m^[22m[39m[3
1m[1m^[22m[39m[31m[1m^[22m[39m[31m[1m^[22m[39m[31m[1m^[22m[39m[31m[1m^[22m[39m[31m[1m^[22m[39m[31m[1m^[22m[39m[3
1m[1m^[22m[39m[31m[1m^[22m[39m[31m[1m^[22m[39m[31m[1m^[22m[39m[31m[1m^[22m[39m[31m[1m^[22m[39m[31m[1m^[22m[39m
 [90m 15 |[39m
 [90m 16 |[39m [36mexport[39m [36mdefault[39m [36mfunction[39m [33mAdminLogin[39m() {
 [90m 17 |[39m   [36mconst[39m router [33m=[39m useRouter()[33m;[39m[0m

Import map: aliased to relative './src/assets/704-logo.png' inside of [project]/


Import traces:
  Client Component Browser:
    ./src/app/admin/login/page.tsx [Client Component Browser]
    ./src/app/admin/login/page.tsx [Server Component]

  Client Component SSR:
    ./src/app/admin/login/page.tsx [Client Component SSR]
    ./src/app/admin/login/page.tsx [Server Component]

https://nextjs.org/docs/messages/module-not-found


./src/app/admin/request-access/page.tsx:13:1
Module not found: Can't resolve '@/assets/704-logo.png'
[0m [90m 11 |[39m [36mimport[39m { [33mAlert[39m[33m,[39m [33mAlertDescription[39m } [36mfrom[39m 
[32m'@/components/ui/alert'[39m[33m;[39m
 [90m 12 |[39m [36mimport[39m { [33mLoader2[39m[33m,[39m [33mShield[39m[33m,[39m [33mCheckCircle[39m } [36mfrom[39m 
[32m'lucide-react'[39m[33m;[39m
[31m[1m>[22m[39m[90m 13 |[39m [36mimport[39m logo [36mfrom[39m [32m'@/assets/704-logo.png'[39m[33m;[39m
 [90m    |[39m [31m[1m^[22m[39m[31m[1m^[22m[39m[31m[1m^[22m[39m[31m[1m^[22m[39m[31m[1m^[22m[39m[31m[1m^[22m[39m[3
1m[1m^[22m[39m[31m[1m^[22m[39m[31m[1m^[22m[39m[31m[1m^[22m[39m[31m[1m^[22m[39m[31m[1m^[22m[39m[31m[1m^[22m[39m[3
1m[1m^[22m[39m[31m[1m^[22m[39m[31m[1m^[22m[39m[31m[1m^[22m[39m[31m[1m^[22m[39m[31m[1m^[22m[39m[31m[1m^[22m[39m[3
1m[1m^[22m[39m[31m[1m^[22m[39m[31m[1m^[22m[39m[31m[1m^[22m[39m[31m[1m^[22m[39m[31m[1m^[22m[39m[31m[1m^[22m[39m[3
1m[1m^[22m[39m[31m[1m^[22m[39m[31m[1m^[22m[39m[31m[1m^[22m[39m[31m[1m^[22m[39m[31m[1m^[22m[39m[31m[1m^[22m[39m[3
1m[1m^[22m[39m[31m[1m^[22m[39m[31m[1m^[22m[39m[31m[1m^[22m[39m[31m[1m^[22m[39m[31m[1m^[22m[39m[31m[1m^[22m[39m
 [90m 14 |[39m
 [90m 15 |[39m [36mexport[39m [36mdefault[39m [36mfunction[39m [33mRequestAccess[39m() {
 [90m 16 |[39m   [36mconst[39m [fullName[33m,[39m setFullName] [33m=[39m useState([32m''[39m)[33m;[39m[0m

Import map: aliased to relative './src/assets/704-logo.png' inside of [project]/


Import traces:
  Client Component Browser:
    ./src/app/admin/request-access/page.tsx [Client Component Browser]
    ./src/app/admin/request-access/page.tsx [Server Component]

  Client Component SSR:
    ./src/app/admin/request-access/page.tsx [Client Component SSR]
    ./src/app/admin/request-access/page.tsx [Server Component]

https://nextjs.org/docs/messages/module-not-found


./src/app/payment-canceled/page.tsx:7:1
Module not found: Can't resolve '@/assets/704-logo.png'
[0m [90m  5 |[39m [36mimport[39m { [33mButton[39m } [36mfrom[39m [32m'@/components/ui/button'[39m[33m;[39m
 [90m  6 |[39m [36mimport[39m { usePageTitle } [36mfrom[39m [32m'@/hooks/usePageTitle'[39m[33m;[39m
[31m[1m>[22m[39m[90m  7 |[39m [36mimport[39m logo [36mfrom[39m [32m'@/assets/704-logo.png'[39m[33m;[39m
 [90m    |[39m [31m[1m^[22m[39m[31m[1m^[22m[39m[31m[1m^[22m[39m[31m[1m^[22m[39m[31m[1m^[22m[39m[31m[1m^[22m[39m[3
1m[1m^[22m[39m[31m[1m^[22m[39m[31m[1m^[22m[39m[31m[1m^[22m[39m[31m[1m^[22m[39m[31m[1m^[22m[39m[31m[1m^[22m[39m[3
1m[1m^[22m[39m[31m[1m^[22m[39m[31m[1m^[22m[39m[31m[1m^[22m[39m[31m[1m^[22m[39m[31m[1m^[22m[39m[31m[1m^[22m[39m[3
1m[1m^[22m[39m[31m[1m^[22m[39m[31m[1m^[22m[39m[31m[1m^[22m[39m[31m[1m^[22m[39m[31m[1m^[22m[39m[31m[1m^[22m[39m[3
1m[1m^[22m[39m[31m[1m^[22m[39m[31m[1m^[22m[39m[31m[1m^[22m[39m[31m[1m^[22m[39m[31m[1m^[22m[39m[31m[1m^[22m[39m[3
1m[1m^[22m[39m[31m[1m^[22m[39m[31m[1m^[22m[39m[31m[1m^[22m[39m[31m[1m^[22m[39m[31m[1m^[22m[39m[31m[1m^[22m[39m
 [90m  8 |[39m
 [90m  9 |[39m [36mexport[39m [36mdefault[39m [36mfunction[39m [33mPaymentCanceled[39m() {
 [90m 10 |[39m   usePageTitle([32m'Payment Canceled'[39m)[33m;[39m[0m

Import map: aliased to relative './src/assets/704-logo.png' inside of [project]/


Import traces:
  Client Component Browser:
    ./src/app/payment-canceled/page.tsx [Client Component Browser]
    ./src/app/payment-canceled/page.tsx [Server Component]

  Client Component SSR:
    ./src/app/payment-canceled/page.tsx [Client Component SSR]
    ./src/app/payment-canceled/page.tsx [Server Component]

https://nextjs.org/docs/messages/module-not-found


./src/app/payment-success/page.tsx:11:1
Module not found: Can't resolve '@/assets/704-logo.png'
[0m [90m  9 |[39m [36mimport[39m { supabase } [36mfrom[39m [32m'@/integrations/supabase/client'[39m[33m;[39m
 [90m 10 |[39m [36mimport[39m { usePageTitle } [36mfrom[39m [32m'@/hooks/usePageTitle'[39m[33m;[39m
[31m[1m>[22m[39m[90m 11 |[39m [36mimport[39m logo [36mfrom[39m [32m'@/assets/704-logo.png'[39m[33m;[39m
 [90m    |[39m [31m[1m^[22m[39m[31m[1m^[22m[39m[31m[1m^[22m[39m[31m[1m^[22m[39m[31m[1m^[22m[39m[31m[1m^[22m[39m[3
1m[1m^[22m[39m[31m[1m^[22m[39m[31m[1m^[22m[39m[31m[1m^[22m[39m[31m[1m^[22m[39m[31m[1m^[22m[39m[31m[1m^[22m[39m[3
1m[1m^[22m[39m[31m[1m^[22m[39m[31m[1m^[22m[39m[31m[1m^[22m[39m[31m[1m^[22m[39m[31m[1m^[22m[39m[31m[1m^[22m[39m[3
1m[1m^[22m[39m[31m[1m^[22m[39m[31m[1m^[22m[39m[31m[1m^[22m[39m[31m[1m^[22m[39m[31m[1m^[22m[39m[31m[1m^[22m[39m[3
1m[1m^[22m[39m[31m[1m^[22m[39m[31m[1m^[22m[39m[31m[1m^[22m[39m[31m[1m^[22m[39m[31m[1m^[22m[39m[31m[1m^[22m[39m[3
1m[1m^[22m[39m[31m[1m^[22m[39m[31m[1m^[22m[39m[31m[1m^[22m[39m[31m[1m^[22m[39m[31m[1m^[22m[39m[31m[1m^[22m[39m
 [90m 12 |[39m
 [90m 13 |[39m [36mexport[39m [36mdefault[39m [36mfunction[39m [33mPaymentSuccess[39m() {
 [90m 14 |[39m   [36mconst[39m searchParams [33m=[39m useSearchParams()[33m;[39m[0m

Import map: aliased to relative './src/assets/704-logo.png' inside of [project]/


Import traces:
  Client Component Browser:
    ./src/app/payment-success/page.tsx [Client Component Browser]
    ./src/app/payment-success/page.tsx [Server Component]

  Client Component SSR:
    ./src/app/payment-success/page.tsx [Client Component SSR]
    ./src/app/payment-success/page.tsx [Server Component]

https://nextjs.org/docs/messages/module-not-found


./src/app/reset-password/page.tsx:12:1
Module not found: Can't resolve '@/assets/704-logo.png'
[0m [90m 10 |[39m [36mimport[39m { [33mLoader2[39m[33m,[39m [33mCheckCircle[39m[33m,[39m [33mArrowLeft[39m } [36mfrom[39m 
[32m'lucide-react'[39m[33m;[39m
 [90m 11 |[39m [36mimport[39m { z } [36mfrom[39m [32m'zod'[39m[33m;[39m
[31m[1m>[22m[39m[90m 12 |[39m [36mimport[39m logo [36mfrom[39m [32m'@/assets/704-logo.png'[39m[33m;[39m
 [90m    |[39m [31m[1m^[22m[39m[31m[1m^[22m[39m[31m[1m^[22m[39m[31m[1m^[22m[39m[31m[1m^[22m[39m[31m[1m^[22m[39m[3
1m[1m^[22m[39m[31m[1m^[22m[39m[31m[1m^[22m[39m[31m[1m^[22m[39m[31m[1m^[22m[39m[31m[1m^[22m[39m[31m[1m^[22m[39m[3
1m[1m^[22m[39m[31m[1m^[22m[39m[31m[1m^[22m[39m[31m[1m^[22m[39m[31m[1m^[22m[39m[31m[1m^[22m[39m[31m[1m^[22m[39m[3
1m[1m^[22m[39m[31m[1m^[22m[39m[31m[1m^[22m[39m[31m[1m^[22m[39m[31m[1m^[22m[39m[31m[1m^[22m[39m[31m[1m^[22m[39m[3
1m[1m^[22m[39m[31m[1m^[22m[39m[31m[1m^[22m[39m[31m[1m^[22m[39m[31m[1m^[22m[39m[31m[1m^[22m[39m[31m[1m^[22m[39m[3
1m[1m^[22m[39m[31m[1m^[22m[39m[31m[1m^[22m[39m[31m[1m^[22m[39m[31m[1m^[22m[39m[31m[1m^[22m[39m[31m[1m^[22m[39m
 [90m 13 |[39m
 [90m 14 |[39m [36mconst[39m emailSchema [33m=[39m z[33m.[39mobject({
 [90m 15 |[39m   email[33m:[39m z[33m.[39mstring()[33m.[39memail([32m'Please enter a valid email address'[39m)[33m,[39m[0m

Import map: aliased to relative './src/assets/704-logo.png' inside of [project]/


Import traces:
  Client Component Browser:
    ./src/app/reset-password/page.tsx [Client Component Browser]
    ./src/app/reset-password/page.tsx [Server Component]

  Client Component SSR:
    ./src/app/reset-password/page.tsx [Client Component SSR]
    ./src/app/reset-password/page.tsx [Server Component]

https://nextjs.org/docs/messages/module-not-found


./src/app/setup-password/page.tsx:13:1
Module not found: Can't resolve '@/assets/704-logo.png'
[0m [90m 11 |[39m [36mimport[39m { [33mLoader2[39m[33m,[39m [33mEye[39m[33m,[39m [33mEyeOff[39m[33m,[39m 
[33mCheckCircle[39m } [36mfrom[39m [32m'lucide-react'[39m[33m;[39m
 [90m 12 |[39m [36mimport[39m { z } [36mfrom[39m [32m'zod'[39m[33m;[39m
[31m[1m>[22m[39m[90m 13 |[39m [36mimport[39m logo [36mfrom[39m [32m'@/assets/704-logo.png'[39m[33m;[39m
 [90m    |[39m [31m[1m^[22m[39m[31m[1m^[22m[39m[31m[1m^[22m[39m[31m[1m^[22m[39m[31m[1m^[22m[39m[31m[1m^[22m[39m[3
1m[1m^[22m[39m[31m[1m^[22m[39m[31m[1m^[22m[39m[31m[1m^[22m[39m[31m[1m^[22m[39m[31m[1m^[22m[39m[31m[1m^[22m[39m[3
1m[1m^[22m[39m[31m[1m^[22m[39m[31m[1m^[22m[39m[31m[1m^[22m[39m[31m[1m^[22m[39m[31m[1m^[22m[39m[31m[1m^[22m[39m[3
1m[1m^[22m[39m[31m[1m^[22m[39m[31m[1m^[22m[39m[31m[1m^[22m[39m[31m[1m^[22m[39m[31m[1m^[22m[39m[31m[1m^[22m[39m[3
1m[1m^[22m[39m[31m[1m^[22m[39m[31m[1m^[22m[39m[31m[1m^[22m[39m[31m[1m^[22m[39m[31m[1m^[22m[39m[31m[1m^[22m[39m[3
1m[1m^[22m[39m[31m[1m^[22m[39m[31m[1m^[22m[39m[31m[1m^[22m[39m[31m[1m^[22m[39m[31m[1m^[22m[39m[31m[1m^[22m[39m
 [90m 14 |[39m
 [90m 15 |[39m [36mconst[39m passwordSchema [33m=[39m z[33m.[39mobject({
 [90m 16 |[39m   password[33m:[39m z[33m.[39mstring()[33m.[39mmin([35m8[39m[33m,[39m [32m'Password must be at least 8 
characters'[39m)[33m,[39m[0m

Import map: aliased to relative './src/assets/704-logo.png' inside of [project]/


Import traces:
  Client Component Browser:
    ./src/app/setup-password/page.tsx [Client Component Browser]
    ./src/app/setup-password/page.tsx [Server Component]

  Client Component SSR:
    ./src/app/setup-password/page.tsx [Client Component SSR]
    ./src/app/setup-password/page.tsx [Server Component]

https://nextjs.org/docs/messages/module-not-found


./src/app/signup/page.tsx:15:1
Module not found: Can't resolve '@/assets/704-logo.png'
[0m [90m 13 |[39m [36mimport[39m { [33mLoader2[39m[33m,[39m [33mEye[39m[33m,[39m [33mEyeOff[39m } [36mfrom[39m 
[32m'lucide-react'[39m[33m;[39m
 [90m 14 |[39m [36mimport[39m { z } [36mfrom[39m [32m'zod'[39m[33m;[39m
[31m[1m>[22m[39m[90m 15 |[39m [36mimport[39m logo [36mfrom[39m [32m'@/assets/704-logo.png'[39m[33m;[39m
 [90m    |[39m [31m[1m^[22m[39m[31m[1m^[22m[39m[31m[1m^[22m[39m[31m[1m^[22m[39m[31m[1m^[22m[39m[31m[1m^[22m[39m[3
1m[1m^[22m[39m[31m[1m^[22m[39m[31m[1m^[22m[39m[31m[1m^[22m[39m[31m[1m^[22m[39m[31m[1m^[22m[39m[31m[1m^[22m[39m[3
1m[1m^[22m[39m[31m[1m^[22m[39m[31m[1m^[22m[39m[31m[1m^[22m[39m[31m[1m^[22m[39m[31m[1m^[22m[39m[31m[1m^[22m[39m[3
1m[1m^[22m[39m[31m[1m^[22m[39m[31m[1m^[22m[39m[31m[1m^[22m[39m[31m[1m^[22m[39m[31m[1m^[22m[39m[31m[1m^[22m[39m[3
1m[1m^[22m[39m[31m[1m^[22m[39m[31m[1m^[22m[39m[31m[1m^[22m[39m[31m[1m^[22m[39m[31m[1m^[22m[39m[31m[1m^[22m[39m[3
1m[1m^[22m[39m[31m[1m^[22m[39m[31m[1m^[22m[39m[31m[1m^[22m[39m[31m[1m^[22m[39m[31m[1m^[22m[39m[31m[1m^[22m[39m
 [90m 16 |[39m
 [90m 17 |[39m [36mconst[39m signupSchema [33m=[39m z[33m.[39mobject({
 [90m 18 |[39m   name[33m:[39m z[33m.[39mstring()[33m.[39mmin([35m1[39m[33m,[39m [32m'Full name is 
required'[39m)[33m,[39m[0m

Import map: aliased to relative './src/assets/704-logo.png' inside of [project]/


Import traces:
  Client Component Browser:
    ./src/app/signup/page.tsx [Client Component Browser]
    ./src/app/signup/page.tsx [Server Component]

  Client Component SSR:
    ./src/app/signup/page.tsx [Client Component SSR]
    ./src/app/signup/page.tsx [Server Component]

https://nextjs.org/docs/messages/module-not-found


./src/app/update-password/page.tsx:13:1
Module not found: Can't resolve '@/assets/704-logo.png'
[0m [90m 11 |[39m [36mimport[39m { [33mLoader2[39m[33m,[39m [33mEye[39m[33m,[39m [33mEyeOff[39m[33m,[39m 
[33mCheckCircle[39m } [36mfrom[39m [32m'lucide-react'[39m[33m;[39m
 [90m 12 |[39m [36mimport[39m { z } [36mfrom[39m [32m'zod'[39m[33m;[39m
[31m[1m>[22m[39m[90m 13 |[39m [36mimport[39m logo [36mfrom[39m [32m'@/assets/704-logo.png'[39m[33m;[39m
 [90m    |[39m [31m[1m^[22m[39m[31m[1m^[22m[39m[31m[1m^[22m[39m[31m[1m^[22m[39m[31m[1m^[22m[39m[31m[1m^[22m[39m[3
1m[1m^[22m[39m[31m[1m^[22m[39m[31m[1m^[22m[39m[31m[1m^[22m[39m[31m[1m^[22m[39m[31m[1m^[22m[39m[31m[1m^[22m[39m[3
1m[1m^[22m[39m[31m[1m^[22m[39m[31m[1m^[22m[39m[31m[1m^[22m[39m[31m[1m^[22m[39m[31m[1m^[22m[39m[31m[1m^[22m[39m[3
1m[1m^[22m[39m[31m[1m^[22m[39m[31m[1m^[22m[39m[31m[1m^[22m[39m[31m[1m^[22m[39m[31m[1m^[22m[39m[31m[1m^[22m[39m[3
1m[1m^[22m[39m[31m[1m^[22m[39m[31m[1m^[22m[39m[31m[1m^[22m[39m[31m[1m^[22m[39m[31m[1m^[22m[39m[31m[1m^[22m[39m[3
1m[1m^[22m[39m[31m[1m^[22m[39m[31m[1m^[22m[39m[31m[1m^[22m[39m[31m[1m^[22m[39m[31m[1m^[22m[39m[31m[1m^[22m[39m
 [90m 14 |[39m
 [90m 15 |[39m [36mconst[39m passwordSchema [33m=[39m z[33m.[39mobject({
 [90m 16 |[39m   password[33m:[39m z[33m.[39mstring()[33m.[39mmin([35m8[39m[33m,[39m [32m'Password must be at least 8 
characters'[39m)[33m,[39m[0m

Import map: aliased to relative './src/assets/704-logo.png' inside of [project]/


Import traces:
  Client Component Browser:
    ./src/app/update-password/page.tsx [Client Component Browser]
    ./src/app/update-password/page.tsx [Server Component]

  Client Component SSR:
    ./src/app/update-password/page.tsx [Client Component SSR]
    ./src/app/update-password/page.tsx [Server Component]

https://nextjs.org/docs/messages/module-not-found


./src/app/verify-email/page.tsx:11:1
Module not found: Can't resolve '@/assets/704-logo.png'
[0m [90m  9 |[39m [36mimport[39m { supabase } [36mfrom[39m [32m'@/integrations/supabase/client'[39m[33m;[39m
 [90m 10 |[39m [36mimport[39m { [33mLoader2[39m[33m,[39m [33mMail[39m[33m,[39m [33mArrowLeft[39m } [36mfrom[39m 
[32m'lucide-react'[39m[33m;[39m
[31m[1m>[22m[39m[90m 11 |[39m [36mimport[39m logo [36mfrom[39m [32m'@/assets/704-logo.png'[39m[33m;[39m
 [90m    |[39m [31m[1m^[22m[39m[31m[1m^[22m[39m[31m[1m^[22m[39m[31m[1m^[22m[39m[31m[1m^[22m[39m[31m[1m^[22m[39m[3
1m[1m^[22m[39m[31m[1m^[22m[39m[31m[1m^[22m[39m[31m[1m^[22m[39m[31m[1m^[22m[39m[31m[1m^[22m[39m[31m[1m^[22m[39m[3
1m[1m^[22m[39m[31m[1m^[22m[39m[31m[1m^[22m[39m[31m[1m^[22m[39m[31m[1m^[22m[39m[31m[1m^[22m[39m[31m[1m^[22m[39m[3
1m[1m^[22m[39m[31m[1m^[22m[39m[31m[1m^[22m[39m[31m[1m^[22m[39m[31m[1m^[22m[39m[31m[1m^[22m[39m[31m[1m^[22m[39m[3
1m[1m^[22m[39m[31m[1m^[22m[39m[31m[1m^[22m[39m[31m[1m^[22m[39m[31m[1m^[22m[39m[31m[1m^[22m[39m[31m[1m^[22m[39m[3
1m[1m^[22m[39m[31m[1m^[22m[39m[31m[1m^[22m[39m[31m[1m^[22m[39m[31m[1m^[22m[39m[31m[1m^[22m[39m[31m[1m^[22m[39m
 [90m 12 |[39m
 [90m 13 |[39m [36mexport[39m [36mdefault[39m [36mfunction[39m [33mVerifyEmail[39m() {
 [90m 14 |[39m   usePageTitle([32m'Verify Your Email'[39m)[33m;[39m[0m

Import map: aliased to relative './src/assets/704-logo.png' inside of [project]/


Import traces:
  Client Component Browser:
    ./src/app/verify-email/page.tsx [Client Component Browser]
    ./src/app/verify-email/page.tsx [Server Component]

  Client Component SSR:
    ./src/app/verify-email/page.tsx [Client Component SSR]
    ./src/app/verify-email/page.tsx [Server Component]

https://nextjs.org/docs/messages/module-not-found


./src/components/Header.tsx:22:1
Module not found: Can't resolve '@/assets/704-logo.png'
[0m [90m 20 |[39m   [33mSheetClose[39m[33m,[39m
 [90m 21 |[39m } [36mfrom[39m [32m"@/components/ui/sheet"[39m[33m;[39m
[31m[1m>[22m[39m[90m 22 |[39m [36mimport[39m logo [36mfrom[39m [32m'@/assets/704-logo.png'[39m[33m;[39m
 [90m    |[39m [31m[1m^[22m[39m[31m[1m^[22m[39m[31m[1m^[22m[39m[31m[1m^[22m[39m[31m[1m^[22m[39m[31m[1m^[22m[39m[3
1m[1m^[22m[39m[31m[1m^[22m[39m[31m[1m^[22m[39m[31m[1m^[22m[39m[31m[1m^[22m[39m[31m[1m^[22m[39m[31m[1m^[22m[39m[3
1m[1m^[22m[39m[31m[1m^[22m[39m[31m[1m^[22m[39m[31m[1m^[22m[39m[31m[1m^[22m[39m[31m[1m^[22m[39m[31m[1m^[22m[39m[3
1m[1m^[22m[39m[31m[1m^[22m[39m[31m[1m^[22m[39m[31m[1m^[22m[39m[31m[1m^[22m[39m[31m[1m^[22m[39m[31m[1m^[22m[39m[3
1m[1m^[22m[39m[31m[1m^[22m[39m[31m[1m^[22m[39m[31m[1m^[22m[39m[31m[1m^[22m[39m[31m[1m^[22m[39m[31m[1m^[22m[39m[3
1m[1m^[22m[39m[31m[1m^[22m[39m[31m[1m^[22m[39m[31m[1m^[22m[39m[31m[1m^[22m[39m[31m[1m^[22m[39m[31m[1m^[22m[39m
 [90m 23 |[39m [36mimport[39m { cn } [36mfrom[39m [32m'@/lib/utils'[39m[33m;[39m
 [90m 24 |[39m
 [90m 25 |[39m [36minterface[39m [33mHeaderProps[39m {[0m

Import map: aliased to relative './src/assets/704-logo.png' inside of [project]/


Import traces:
  Client Component Browser:
    ./src/components/Header.tsx [Client Component Browser]
    ./src/app/about/page.tsx [Client Component Browser]
    ./src/app/about/page.tsx [Server Component]

  Client Component SSR:
    ./src/components/Header.tsx [Client Component SSR]
    ./src/app/about/page.tsx [Client Component SSR]
    ./src/app/about/page.tsx [Server Component]

https://nextjs.org/docs/messages/module-not-found


./src/components/admin/AdminSidebar.tsx:11:1
Module not found: Can't resolve '@/assets/704-logo.png'
[0m [90m  9 |[39m [36mimport[39m { [33mAdminSection[39m } [36mfrom[39m [32m'@/components/AdminLayout'[39m[33m;[39m
 [90m 10 |[39m [36mimport[39m { [33mWorkspaceSwitcher[39m } [36mfrom[39m [32m'@/components/admin/WorkspaceSwitcher'[39m[33m;[39m
[31m[1m>[22m[39m[90m 11 |[39m [36mimport[39m logo [36mfrom[39m [32m'@/assets/704-logo.png'[39m[33m;[39m
 [90m    |[39m [31m[1m^[22m[39m[31m[1m^[22m[39m[31m[1m^[22m[39m[31m[1m^[22m[39m[31m[1m^[22m[39m[31m[1m^[22m[39m[3
1m[1m^[22m[39m[31m[1m^[22m[39m[31m[1m^[22m[39m[31m[1m^[22m[39m[31m[1m^[22m[39m[31m[1m^[22m[39m[31m[1m^[22m[39m[3
1m[1m^[22m[39m[31m[1m^[22m[39m[31m[1m^[22m[39m[31m[1m^[22m[39m[31m[1m^[22m[39m[31m[1m^[22m[39m[31m[1m^[22m[39m[3
1m[1m^[22m[39m[31m[1m^[22m[39m[31m[1m^[22m[39m[31m[1m^[22m[39m[31m[1m^[22m[39m[31m[1m^[22m[39m[31m[1m^[22m[39m[3
1m[1m^[22m[39m[31m[1m^[22m[39m[31m[1m^[22m[39m[31m[1m^[22m[39m[31m[1m^[22m[39m[31m[1m^[22m[39m[31m[1m^[22m[39m[3
1m[1m^[22m[39m[31m[1m^[22m[39m[31m[1m^[22m[39m[31m[1m^[22m[39m[31m[1m^[22m[39m[31m[1m^[22m[39m[31m[1m^[22m[39m
 [90m 12 |[39m
 [90m 13 |[39m [36minterface[39m [33mAdminSidebarProps[39m {
 [90m 14 |[39m   activeSection[33m?[39m[33m:[39m [33mAdminSection[39m[33m;[39m[0m

Import map: aliased to relative './src/assets/704-logo.png' inside of [project]/


Import traces:
  Client Component Browser:
    ./src/components/admin/AdminSidebar.tsx [Client Component Browser]
    ./src/components/AdminLayout.tsx [Client Component Browser]
    ./src/app/admin/page.tsx [Client Component Browser]
    ./src/app/admin/page.tsx [Server Component]

  Client Component SSR:
    ./src/components/admin/AdminSidebar.tsx [Client Component SSR]
    ./src/components/AdminLayout.tsx [Client Component SSR]
    ./src/app/admin/page.tsx [Client Component SSR]
    ./src/app/admin/page.tsx [Server Component]

https://nextjs.org/docs/messages/module-not-found


./src/app/about/page.tsx:3:1
Module not found: Can't resolve '@/hooks/useAuth'
[0m [90m 1 |[39m [32m'use client'[39m[33m;[39m
 [90m 2 |[39m
[31m[1m>[22m[39m[90m 3 |[39m [36mimport[39m { useAuth } [36mfrom[39m [32m'@/hooks/useAuth'[39m[33m;[39m
 [90m   |[39m [31m[1m^[22m[39m[31m[1m^[22m[39m[31m[1m^[22m[39m[31m[1m^[22m[39m[31m[1m^[22m[39m[31m[1m^[22m[39m[31
m[1m^[22m[39m[31m[1m^[22m[39m[31m[1m^[22m[39m[31m[1m^[22m[39m[31m[1m^[22m[39m[31m[1m^[22m[39m[31m[1m^[22m[39m[31
m[1m^[22m[39m[31m[1m^[22m[39m[31m[1m^[22m[39m[31m[1m^[22m[39m[31m[1m^[22m[39m[31m[1m^[22m[39m[31m[1m^[22m[39m[31
m[1m^[22m[39m[31m[1m^[22m[39m[31m[1m^[22m[39m[31m[1m^[22m[39m[31m[1m^[22m[39m[31m[1m^[22m[39m[31m[1m^[22m[39m[31
m[1m^[22m[39m[31m[1m^[22m[39m[31m[1m^[22m[39m[31m[1m^[22m[39m[31m[1m^[22m[39m[31m[1m^[22m[39m[31m[1m^[22m[39m[31
m[1m^[22m[39m[31m[1m^[22m[39m[31m[1m^[22m[39m[31m[1m^[22m[39m[31m[1m^[22m[39m[31m[1m^[22m[39m[31m[1m^[22m[39m[31
m[1m^[22m[39m
 [90m 4 |[39m [36mimport[39m [33mLink[39m [36mfrom[39m [32m'next/link'[39m[33m;[39m
 [90m 5 |[39m [36mimport[39m { [33mArrowRight[39m[33m,[39m [33mUser[39m } [36mfrom[39m [32m'lucide-react'[39m[33m;[39m
 [90m 6 |[39m [36mimport[39m { [33mButton[39m } [36mfrom[39m [32m'@/components/ui/button'[39m[33m;[39m[0m

Import map: aliased to relative './src/hooks/useAuth' inside of [project]/


Import traces:
  Client Component Browser:
    ./src/app/about/page.tsx [Client Component Browser]
    ./src/app/about/page.tsx [Server Component]

  Client Component SSR:
    ./src/app/about/page.tsx [Client Component SSR]
    ./src/app/about/page.tsx [Server Component]

https://nextjs.org/docs/messages/module-not-found


./src/app/admin/import-members/page.tsx:3:1
Module not found: Can't resolve '@/hooks/useAuth'
[0m [90m 1 |[39m [32m'use client'[39m[33m;[39m
 [90m 2 |[39m
[31m[1m>[22m[39m[90m 3 |[39m [36mimport[39m { useAuth } [36mfrom[39m [32m'@/hooks/useAuth'[39m[33m;[39m
 [90m   |[39m [31m[1m^[22m[39m[31m[1m^[22m[39m[31m[1m^[22m[39m[31m[1m^[22m[39m[31m[1m^[22m[39m[31m[1m^[22m[39m[31
m[1m^[22m[39m[31m[1m^[22m[39m[31m[1m^[22m[39m[31m[1m^[22m[39m[31m[1m^[22m[39m[31m[1m^[22m[39m[31m[1m^[22m[39m[31
m[1m^[22m[39m[31m[1m^[22m[39m[31m[1m^[22m[39m[31m[1m^[22m[39m[31m[1m^[22m[39m[31m[1m^[22m[39m[31m[1m^[22m[39m[31
m[1m^[22m[39m[31m[1m^[22m[39m[31m[1m^[22m[39m[31m[1m^[22m[39m[31m[1m^[22m[39m[31m[1m^[22m[39m[31m[1m^[22m[39m[31
m[1m^[22m[39m[31m[1m^[22m[39m[31m[1m^[22m[39m[31m[1m^[22m[39m[31m[1m^[22m[39m[31m[1m^[22m[39m[31m[1m^[22m[39m[31
m[1m^[22m[39m[31m[1m^[22m[39m[31m[1m^[22m[39m[31m[1m^[22m[39m[31m[1m^[22m[39m[31m[1m^[22m[39m[31m[1m^[22m[39m[31
m[1m^[22m[39m
 [90m 4 |[39m [36mimport[39m { useRouter } [36mfrom[39m [32m'next/navigation'[39m[33m;[39m
 [90m 5 |[39m [36mimport[39m { useState[33m,[39m useRef[33m,[39m useCallback } [36mfrom[39m [32m"react"[39m[33m;[39m
 [90m 6 |[39m [36mimport[39m { usePageTitle } [36mfrom[39m [32m"@/hooks/usePageTitle"[39m[33m;[39m[0m

Import map: aliased to relative './src/hooks/useAuth' inside of [project]/


Import traces:
  Client Component Browser:
    ./src/app/admin/import-members/page.tsx [Client Component Browser]
    ./src/app/admin/import-members/page.tsx [Server Component]

  Client Component SSR:
    ./src/app/admin/import-members/page.tsx [Client Component SSR]
    ./src/app/admin/import-members/page.tsx [Server Component]

https://nextjs.org/docs/messages/module-not-found


./src/app/admin/page.tsx:3:1
Module not found: Can't resolve '@/hooks/useAuth'
[0m [90m 1 |[39m [32m'use client'[39m[33m;[39m
 [90m 2 |[39m
[31m[1m>[22m[39m[90m 3 |[39m [36mimport[39m { useAuth } [36mfrom[39m [32m'@/hooks/useAuth'[39m[33m;[39m
 [90m   |[39m [31m[1m^[22m[39m[31m[1m^[22m[39m[31m[1m^[22m[39m[31m[1m^[22m[39m[31m[1m^[22m[39m[31m[1m^[22m[39m[31
m[1m^[22m[39m[31m[1m^[22m[39m[31m[1m^[22m[39m[31m[1m^[22m[39m[31m[1m^[22m[39m[31m[1m^[22m[39m[31m[1m^[22m[39m[31
m[1m^[22m[39m[31m[1m^[22m[39m[31m[1m^[22m[39m[31m[1m^[22m[39m[31m[1m^[22m[39m[31m[1m^[22m[39m[31m[1m^[22m[39m[31
m[1m^[22m[39m[31m[1m^[22m[39m[31m[1m^[22m[39m[31m[1m^[22m[39m[31m[1m^[22m[39m[31m[1m^[22m[39m[31m[1m^[22m[39m[31
m[1m^[22m[39m[31m[1m^[22m[39m[31m[1m^[22m[39m[31m[1m^[22m[39m[31m[1m^[22m[39m[31m[1m^[22m[39m[31m[1m^[22m[39m[31
m[1m^[22m[39m[31m[1m^[22m[39m[31m[1m^[22m[39m[31m[1m^[22m[39m[31m[1m^[22m[39m[31m[1m^[22m[39m[31m[1m^[22m[39m[31
m[1m^[22m[39m
 [90m 4 |[39m [36mimport[39m { useRouter[33m,[39m useSearchParams } [36mfrom[39m [32m'next/navigation'[39m[33m;[39m
 [90m 5 |[39m [36mimport[39m { useState[33m,[39m useEffect } [36mfrom[39m [32m"react"[39m[33m;[39m
 [90m 6 |[39m [36mimport[39m { [33mAdminLayout[39m[33m,[39m [33mAdminSection[39m } [36mfrom[39m 
[32m"@/components/AdminLayout"[39m[33m;[39m[0m

Import map: aliased to relative './src/hooks/useAuth' inside of [project]/


Import traces:
  Client Component Browser:
    ./src/app/admin/page.tsx [Client Component Browser]
    ./src/app/admin/page.tsx [Server Component]

  Client Component SSR:
    ./src/app/admin/page.tsx [Client Component SSR]
    ./src/app/admin/page.tsx [Server Component]

https://nextjs.org/docs/messages/module-not-found


./src/app/admin/settings/page.tsx:3:1
Module not found: Can't resolve '@/hooks/useAuth'
[0m [90m 1 |[39m [32m'use client'[39m[33m;[39m
 [90m 2 |[39m
[31m[1m>[22m[39m[90m 3 |[39m [36mimport[39m { useAuth } [36mfrom[39m [32m'@/hooks/useAuth'[39m[33m;[39m
 [90m   |[39m [31m[1m^[22m[39m[31m[1m^[22m[39m[31m[1m^[22m[39m[31m[1m^[22m[39m[31m[1m^[22m[39m[31m[1m^[22m[39m[31
m[1m^[22m[39m[31m[1m^[22m[39m[31m[1m^[22m[39m[31m[1m^[22m[39m[31m[1m^[22m[39m[31m[1m^[22m[39m[31m[1m^[22m[39m[31
m[1m^[22m[39m[31m[1m^[22m[39m[31m[1m^[22m[39m[31m[1m^[22m[39m[31m[1m^[22m[39m[31m[1m^[22m[39m[31m[1m^[22m[39m[31
m[1m^[22m[39m[31m[1m^[22m[39m[31m[1m^[22m[39m[31m[1m^[22m[39m[31m[1m^[22m[39m[31m[1m^[22m[39m[31m[1m^[22m[39m[31
m[1m^[22m[39m[31m[1m^[22m[39m[31m[1m^[22m[39m[31m[1m^[22m[39m[31m[1m^[22m[39m[31m[1m^[22m[39m[31m[1m^[22m[39m[31
m[1m^[22m[39m[31m[1m^[22m[39m[31m[1m^[22m[39m[31m[1m^[22m[39m[31m[1m^[22m[39m[31m[1m^[22m[39m[31m[1m^[22m[39m[31
m[1m^[22m[39m
 [90m 4 |[39m [36mimport[39m { useRouter[33m,[39m useSearchParams } [36mfrom[39m [32m'next/navigation'[39m[33m;[39m
 [90m 5 |[39m [36mimport[39m { useEffect[33m,[39m useState } [36mfrom[39m [32m'react'[39m[33m;[39m
 [90m 6 |[39m [36mimport[39m { [33mAdminLayout[39m } [36mfrom[39m [32m'@/components/AdminLayout'[39m[33m;[39m[0m

Import map: aliased to relative './src/hooks/useAuth' inside of [project]/


Import traces:
  Client Component Browser:
    ./src/app/admin/settings/page.tsx [Client Component Browser]
    ./src/app/admin/settings/page.tsx [Server Component]

  Client Component SSR:
    ./src/app/admin/settings/page.tsx [Client Component SSR]
    ./src/app/admin/settings/page.tsx [Server Component]

https://nextjs.org/docs/messages/module-not-found


./src/app/contact/page.tsx:3:1
Module not found: Can't resolve '@/hooks/useAuth'
[0m [90m 1 |[39m [32m'use client'[39m[33m;[39m
 [90m 2 |[39m
[31m[1m>[22m[39m[90m 3 |[39m [36mimport[39m { useAuth } [36mfrom[39m [32m'@/hooks/useAuth'[39m[33m;[39m
 [90m   |[39m [31m[1m^[22m[39m[31m[1m^[22m[39m[31m[1m^[22m[39m[31m[1m^[22m[39m[31m[1m^[22m[39m[31m[1m^[22m[39m[31
m[1m^[22m[39m[31m[1m^[22m[39m[31m[1m^[22m[39m[31m[1m^[22m[39m[31m[1m^[22m[39m[31m[1m^[22m[39m[31m[1m^[22m[39m[31
m[1m^[22m[39m[31m[1m^[22m[39m[31m[1m^[22m[39m[31m[1m^[22m[39m[31m[1m^[22m[39m[31m[1m^[22m[39m[31m[1m^[22m[39m[31
m[1m^[22m[39m[31m[1m^[22m[39m[31m[1m^[22m[39m[31m[1m^[22m[39m[31m[1m^[22m[39m[31m[1m^[22m[39m[31m[1m^[22m[39m[31
m[1m^[22m[39m[31m[1m^[22m[39m[31m[1m^[22m[39m[31m[1m^[22m[39m[31m[1m^[22m[39m[31m[1m^[22m[39m[31m[1m^[22m[39m[31
m[1m^[22m[39m[31m[1m^[22m[39m[31m[1m^[22m[39m[31m[1m^[22m[39m[31m[1m^[22m[39m[31m[1m^[22m[39m[31m[1m^[22m[39m[31
m[1m^[22m[39m
 [90m 4 |[39m [36mimport[39m { [33mMail[39m[33m,[39m [33mInstagram[39m } [36mfrom[39m [32m'lucide-react'[39m[33m;[39m
 [90m 5 |[39m [36mimport[39m { [33mCard[39m[33m,[39m [33mCardContent[39m } [36mfrom[39m 
[32m'@/components/ui/card'[39m[33m;[39m
 [90m 6 |[39m [36mimport[39m { [33mHeader[39m } [36mfrom[39m [32m'@/components/Header'[39m[33m;[39m[0m

Import map: aliased to relative './src/hooks/useAuth' inside of [project]/


Import traces:
  Client Component Browser:
    ./src/app/contact/page.tsx [Client Component Browser]
    ./src/app/contact/page.tsx [Server Component]

  Client Component SSR:
    ./src/app/contact/page.tsx [Client Component SSR]
    ./src/app/contact/page.tsx [Server Component]

https://nextjs.org/docs/messages/module-not-found


./src/app/dashboard/page.tsx:3:1
Module not found: Can't resolve '@/hooks/useAuth'
[0m [90m 1 |[39m [32m'use client'[39m[33m;[39m
 [90m 2 |[39m
[31m[1m>[22m[39m[90m 3 |[39m [36mimport[39m { useAuth } [36mfrom[39m [32m'@/hooks/useAuth'[39m[33m;[39m
 [90m   |[39m [31m[1m^[22m[39m[31m[1m^[22m[39m[31m[1m^[22m[39m[31m[1m^[22m[39m[31m[1m^[22m[39m[31m[1m^[22m[39m[31
m[1m^[22m[39m[31m[1m^[22m[39m[31m[1m^[22m[39m[31m[1m^[22m[39m[31m[1m^[22m[39m[31m[1m^[22m[39m[31m[1m^[22m[39m[31
m[1m^[22m[39m[31m[1m^[22m[39m[31m[1m^[22m[39m[31m[1m^[22m[39m[31m[1m^[22m[39m[31m[1m^[22m[39m[31m[1m^[22m[39m[31
m[1m^[22m[39m[31m[1m^[22m[39m[31m[1m^[22m[39m[31m[1m^[22m[39m[31m[1m^[22m[39m[31m[1m^[22m[39m[31m[1m^[22m[39m[31
m[1m^[22m[39m[31m[1m^[22m[39m[31m[1m^[22m[39m[31m[1m^[22m[39m[31m[1m^[22m[39m[31m[1m^[22m[39m[31m[1m^[22m[39m[31
m[1m^[22m[39m[31m[1m^[22m[39m[31m[1m^[22m[39m[31m[1m^[22m[39m[31m[1m^[22m[39m[31m[1m^[22m[39m[31m[1m^[22m[39m[31
m[1m^[22m[39m
 [90m 4 |[39m [36mimport[39m [33mLink[39m [36mfrom[39m [32m'next/link'[39m[33m;[39m
 [90m 5 |[39m [36mimport[39m { useRouter } [36mfrom[39m [32m'next/navigation'[39m[33m;[39m
 [90m 6 |[39m [36mimport[39m { useEffect[33m,[39m useState } [36mfrom[39m [32m'react'[39m[33m;[39m[0m

Import map: aliased to relative './src/hooks/useAuth' inside of [project]/


Import traces:
  Client Component Browser:
    ./src/app/dashboard/page.tsx [Client Component Browser]
    ./src/app/dashboard/page.tsx [Server Component]

  Client Component SSR:
    ./src/app/dashboard/page.tsx [Client Component SSR]
    ./src/app/dashboard/page.tsx [Server Component]

https://nextjs.org/docs/messages/module-not-found


./src/app/events/[id]/page.tsx:3:1
Module not found: Can't resolve '@/hooks/useAuth'
[0m [90m 1 |[39m [32m'use client'[39m[33m;[39m
 [90m 2 |[39m
[31m[1m>[22m[39m[90m 3 |[39m [36mimport[39m { useAuth } [36mfrom[39m [32m'@/hooks/useAuth'[39m[33m;[39m
 [90m   |[39m [31m[1m^[22m[39m[31m[1m^[22m[39m[31m[1m^[22m[39m[31m[1m^[22m[39m[31m[1m^[22m[39m[31m[1m^[22m[39m[31
m[1m^[22m[39m[31m[1m^[22m[39m[31m[1m^[22m[39m[31m[1m^[22m[39m[31m[1m^[22m[39m[31m[1m^[22m[39m[31m[1m^[22m[39m[31
m[1m^[22m[39m[31m[1m^[22m[39m[31m[1m^[22m[39m[31m[1m^[22m[39m[31m[1m^[22m[39m[31m[1m^[22m[39m[31m[1m^[22m[39m[31
m[1m^[22m[39m[31m[1m^[22m[39m[31m[1m^[22m[39m[31m[1m^[22m[39m[31m[1m^[22m[39m[31m[1m^[22m[39m[31m[1m^[22m[39m[31
m[1m^[22m[39m[31m[1m^[22m[39m[31m[1m^[22m[39m[31m[1m^[22m[39m[31m[1m^[22m[39m[31m[1m^[22m[39m[31m[1m^[22m[39m[31
m[1m^[22m[39m[31m[1m^[22m[39m[31m[1m^[22m[39m[31m[1m^[22m[39m[31m[1m^[22m[39m[31m[1m^[22m[39m[31m[1m^[22m[39m[31
m[1m^[22m[39m
 [90m 4 |[39m [36mimport[39m [33mLink[39m [36mfrom[39m [32m'next/link'[39m[33m;[39m
 [90m 5 |[39m [36mimport[39m { useParams[33m,[39m useRouter } [36mfrom[39m [32m'next/navigation'[39m[33m;[39m
 [90m 6 |[39m [36mimport[39m { useState[33m,[39m useEffect } [36mfrom[39m [32m'react'[39m[33m;[39m[0m

Import map: aliased to relative './src/hooks/useAuth' inside of [project]/


Import traces:
  Client Component Browser:
    ./src/app/events/[id]/page.tsx [Client Component Browser]
    ./src/app/events/[id]/page.tsx [Server Component]

  Client Component SSR:
    ./src/app/events/[id]/page.tsx [Client Component SSR]
    ./src/app/events/[id]/page.tsx [Server Component]

https://nextjs.org/docs/messages/module-not-found


./src/app/events/page.tsx:3:1
Module not found: Can't resolve '@/hooks/useAuth'
[0m [90m 1 |[39m [32m'use client'[39m[33m;[39m
 [90m 2 |[39m
[31m[1m>[22m[39m[90m 3 |[39m [36mimport[39m { useAuth } [36mfrom[39m [32m'@/hooks/useAuth'[39m[33m;[39m
 [90m   |[39m [31m[1m^[22m[39m[31m[1m^[22m[39m[31m[1m^[22m[39m[31m[1m^[22m[39m[31m[1m^[22m[39m[31m[1m^[22m[39m[31
m[1m^[22m[39m[31m[1m^[22m[39m[31m[1m^[22m[39m[31m[1m^[22m[39m[31m[1m^[22m[39m[31m[1m^[22m[39m[31m[1m^[22m[39m[31
m[1m^[22m[39m[31m[1m^[22m[39m[31m[1m^[22m[39m[31m[1m^[22m[39m[31m[1m^[22m[39m[31m[1m^[22m[39m[31m[1m^[22m[39m[31
m[1m^[22m[39m[31m[1m^[22m[39m[31m[1m^[22m[39m[31m[1m^[22m[39m[31m[1m^[22m[39m[31m[1m^[22m[39m[31m[1m^[22m[39m[31
m[1m^[22m[39m[31m[1m^[22m[39m[31m[1m^[22m[39m[31m[1m^[22m[39m[31m[1m^[22m[39m[31m[1m^[22m[39m[31m[1m^[22m[39m[31
m[1m^[22m[39m[31m[1m^[22m[39m[31m[1m^[22m[39m[31m[1m^[22m[39m[31m[1m^[22m[39m[31m[1m^[22m[39m[31m[1m^[22m[39m[31
m[1m^[22m[39m
 [90m 4 |[39m [36mimport[39m { useRouter } [36mfrom[39m [32m'next/navigation'[39m[33m;[39m
 [90m 5 |[39m [36mimport[39m { useState[33m,[39m useEffect[33m,[39m useMemo } [36mfrom[39m [32m'react'[39m[33m;[39m
 [90m 6 |[39m [36mimport[39m { [33mSectionErrorBoundary[39m } [36mfrom[39m 
[32m'@/components/SectionErrorBoundary'[39m[33m;[39m[0m

Import map: aliased to relative './src/hooks/useAuth' inside of [project]/


Import traces:
  Client Component Browser:
    ./src/app/events/page.tsx [Client Component Browser]
    ./src/app/events/page.tsx [Server Component]

  Client Component SSR:
    ./src/app/events/page.tsx [Client Component SSR]
    ./src/app/events/page.tsx [Server Component]

https://nextjs.org/docs/messages/module-not-found


./src/app/payment-success/page.tsx:3:1
Module not found: Can't resolve '@/hooks/useAuth'
[0m [90m 1 |[39m [32m'use client'[39m[33m;[39m
 [90m 2 |[39m
[31m[1m>[22m[39m[90m 3 |[39m [36mimport[39m { useAuth } [36mfrom[39m [32m'@/hooks/useAuth'[39m[33m;[39m
 [90m   |[39m [31m[1m^[22m[39m[31m[1m^[22m[39m[31m[1m^[22m[39m[31m[1m^[22m[39m[31m[1m^[22m[39m[31m[1m^[22m[39m[31
m[1m^[22m[39m[31m[1m^[22m[39m[31m[1m^[22m[39m[31m[1m^[22m[39m[31m[1m^[22m[39m[31m[1m^[22m[39m[31m[1m^[22m[39m[31
m[1m^[22m[39m[31m[1m^[22m[39m[31m[1m^[22m[39m[31m[1m^[22m[39m[31m[1m^[22m[39m[31m[1m^[22m[39m[31m[1m^[22m[39m[31
m[1m^[22m[39m[31m[1m^[22m[39m[31m[1m^[22m[39m[31m[1m^[22m[39m[31m[1m^[22m[39m[31m[1m^[22m[39m[31m[1m^[22m[39m[31
m[1m^[22m[39m[31m[1m^[22m[39m[31m[1m^[22m[39m[31m[1m^[22m[39m[31m[1m^[22m[39m[31m[1m^[22m[39m[31m[1m^[22m[39m[31
m[1m^[22m[39m[31m[1m^[22m[39m[31m[1m^[22m[39m[31m[1m^[22m[39m[31m[1m^[22m[39m[31m[1m^[22m[39m[31m[1m^[22m[39m[31
m[1m^[22m[39m
 [90m 4 |[39m [36mimport[39m [33mLink[39m [36mfrom[39m [32m'next/link'[39m[33m;[39m
 [90m 5 |[39m [36mimport[39m { useSearchParams } [36mfrom[39m [32m'next/navigation'[39m[33m;[39m
 [90m 6 |[39m [36mimport[39m { useEffect[33m,[39m useState } [36mfrom[39m [32m'react'[39m[33m;[39m[0m

Import map: aliased to relative './src/hooks/useAuth' inside of [project]/


Import traces:
  Client Component Browser:
    ./src/app/payment-success/page.tsx [Client Component Browser]
    ./src/app/payment-success/page.tsx [Server Component]

  Client Component SSR:
    ./src/app/payment-success/page.tsx [Client Component SSR]
    ./src/app/payment-success/page.tsx [Server Component]

https://nextjs.org/docs/messages/module-not-found


./src/app/privacy/page.tsx:3:1
Module not found: Can't resolve '@/hooks/useAuth'
[0m [90m 1 |[39m [32m'use client'[39m[33m;[39m
 [90m 2 |[39m
[31m[1m>[22m[39m[90m 3 |[39m [36mimport[39m { useAuth } [36mfrom[39m [32m'@/hooks/useAuth'[39m[33m;[39m
 [90m   |[39m [31m[1m^[22m[39m[31m[1m^[22m[39m[31m[1m^[22m[39m[31m[1m^[22m[39m[31m[1m^[22m[39m[31m[1m^[22m[39m[31
m[1m^[22m[39m[31m[1m^[22m[39m[31m[1m^[22m[39m[31m[1m^[22m[39m[31m[1m^[22m[39m[31m[1m^[22m[39m[31m[1m^[22m[39m[31
m[1m^[22m[39m[31m[1m^[22m[39m[31m[1m^[22m[39m[31m[1m^[22m[39m[31m[1m^[22m[39m[31m[1m^[22m[39m[31m[1m^[22m[39m[31
m[1m^[22m[39m[31m[1m^[22m[39m[31m[1m^[22m[39m[31m[1m^[22m[39m[31m[1m^[22m[39m[31m[1m^[22m[39m[31m[1m^[22m[39m[31
m[1m^[22m[39m[31m[1m^[22m[39m[31m[1m^[22m[39m[31m[1m^[22m[39m[31m[1m^[22m[39m[31m[1m^[22m[39m[31m[1m^[22m[39m[31
m[1m^[22m[39m[31m[1m^[22m[39m[31m[1m^[22m[39m[31m[1m^[22m[39m[31m[1m^[22m[39m[31m[1m^[22m[39m[31m[1m^[22m[39m[31
m[1m^[22m[39m
 [90m 4 |[39m [36mimport[39m { [33mHeader[39m } [36mfrom[39m [32m'@/components/Header'[39m[33m;[39m
 [90m 5 |[39m [36mimport[39m { usePageTitle } [36mfrom[39m [32m'@/hooks/usePageTitle'[39m[33m;[39m
 [90m 6 |[39m[0m

Import map: aliased to relative './src/hooks/useAuth' inside of [project]/


Import traces:
  Client Component Browser:
    ./src/app/privacy/page.tsx [Client Component Browser]
    ./src/app/privacy/page.tsx [Server Component]

  Client Component SSR:
    ./src/app/privacy/page.tsx [Client Component SSR]
    ./src/app/privacy/page.tsx [Server Component]

https://nextjs.org/docs/messages/module-not-found


./src/app/settings/page.tsx:3:1
Module not found: Can't resolve '@/hooks/useAuth'
[0m [90m 1 |[39m [32m'use client'[39m[33m;[39m
 [90m 2 |[39m
[31m[1m>[22m[39m[90m 3 |[39m [36mimport[39m { useAuth } [36mfrom[39m [32m'@/hooks/useAuth'[39m[33m;[39m
 [90m   |[39m [31m[1m^[22m[39m[31m[1m^[22m[39m[31m[1m^[22m[39m[31m[1m^[22m[39m[31m[1m^[22m[39m[31m[1m^[22m[39m[31
m[1m^[22m[39m[31m[1m^[22m[39m[31m[1m^[22m[39m[31m[1m^[22m[39m[31m[1m^[22m[39m[31m[1m^[22m[39m[31m[1m^[22m[39m[31
m[1m^[22m[39m[31m[1m^[22m[39m[31m[1m^[22m[39m[31m[1m^[22m[39m[31m[1m^[22m[39m[31m[1m^[22m[39m[31m[1m^[22m[39m[31
m[1m^[22m[39m[31m[1m^[22m[39m[31m[1m^[22m[39m[31m[1m^[22m[39m[31m[1m^[22m[39m[31m[1m^[22m[39m[31m[1m^[22m[39m[31
m[1m^[22m[39m[31m[1m^[22m[39m[31m[1m^[22m[39m[31m[1m^[22m[39m[31m[1m^[22m[39m[31m[1m^[22m[39m[31m[1m^[22m[39m[31
m[1m^[22m[39m[31m[1m^[22m[39m[31m[1m^[22m[39m[31m[1m^[22m[39m[31m[1m^[22m[39m[31m[1m^[22m[39m[31m[1m^[22m[39m[31
m[1m^[22m[39m
 [90m 4 |[39m [36mimport[39m { useRouter } [36mfrom[39m [32m'next/navigation'[39m[33m;[39m
 [90m 5 |[39m [36mimport[39m { useState[33m,[39m useEffect } [36mfrom[39m [32m'react'[39m[33m;[39m
 [90m 6 |[39m [36mimport[39m { usePageTitle } [36mfrom[39m [32m'@/hooks/usePageTitle'[39m[33m;[39m[0m

Import map: aliased to relative './src/hooks/useAuth' inside of [project]/


Import traces:
  Client Component Browser:
    ./src/app/settings/page.tsx [Client Component Browser]
    ./src/app/settings/page.tsx [Server Component]

  Client Component SSR:
    ./src/app/settings/page.tsx [Client Component SSR]
    ./src/app/settings/page.tsx [Server Component]

https://nextjs.org/docs/messages/module-not-found


./src/app/signup/page.tsx:3:1
Module not found: Can't resolve '@/hooks/useAuth'
[0m [90m 1 |[39m [32m'use client'[39m[33m;[39m
 [90m 2 |[39m
[31m[1m>[22m[39m[90m 3 |[39m [36mimport[39m { useAuth } [36mfrom[39m [32m'@/hooks/useAuth'[39m[33m;[39m
 [90m   |[39m [31m[1m^[22m[39m[31m[1m^[22m[39m[31m[1m^[22m[39m[31m[1m^[22m[39m[31m[1m^[22m[39m[31m[1m^[22m[39m[31
m[1m^[22m[39m[31m[1m^[22m[39m[31m[1m^[22m[39m[31m[1m^[22m[39m[31m[1m^[22m[39m[31m[1m^[22m[39m[31m[1m^[22m[39m[31
m[1m^[22m[39m[31m[1m^[22m[39m[31m[1m^[22m[39m[31m[1m^[22m[39m[31m[1m^[22m[39m[31m[1m^[22m[39m[31m[1m^[22m[39m[31
m[1m^[22m[39m[31m[1m^[22m[39m[31m[1m^[22m[39m[31m[1m^[22m[39m[31m[1m^[22m[39m[31m[1m^[22m[39m[31m[1m^[22m[39m[31
m[1m^[22m[39m[31m[1m^[22m[39m[31m[1m^[22m[39m[31m[1m^[22m[39m[31m[1m^[22m[39m[31m[1m^[22m[39m[31m[1m^[22m[39m[31
m[1m^[22m[39m[31m[1m^[22m[39m[31m[1m^[22m[39m[31m[1m^[22m[39m[31m[1m^[22m[39m[31m[1m^[22m[39m[31m[1m^[22m[39m[31
m[1m^[22m[39m
 [90m 4 |[39m [36mimport[39m [33mLink[39m [36mfrom[39m [32m'next/link'[39m[33m;[39m
 [90m 5 |[39m [36mimport[39m { useRouter } [36mfrom[39m [32m'next/navigation'[39m[33m;[39m
 [90m 6 |[39m [36mimport[39m { useState[33m,[39m useEffect } [36mfrom[39m [32m'react'[39m[33m;[39m[0m

Import map: aliased to relative './src/hooks/useAuth' inside of [project]/


Import traces:
  Client Component Browser:
    ./src/app/signup/page.tsx [Client Component Browser]
    ./src/app/signup/page.tsx [Server Component]

  Client Component SSR:
    ./src/app/signup/page.tsx [Client Component SSR]
    ./src/app/signup/page.tsx [Server Component]

https://nextjs.org/docs/messages/module-not-found


./src/app/social/page.tsx:3:1
Module not found: Can't resolve '@/hooks/useAuth'
[0m [90m 1 |[39m [32m'use client'[39m[33m;[39m
 [90m 2 |[39m
[31m[1m>[22m[39m[90m 3 |[39m [36mimport[39m { useAuth } [36mfrom[39m [32m'@/hooks/useAuth'[39m[33m;[39m
 [90m   |[39m [31m[1m^[22m[39m[31m[1m^[22m[39m[31m[1m^[22m[39m[31m[1m^[22m[39m[31m[1m^[22m[39m[31m[1m^[22m[39m[31
m[1m^[22m[39m[31m[1m^[22m[39m[31m[1m^[22m[39m[31m[1m^[22m[39m[31m[1m^[22m[39m[31m[1m^[22m[39m[31m[1m^[22m[39m[31
m[1m^[22m[39m[31m[1m^[22m[39m[31m[1m^[22m[39m[31m[1m^[22m[39m[31m[1m^[22m[39m[31m[1m^[22m[39m[31m[1m^[22m[39m[31
m[1m^[22m[39m[31m[1m^[22m[39m[31m[1m^[22m[39m[31m[1m^[22m[39m[31m[1m^[22m[39m[31m[1m^[22m[39m[31m[1m^[22m[39m[31
m[1m^[22m[39m[31m[1m^[22m[39m[31m[1m^[22m[39m[31m[1m^[22m[39m[31m[1m^[22m[39m[31m[1m^[22m[39m[31m[1m^[22m[39m[31
m[1m^[22m[39m[31m[1m^[22m[39m[31m[1m^[22m[39m[31m[1m^[22m[39m[31m[1m^[22m[39m[31m[1m^[22m[39m[31m[1m^[22m[39m[31
m[1m^[22m[39m
 [90m 4 |[39m [36mimport[39m { useRouter } [36mfrom[39m [32m'next/navigation'[39m[33m;[39m
 [90m 5 |[39m [36mimport[39m { useEffect[33m,[39m useState[33m,[39m useMemo } [36mfrom[39m [32m'react'[39m[33m;[39m
 [90m 6 |[39m [36mimport[39m { [33mHeader[39m } [36mfrom[39m [32m'@/components/Header'[39m[33m;[39m[0m

Import map: aliased to relative './src/hooks/useAuth' inside of [project]/


Import traces:
  Client Component Browser:
    ./src/app/social/page.tsx [Client Component Browser]
    ./src/app/social/page.tsx [Server Component]

  Client Component SSR:
    ./src/app/social/page.tsx [Client Component SSR]
    ./src/app/social/page.tsx [Server Component]

https://nextjs.org/docs/messages/module-not-found


./src/app/terms/page.tsx:3:1
Module not found: Can't resolve '@/hooks/useAuth'
[0m [90m 1 |[39m [32m'use client'[39m[33m;[39m
 [90m 2 |[39m
[31m[1m>[22m[39m[90m 3 |[39m [36mimport[39m { useAuth } [36mfrom[39m [32m'@/hooks/useAuth'[39m[33m;[39m
 [90m   |[39m [31m[1m^[22m[39m[31m[1m^[22m[39m[31m[1m^[22m[39m[31m[1m^[22m[39m[31m[1m^[22m[39m[31m[1m^[22m[39m[31
m[1m^[22m[39m[31m[1m^[22m[39m[31m[1m^[22m[39m[31m[1m^[22m[39m[31m[1m^[22m[39m[31m[1m^[22m[39m[31m[1m^[22m[39m[31
m[1m^[22m[39m[31m[1m^[22m[39m[31m[1m^[22m[39m[31m[1m^[22m[39m[31m[1m^[22m[39m[31m[1m^[22m[39m[31m[1m^[22m[39m[31
m[1m^[22m[39m[31m[1m^[22m[39m[31m[1m^[22m[39m[31m[1m^[22m[39m[31m[1m^[22m[39m[31m[1m^[22m[39m[31m[1m^[22m[39m[31
m[1m^[22m[39m[31m[1m^[22m[39m[31m[1m^[22m[39m[31m[1m^[22m[39m[31m[1m^[22m[39m[31m[1m^[22m[39m[31m[1m^[22m[39m[31
m[1m^[22m[39m[31m[1m^[22m[39m[31m[1m^[22m[39m[31m[1m^[22m[39m[31m[1m^[22m[39m[31m[1m^[22m[39m[31m[1m^[22m[39m[31
m[1m^[22m[39m
 [90m 4 |[39m [36mimport[39m { [33mHeader[39m } [36mfrom[39m [32m'@/components/Header'[39m[33m;[39m
 [90m 5 |[39m [36mimport[39m { usePageTitle } [36mfrom[39m [32m'@/hooks/usePageTitle'[39m[33m;[39m
 [90m 6 |[39m[0m

Import map: aliased to relative './src/hooks/useAuth' inside of [project]/


Import traces:
  Client Component Browser:
    ./src/app/terms/page.tsx [Client Component Browser]
    ./src/app/terms/page.tsx [Server Component]

  Client Component SSR:
    ./src/app/terms/page.tsx [Client Component SSR]
    ./src/app/terms/page.tsx [Server Component]

https://nextjs.org/docs/messages/module-not-found


./src/app/verify-email/page.tsx:3:1
Module not found: Can't resolve '@/hooks/useAuth'
[0m [90m 1 |[39m [32m'use client'[39m[33m;[39m
 [90m 2 |[39m
[31m[1m>[22m[39m[90m 3 |[39m [36mimport[39m { useAuth } [36mfrom[39m [32m'@/hooks/useAuth'[39m[33m;[39m
 [90m   |[39m [31m[1m^[22m[39m[31m[1m^[22m[39m[31m[1m^[22m[39m[31m[1m^[22m[39m[31m[1m^[22m[39m[31m[1m^[22m[39m[31
m[1m^[22m[39m[31m[1m^[22m[39m[31m[1m^[22m[39m[31m[1m^[22m[39m[31m[1m^[22m[39m[31m[1m^[22m[39m[31m[1m^[22m[39m[31
m[1m^[22m[39m[31m[1m^[22m[39m[31m[1m^[22m[39m[31m[1m^[22m[39m[31m[1m^[22m[39m[31m[1m^[22m[39m[31m[1m^[22m[39m[31
m[1m^[22m[39m[31m[1m^[22m[39m[31m[1m^[22m[39m[31m[1m^[22m[39m[31m[1m^[22m[39m[31m[1m^[22m[39m[31m[1m^[22m[39m[31
m[1m^[22m[39m[31m[1m^[22m[39m[31m[1m^[22m[39m[31m[1m^[22m[39m[31m[1m^[22m[39m[31m[1m^[22m[39m[31m[1m^[22m[39m[31
m[1m^[22m[39m[31m[1m^[22m[39m[31m[1m^[22m[39m[31m[1m^[22m[39m[31m[1m^[22m[39m[31m[1m^[22m[39m[31m[1m^[22m[39m[31
m[1m^[22m[39m
 [90m 4 |[39m [36mimport[39m [33mLink[39m [36mfrom[39m [32m'next/link'[39m[33m;[39m
 [90m 5 |[39m [36mimport[39m { useRouter[33m,[39m useSearchParams } [36mfrom[39m [32m'next/navigation'[39m[33m;[39m
 [90m 6 |[39m [36mimport[39m { useState[33m,[39m useEffect } [36mfrom[39m [32m'react'[39m[33m;[39m[0m

Import map: aliased to relative './src/hooks/useAuth' inside of [project]/


Import traces:
  Client Component Browser:
    ./src/app/verify-email/page.tsx [Client Component Browser]
    ./src/app/verify-email/page.tsx [Server Component]

  Client Component SSR:
    ./src/app/verify-email/page.tsx [Client Component SSR]
    ./src/app/verify-email/page.tsx [Server Component]

https://nextjs.org/docs/messages/module-not-found


./src/components/admin/AdminMembersTab.tsx:3:1
Module not found: Can't resolve '@/hooks/useAuth'
[0m [90m 1 |[39m [32m'use client'[39m[33m;[39m
 [90m 2 |[39m
[31m[1m>[22m[39m[90m 3 |[39m [36mimport[39m { useAuth } [36mfrom[39m [32m'@/hooks/useAuth'[39m[33m;[39m
 [90m   |[39m [31m[1m^[22m[39m[31m[1m^[22m[39m[31m[1m^[22m[39m[31m[1m^[22m[39m[31m[1m^[22m[39m[31m[1m^[22m[39m[31
m[1m^[22m[39m[31m[1m^[22m[39m[31m[1m^[22m[39m[31m[1m^[22m[39m[31m[1m^[22m[39m[31m[1m^[22m[39m[31m[1m^[22m[39m[31
m[1m^[22m[39m[31m[1m^[22m[39m[31m[1m^[22m[39m[31m[1m^[22m[39m[31m[1m^[22m[39m[31m[1m^[22m[39m[31m[1m^[22m[39m[31
m[1m^[22m[39m[31m[1m^[22m[39m[31m[1m^[22m[39m[31m[1m^[22m[39m[31m[1m^[22m[39m[31m[1m^[22m[39m[31m[1m^[22m[39m[31
m[1m^[22m[39m[31m[1m^[22m[39m[31m[1m^[22m[39m[31m[1m^[22m[39m[31m[1m^[22m[39m[31m[1m^[22m[39m[31m[1m^[22m[39m[31
m[1m^[22m[39m[31m[1m^[22m[39m[31m[1m^[22m[39m[31m[1m^[22m[39m[31m[1m^[22m[39m[31m[1m^[22m[39m[31m[1m^[22m[39m[31
m[1m^[22m[39m
 [90m 4 |[39m [36mimport[39m { useRouter[33m,[39m useSearchParams } [36mfrom[39m [32m'next/navigation'[39m[33m;[39m
 [90m 5 |[39m [36mimport[39m { useState } [36mfrom[39m [32m'react'[39m[33m;[39m
 [90m 6 |[39m [36mimport[39m { useQuery[33m,[39m useMutation[33m,[39m useQueryClient } [36mfrom[39m 
[32m'@tanstack/react-query'[39m[33m;[39m[0m

Import map: aliased to relative './src/hooks/useAuth' inside of [project]/


Import traces:
  Client Component Browser:
    ./src/components/admin/AdminMembersTab.tsx [Client Component Browser]
    ./src/app/admin/page.tsx [Client Component Browser]
    ./src/app/admin/page.tsx [Server Component]

  Client Component SSR:
    ./src/components/admin/AdminMembersTab.tsx [Client Component SSR]
    ./src/app/admin/page.tsx [Client Component SSR]
    ./src/app/admin/page.tsx [Server Component]

https://nextjs.org/docs/messages/module-not-found


./src/hooks/useTicketActions.ts:3:1
Module not found: Can't resolve '@/hooks/useAuth'
[0m [90m 1 |[39m [32m'use client'[39m[33m;[39m
 [90m 2 |[39m
[31m[1m>[22m[39m[90m 3 |[39m [36mimport[39m { useAuth } [36mfrom[39m [32m'@/hooks/useAuth'[39m[33m;[39m
 [90m   |[39m [31m[1m^[22m[39m[31m[1m^[22m[39m[31m[1m^[22m[39m[31m[1m^[22m[39m[31m[1m^[22m[39m[31m[1m^[22m[39m[31
m[1m^[22m[39m[31m[1m^[22m[39m[31m[1m^[22m[39m[31m[1m^[22m[39m[31m[1m^[22m[39m[31m[1m^[22m[39m[31m[1m^[22m[39m[31
m[1m^[22m[39m[31m[1m^[22m[39m[31m[1m^[22m[39m[31m[1m^[22m[39m[31m[1m^[22m[39m[31m[1m^[22m[39m[31m[1m^[22m[39m[31
m[1m^[22m[39m[31m[1m^[22m[39m[31m[1m^[22m[39m[31m[1m^[22m[39m[31m[1m^[22m[39m[31m[1m^[22m[39m[31m[1m^[22m[39m[31
m[1m^[22m[39m[31m[1m^[22m[39m[31m[1m^[22m[39m[31m[1m^[22m[39m[31m[1m^[22m[39m[31m[1m^[22m[39m[31m[1m^[22m[39m[31
m[1m^[22m[39m[31m[1m^[22m[39m[31m[1m^[22m[39m[31m[1m^[22m[39m[31m[1m^[22m[39m[31m[1m^[22m[39m[31m[1m^[22m[39m[31
m[1m^[22m[39m
 [90m 4 |[39m [36mimport[39m { useState[33m,[39m useEffect[33m,[39m useCallback } [36mfrom[39m [32m'react'[39m[33m;[39m
 [90m 5 |[39m [36mimport[39m { format } [36mfrom[39m [32m'date-fns'[39m[33m;[39m
 [90m 6 |[39m [36mimport[39m { supabase } [36mfrom[39m [32m'@/integrations/supabase/client'[39m[33m;[39m[0m

Import map: aliased to relative './src/hooks/useAuth' inside of [project]/


Import traces:
  Client Component Browser:
    ./src/hooks/useTicketActions.ts [Client Component Browser]
    ./src/app/events/page.tsx [Client Component Browser]
    ./src/app/events/page.tsx [Server Component]

  Client Component SSR:
    ./src/hooks/useTicketActions.ts [Client Component SSR]
    ./src/app/events/page.tsx [Client Component SSR]
    ./src/app/events/page.tsx [Server Component]

https://nextjs.org/docs/messages/module-not-found


./src/app/admin/import-members/page.tsx:8:1
Module not found: Can't resolve '@/integrations/supabase/client'
[0m [90m  6 |[39m [36mimport[39m { usePageTitle } [36mfrom[39m [32m"@/hooks/usePageTitle"[39m[33m;[39m
 [90m  7 |[39m [36mimport[39m { [33mAdminLayout[39m } [36mfrom[39m [32m"@/components/AdminLayout"[39m[33m;[39m
[31m[1m>[22m[39m[90m  8 |[39m [36mimport[39m { supabase } [36mfrom[39m [32m"@/integrations/supabase/client"[39m[33m;[39m
 [90m    |[39m [31m[1m^[22m[39m[31m[1m^[22m[39m[31m[1m^[22m[39m[31m[1m^[22m[39m[31m[1m^[22m[39m[31m[1m^[22m[39m[3
1m[1m^[22m[39m[31m[1m^[22m[39m[31m[1m^[22m[39m[31m[1m^[22m[39m[31m[1m^[22m[39m[31m[1m^[22m[39m[31m[1m^[22m[39m[3
1m[1m^[22m[39m[31m[1m^[22m[39m[31m[1m^[22m[39m[31m[1m^[22m[39m[31m[1m^[22m[39m[31m[1m^[22m[39m[31m[1m^[22m[39m[3
1m[1m^[22m[39m[31m[1m^[22m[39m[31m[1m^[22m[39m[31m[1m^[22m[39m[31m[1m^[22m[39m[31m[1m^[22m[39m[31m[1m^[22m[39m[3
1m[1m^[22m[39m[31m[1m^[22m[39m[31m[1m^[22m[39m[31m[1m^[22m[39m[31m[1m^[22m[39m[31m[1m^[22m[39m[31m[1m^[22m[39m[3
1m[1m^[22m[39m[31m[1m^[22m[39m[31m[1m^[22m[39m[31m[1m^[22m[39m[31m[1m^[22m[39m[31m[1m^[22m[39m[31m[1m^[22m[39m[3
1m[1m^[22m[39m[31m[1m^[22m[39m[31m[1m^[22m[39m[31m[1m^[22m[39m[31m[1m^[22m[39m[31m[1m^[22m[39m[31m[1m^[22m[39m[3
1m[1m^[22m[39m[31m[1m^[22m[39m[31m[1m^[22m[39m[31m[1m^[22m[39m[31m[1m^[22m[39m[31m[1m^[22m[39m[31m[1m^[22m[39m[3
1m[1m^[22m[39m[31m[1m^[22m[39m[31m[1m^[22m[39m
 [90m  9 |[39m [36mimport[39m { [33mCard[39m[33m,[39m [33mCardContent[39m } [36mfrom[39m 
[32m"@/components/ui/card"[39m[33m;[39m
 [90m 10 |[39m [36mimport[39m { [33mButton[39m } [36mfrom[39m [32m"@/components/ui/button"[39m[33m;[39m
 [90m 11 |[39m [36mimport[39m { [33mBadge[39m } [36mfrom[39m [32m"@/components/ui/badge"[39m[33m;[39m[0m

Import map: aliased to relative './src/integrations/supabase/client' inside of [project]/


Import traces:
  Client Component Browser:
    ./src/app/admin/import-members/page.tsx [Client Component Browser]
    ./src/app/admin/import-members/page.tsx [Server Component]

  Client Component SSR:
    ./src/app/admin/import-members/page.tsx [Client Component SSR]
    ./src/app/admin/import-members/page.tsx [Server Component]

https://nextjs.org/docs/messages/module-not-found


./src/app/admin/login/page.tsx:7:1
Module not found: Can't resolve '@/integrations/supabase/client'
[0m [90m  5 |[39m [36mimport[39m { useState } [36mfrom[39m [32m'react'[39m[33m;[39m
 [90m  6 |[39m [36mimport[39m { usePageTitle } [36mfrom[39m [32m'@/hooks/usePageTitle'[39m[33m;[39m
[31m[1m>[22m[39m[90m  7 |[39m [36mimport[39m { supabase } [36mfrom[39m [32m'@/integrations/supabase/client'[39m[33m;[39m
 [90m    |[39m [31m[1m^[22m[39m[31m[1m^[22m[39m[31m[1m^[22m[39m[31m[1m^[22m[39m[31m[1m^[22m[39m[31m[1m^[22m[39m[3
1m[1m^[22m[39m[31m[1m^[22m[39m[31m[1m^[22m[39m[31m[1m^[22m[39m[31m[1m^[22m[39m[31m[1m^[22m[39m[31m[1m^[22m[39m[3
1m[1m^[22m[39m[31m[1m^[22m[39m[31m[1m^[22m[39m[31m[1m^[22m[39m[31m[1m^[22m[39m[31m[1m^[22m[39m[31m[1m^[22m[39m[3
1m[1m^[22m[39m[31m[1m^[22m[39m[31m[1m^[22m[39m[31m[1m^[22m[39m[31m[1m^[22m[39m[31m[1m^[22m[39m[31m[1m^[22m[39m[3
1m[1m^[22m[39m[31m[1m^[22m[39m[31m[1m^[22m[39m[31m[1m^[22m[39m[31m[1m^[22m[39m[31m[1m^[22m[39m[31m[1m^[22m[39m[3
1m[1m^[22m[39m[31m[1m^[22m[39m[31m[1m^[22m[39m[31m[1m^[22m[39m[31m[1m^[22m[39m[31m[1m^[22m[39m[31m[1m^[22m[39m[3
1m[1m^[22m[39m[31m[1m^[22m[39m[31m[1m^[22m[39m[31m[1m^[22m[39m[31m[1m^[22m[39m[31m[1m^[22m[39m[31m[1m^[22m[39m[3
1m[1m^[22m[39m[31m[1m^[22m[39m[31m[1m^[22m[39m[31m[1m^[22m[39m[31m[1m^[22m[39m[31m[1m^[22m[39m[31m[1m^[22m[39m[3
1m[1m^[22m[39m[31m[1m^[22m[39m[31m[1m^[22m[39m
 [90m  8 |[39m [36mimport[39m { [33mButton[39m } [36mfrom[39m [32m'@/components/ui/button'[39m[33m;[39m
 [90m  9 |[39m [36mimport[39m { [33mInput[39m } [36mfrom[39m [32m'@/components/ui/input'[39m[33m;[39m
 [90m 10 |[39m [36mimport[39m { [33mLabel[39m } [36mfrom[39m [32m'@/components/ui/label'[39m[33m;[39m[0m

Import map: aliased to relative './src/integrations/supabase/client' inside of [project]/


Import traces:
  Client Component Browser:
    ./src/app/admin/login/page.tsx [Client Component Browser]
    ./src/app/admin/login/page.tsx [Server Component]

  Client Component SSR:
    ./src/app/admin/login/page.tsx [Client Component SSR]
    ./src/app/admin/login/page.tsx [Server Component]

https://nextjs.org/docs/messages/module-not-found


./src/app/admin/request-access/page.tsx:6:1
Module not found: Can't resolve '@/integrations/supabase/client'
[0m [90m 4 |[39m [36mimport[39m { useState } [36mfrom[39m [32m'react'[39m[33m;[39m
 [90m 5 |[39m [36mimport[39m { usePageTitle } [36mfrom[39m [32m'@/hooks/usePageTitle'[39m[33m;[39m
[31m[1m>[22m[39m[90m 6 |[39m [36mimport[39m { supabase } [36mfrom[39m [32m'@/integrations/supabase/client'[39m[33m;[39m
 [90m   |[39m [31m[1m^[22m[39m[31m[1m^[22m[39m[31m[1m^[22m[39m[31m[1m^[22m[39m[31m[1m^[22m[39m[31m[1m^[22m[39m[31
m[1m^[22m[39m[31m[1m^[22m[39m[31m[1m^[22m[39m[31m[1m^[22m[39m[31m[1m^[22m[39m[31m[1m^[22m[39m[31m[1m^[22m[39m[31
m[1m^[22m[39m[31m[1m^[22m[39m[31m[1m^[22m[39m[31m[1m^[22m[39m[31m[1m^[22m[39m[31m[1m^[22m[39m[31m[1m^[22m[39m[31
m[1m^[22m[39m[31m[1m^[22m[39m[31m[1m^[22m[39m[31m[1m^[22m[39m[31m[1m^[22m[39m[31m[1m^[22m[39m[31m[1m^[22m[39m[31
m[1m^[22m[39m[31m[1m^[22m[39m[31m[1m^[22m[39m[31m[1m^[22m[39m[31m[1m^[22m[39m[31m[1m^[22m[39m[31m[1m^[22m[39m[31
m[1m^[22m[39m[31m[1m^[22m[39m[31m[1m^[22m[39m[31m[1m^[22m[39m[31m[1m^[22m[39m[31m[1m^[22m[39m[31m[1m^[22m[39m[31
m[1m^[22m[39m[31m[1m^[22m[39m[31m[1m^[22m[39m[31m[1m^[22m[39m[31m[1m^[22m[39m[31m[1m^[22m[39m[31m[1m^[22m[39m[31
m[1m^[22m[39m[31m[1m^[22m[39m[31m[1m^[22m[39m[31m[1m^[22m[39m[31m[1m^[22m[39m[31m[1m^[22m[39m[31m[1m^[22m[39m[31
m[1m^[22m[39m[31m[1m^[22m[39m[31m[1m^[22m[39m
 [90m 7 |[39m [36mimport[39m { [33mButton[39m } [36mfrom[39m [32m'@/components/ui/button'[39m[33m;[39m
 [90m 8 |[39m [36mimport[39m { [33mInput[39m } [36mfrom[39m [32m'@/components/ui/input'[39m[33m;[39m
 [90m 9 |[39m [36mimport[39m { [33mLabel[39m } [36mfrom[39m [32m'@/components/ui/label'[39m[33m;[39m[0m

Import map: aliased to relative './src/integrations/supabase/client' inside of [project]/


Import traces:
  Client Component Browser:
    ./src/app/admin/request-access/page.tsx [Client Component Browser]
    ./src/app/admin/request-access/page.tsx [Server Component]

  Client Component SSR:
    ./src/app/admin/request-access/page.tsx [Client Component SSR]
    ./src/app/admin/request-access/page.tsx [Server Component]

https://nextjs.org/docs/messages/module-not-found


./src/app/admin/settings/page.tsx:8:1
Module not found: Can't resolve '@/integrations/supabase/client'
[0m [90m  6 |[39m [36mimport[39m { [33mAdminLayout[39m } [36mfrom[39m [32m'@/components/AdminLayout'[39m[33m;[39m
 [90m  7 |[39m [36mimport[39m { usePageTitle } [36mfrom[39m [32m'@/hooks/usePageTitle'[39m[33m;[39m
[31m[1m>[22m[39m[90m  8 |[39m [36mimport[39m { supabase } [36mfrom[39m [32m'@/integrations/supabase/client'[39m[33m;[39m
 [90m    |[39m [31m[1m^[22m[39m[31m[1m^[22m[39m[31m[1m^[22m[39m[31m[1m^[22m[39m[31m[1m^[22m[39m[31m[1m^[22m[39m[3
1m[1m^[22m[39m[31m[1m^[22m[39m[31m[1m^[22m[39m[31m[1m^[22m[39m[31m[1m^[22m[39m[31m[1m^[22m[39m[31m[1m^[22m[39m[3
1m[1m^[22m[39m[31m[1m^[22m[39m[31m[1m^[22m[39m[31m[1m^[22m[39m[31m[1m^[22m[39m[31m[1m^[22m[39m[31m[1m^[22m[39m[3
1m[1m^[22m[39m[31m[1m^[22m[39m[31m[1m^[22m[39m[31m[1m^[22m[39m[31m[1m^[22m[39m[31m[1m^[22m[39m[31m[1m^[22m[39m[3
1m[1m^[22m[39m[31m[1m^[22m[39m[31m[1m^[22m[39m[31m[1m^[22m[39m[31m[1m^[22m[39m[31m[1m^[22m[39m[31m[1m^[22m[39m[3
1m[1m^[22m[39m[31m[1m^[22m[39m[31m[1m^[22m[39m[31m[1m^[22m[39m[31m[1m^[22m[39m[31m[1m^[22m[39m[31m[1m^[22m[39m[3
1m[1m^[22m[39m[31m[1m^[22m[39m[31m[1m^[22m[39m[31m[1m^[22m[39m[31m[1m^[22m[39m[31m[1m^[22m[39m[31m[1m^[22m[39m[3
1m[1m^[22m[39m[31m[1m^[22m[39m[31m[1m^[22m[39m[31m[1m^[22m[39m[31m[1m^[22m[39m[31m[1m^[22m[39m[31m[1m^[22m[39m[3
1m[1m^[22m[39m[31m[1m^[22m[39m[31m[1m^[22m[39m
 [90m  9 |[39m [36mimport[39m { [33mAdminHomepageImages[39m } [36mfrom[39m [32m'@/components/AdminHomepageImages'[39m[33m;[39m
 [90m 10 |[39m [36mimport[39m { [33mApple[39m[33m,[39m [33mAlertCircle[39m[33m,[39m [33mUsers[39m[33m,[39m 
[33mCheck[39m[33m,[39m [33mX[39m[33m,[39m [33mTrash2[39m[33m,[39m [33mLoader2[39m[33m,[39m [33mShield[39m[33m,[39m 
[33mImage[39m[33m,[39m [33mUserPlus[39m } [36mfrom[39m [32m'lucide-react'[39m[33m;[39m
 [90m 11 |[39m [36mimport[39m { [33mGeneralSettings[39m } [36mfrom[39m [32m'@/components/admin/GeneralSettings'[39m[33m;[39m[0m

Import map: aliased to relative './src/integrations/supabase/client' inside of [project]/


Import traces:
  Client Component Browser:
    ./src/app/admin/settings/page.tsx [Client Component Browser]
    ./src/app/admin/settings/page.tsx [Server Component]

  Client Component SSR:
    ./src/app/admin/settings/page.tsx [Client Component SSR]
    ./src/app/admin/settings/page.tsx [Server Component]

https://nextjs.org/docs/messages/module-not-found


./src/app/dashboard/page.tsx:20:1
Module not found: Can't resolve '@/integrations/supabase/client'
[0m [90m 18 |[39m [36mimport[39m { [33mCrown[39m[33m,[39m [33mAlertCircle[39m[33m,[39m [33mCreditCard[39m[33m,[39m 
[33mLoader2[39m } [36mfrom[39m [32m'lucide-react'[39m[33m;[39m
 [90m 19 |[39m [36mimport[39m { [33mButton[39m } [36mfrom[39m [32m'@/components/ui/button'[39m[33m;[39m
[31m[1m>[22m[39m[90m 20 |[39m [36mimport[39m { supabase } [36mfrom[39m [32m'@/integrations/supabase/client'[39m[33m;[39m
 [90m    |[39m [31m[1m^[22m[39m[31m[1m^[22m[39m[31m[1m^[22m[39m[31m[1m^[22m[39m[31m[1m^[22m[39m[31m[1m^[22m[39m[3
1m[1m^[22m[39m[31m[1m^[22m[39m[31m[1m^[22m[39m[31m[1m^[22m[39m[31m[1m^[22m[39m[31m[1m^[22m[39m[31m[1m^[22m[39m[3
1m[1m^[22m[39m[31m[1m^[22m[39m[31m[1m^[22m[39m[31m[1m^[22m[39m[31m[1m^[22m[39m[31m[1m^[22m[39m[31m[1m^[22m[39m[3
1m[1m^[22m[39m[31m[1m^[22m[39m[31m[1m^[22m[39m[31m[1m^[22m[39m[31m[1m^[22m[39m[31m[1m^[22m[39m[31m[1m^[22m[39m[3
1m[1m^[22m[39m[31m[1m^[22m[39m[31m[1m^[22m[39m[31m[1m^[22m[39m[31m[1m^[22m[39m[31m[1m^[22m[39m[31m[1m^[22m[39m[3
1m[1m^[22m[39m[31m[1m^[22m[39m[31m[1m^[22m[39m[31m[1m^[22m[39m[31m[1m^[22m[39m[31m[1m^[22m[39m[31m[1m^[22m[39m[3
1m[1m^[22m[39m[31m[1m^[22m[39m[31m[1m^[22m[39m[31m[1m^[22m[39m[31m[1m^[22m[39m[31m[1m^[22m[39m[31m[1m^[22m[39m[3
1m[1m^[22m[39m[31m[1m^[22m[39m[31m[1m^[22m[39m[31m[1m^[22m[39m[31m[1m^[22m[39m[31m[1m^[22m[39m[31m[1m^[22m[39m[3
1m[1m^[22m[39m[31m[1m^[22m[39m[31m[1m^[22m[39m
 [90m 21 |[39m [36mimport[39m { toast } [36mfrom[39m [32m'sonner'[39m[33m;[39m
 [90m 22 |[39m
 [90m 23 |[39m [36mexport[39m [36mdefault[39m [36mfunction[39m [33mDashboard[39m() {[0m

Import map: aliased to relative './src/integrations/supabase/client' inside of [project]/


Import traces:
  Client Component Browser:
    ./src/app/dashboard/page.tsx [Client Component Browser]
    ./src/app/dashboard/page.tsx [Server Component]

  Client Component SSR:
    ./src/app/dashboard/page.tsx [Client Component SSR]
    ./src/app/dashboard/page.tsx [Server Component]

https://nextjs.org/docs/messages/module-not-found


./src/app/events/[id]/page.tsx:16:1
Module not found: Can't resolve '@/integrations/supabase/client'
[0m [90m 14 |[39m [36mimport[39m { useTicketActions } [36mfrom[39m [32m'@/hooks/useTicketActions'[39m[33m;[39m
 [90m 15 |[39m [36mimport[39m { [33mSEOJsonLd[39m } [36mfrom[39m [32m'@/components/SEOJsonLd'[39m[33m;[39m
[31m[1m>[22m[39m[90m 16 |[39m [36mimport[39m { supabase } [36mfrom[39m [32m'@/integrations/supabase/client'[39m[33m;[39m
 [90m    |[39m [31m[1m^[22m[39m[31m[1m^[22m[39m[31m[1m^[22m[39m[31m[1m^[22m[39m[31m[1m^[22m[39m[31m[1m^[22m[39m[3
1m[1m^[22m[39m[31m[1m^[22m[39m[31m[1m^[22m[39m[31m[1m^[22m[39m[31m[1m^[22m[39m[31m[1m^[22m[39m[31m[1m^[22m[39m[3
1m[1m^[22m[39m[31m[1m^[22m[39m[31m[1m^[22m[39m[31m[1m^[22m[39m[31m[1m^[22m[39m[31m[1m^[22m[39m[31m[1m^[22m[39m[3
1m[1m^[22m[39m[31m[1m^[22m[39m[31m[1m^[22m[39m[31m[1m^[22m[39m[31m[1m^[22m[39m[31m[1m^[22m[39m[31m[1m^[22m[39m[3
1m[1m^[22m[39m[31m[1m^[22m[39m[31m[1m^[22m[39m[31m[1m^[22m[39m[31m[1m^[22m[39m[31m[1m^[22m[39m[31m[1m^[22m[39m[3
1m[1m^[22m[39m[31m[1m^[22m[39m[31m[1m^[22m[39m[31m[1m^[22m[39m[31m[1m^[22m[39m[31m[1m^[22m[39m[31m[1m^[22m[39m[3
1m[1m^[22m[39m[31m[1m^[22m[39m[31m[1m^[22m[39m[31m[1m^[22m[39m[31m[1m^[22m[39m[31m[1m^[22m[39m[31m[1m^[22m[39m[3
1m[1m^[22m[39m[31m[1m^[22m[39m[31m[1m^[22m[39m[31m[1m^[22m[39m[31m[1m^[22m[39m[31m[1m^[22m[39m[31m[1m^[22m[39m[3
1m[1m^[22m[39m[31m[1m^[22m[39m[31m[1m^[22m[39m
 [90m 17 |[39m [36mimport[39m { toast } [36mfrom[39m [32m'sonner'[39m[33m;[39m
 [90m 18 |[39m [36mimport[39m { [33mHeader[39m } [36mfrom[39m [32m'@/components/Header'[39m[33m;[39m
 [90m 19 |[39m [36mimport[39m { [33mThankYouModal[39m } [36mfrom[39m [32m'@/components/ThankYouModal'[39m[33m;[39m[0m

Import map: aliased to relative './src/integrations/supabase/client' inside of [project]/


Import traces:
  Client Component Browser:
    ./src/app/events/[id]/page.tsx [Client Component Browser]
    ./src/app/events/[id]/page.tsx [Server Component]

  Client Component SSR:
    ./src/app/events/[id]/page.tsx [Client Component SSR]
    ./src/app/events/[id]/page.tsx [Server Component]

https://nextjs.org/docs/messages/module-not-found


./src/app/events/page.tsx:20:1
Module not found: Can't resolve '@/integrations/supabase/client'
[0m [90m 18 |[39m [36mimport[39m { [33mButton[39m } [36mfrom[39m [32m'@/components/ui/button'[39m[33m;[39m
 [90m 19 |[39m [36mimport[39m { [33mSwitch[39m } [36mfrom[39m [32m'@/components/ui/switch'[39m[33m;[39m
[31m[1m>[22m[39m[90m 20 |[39m [36mimport[39m { supabase } [36mfrom[39m [32m'@/integrations/supabase/client'[39m[33m;[39m
 [90m    |[39m [31m[1m^[22m[39m[31m[1m^[22m[39m[31m[1m^[22m[39m[31m[1m^[22m[39m[31m[1m^[22m[39m[31m[1m^[22m[39m[3
1m[1m^[22m[39m[31m[1m^[22m[39m[31m[1m^[22m[39m[31m[1m^[22m[39m[31m[1m^[22m[39m[31m[1m^[22m[39m[31m[1m^[22m[39m[3
1m[1m^[22m[39m[31m[1m^[22m[39m[31m[1m^[22m[39m[31m[1m^[22m[39m[31m[1m^[22m[39m[31m[1m^[22m[39m[31m[1m^[22m[39m[3
1m[1m^[22m[39m[31m[1m^[22m[39m[31m[1m^[22m[39m[31m[1m^[22m[39m[31m[1m^[22m[39m[31m[1m^[22m[39m[31m[1m^[22m[39m[3
1m[1m^[22m[39m[31m[1m^[22m[39m[31m[1m^[22m[39m[31m[1m^[22m[39m[31m[1m^[22m[39m[31m[1m^[22m[39m[31m[1m^[22m[39m[3
1m[1m^[22m[39m[31m[1m^[22m[39m[31m[1m^[22m[39m[31m[1m^[22m[39m[31m[1m^[22m[39m[31m[1m^[22m[39m[31m[1m^[22m[39m[3
1m[1m^[22m[39m[31m[1m^[22m[39m[31m[1m^[22m[39m[31m[1m^[22m[39m[31m[1m^[22m[39m[31m[1m^[22m[39m[31m[1m^[22m[39m[3
1m[1m^[22m[39m[31m[1m^[22m[39m[31m[1m^[22m[39m[31m[1m^[22m[39m[31m[1m^[22m[39m[31m[1m^[22m[39m[31m[1m^[22m[39m[3
1m[1m^[22m[39m[31m[1m^[22m[39m[31m[1m^[22m[39m
 [90m 21 |[39m [36mimport[39m { useTicketActions } [36mfrom[39m [32m'@/hooks/useTicketActions'[39m[33m;[39m
 [90m 22 |[39m [36mimport[39m { toast } [36mfrom[39m [32m'sonner'[39m[33m;[39m
 [90m 23 |[39m [36mimport[39m { [33mEventCategory[39m[33m,[39m [33mCATEGORY_CONFIG[39m } [36mfrom[39m 
[32m'@/components/CategoryBadge'[39m[33m;[39m[0m

Import map: aliased to relative './src/integrations/supabase/client' inside of [project]/


Import traces:
  Client Component Browser:
    ./src/app/events/page.tsx [Client Component Browser]
    ./src/app/events/page.tsx [Server Component]

  Client Component SSR:
    ./src/app/events/page.tsx [Client Component SSR]
    ./src/app/events/page.tsx [Server Component]

https://nextjs.org/docs/messages/module-not-found


./src/app/payment-success/page.tsx:9:1
Module not found: Can't resolve '@/integrations/supabase/client'
[0m [90m  7 |[39m [36mimport[39m { [33mCheck[39m[33m,[39m [33mCalendar[39m[33m,[39m [33mArrowRight[39m[33m,[39m 
[33mLoader2[39m[33m,[39m [33mMail[39m[33m,[39m [33mXCircle[39m } [36mfrom[39m [32m'lucide-react'[39m[33m;[39m
 [90m  8 |[39m [36mimport[39m { [33mButton[39m } [36mfrom[39m [32m'@/components/ui/button'[39m[33m;[39m
[31m[1m>[22m[39m[90m  9 |[39m [36mimport[39m { supabase } [36mfrom[39m [32m'@/integrations/supabase/client'[39m[33m;[39m
 [90m    |[39m [31m[1m^[22m[39m[31m[1m^[22m[39m[31m[1m^[22m[39m[31m[1m^[22m[39m[31m[1m^[22m[39m[31m[1m^[22m[39m[3
1m[1m^[22m[39m[31m[1m^[22m[39m[31m[1m^[22m[39m[31m[1m^[22m[39m[31m[1m^[22m[39m[31m[1m^[22m[39m[31m[1m^[22m[39m[3
1m[1m^[22m[39m[31m[1m^[22m[39m[31m[1m^[22m[39m[31m[1m^[22m[39m[31m[1m^[22m[39m[31m[1m^[22m[39m[31m[1m^[22m[39m[3
1m[1m^[22m[39m[31m[1m^[22m[39m[31m[1m^[22m[39m[31m[1m^[22m[39m[31m[1m^[22m[39m[31m[1m^[22m[39m[31m[1m^[22m[39m[3
1m[1m^[22m[39m[31m[1m^[22m[39m[31m[1m^[22m[39m[31m[1m^[22m[39m[31m[1m^[22m[39m[31m[1m^[22m[39m[31m[1m^[22m[39m[3
1m[1m^[22m[39m[31m[1m^[22m[39m[31m[1m^[22m[39m[31m[1m^[22m[39m[31m[1m^[22m[39m[31m[1m^[22m[39m[31m[1m^[22m[39m[3
1m[1m^[22m[39m[31m[1m^[22m[39m[31m[1m^[22m[39m[31m[1m^[22m[39m[31m[1m^[22m[39m[31m[1m^[22m[39m[31m[1m^[22m[39m[3
1m[1m^[22m[39m[31m[1m^[22m[39m[31m[1m^[22m[39m[31m[1m^[22m[39m[31m[1m^[22m[39m[31m[1m^[22m[39m[31m[1m^[22m[39m[3
1m[1m^[22m[39m[31m[1m^[22m[39m[31m[1m^[22m[39m
 [90m 10 |[39m [36mimport[39m { usePageTitle } [36mfrom[39m [32m'@/hooks/usePageTitle'[39m[33m;[39m
 [90m 11 |[39m [36mimport[39m logo [36mfrom[39m [32m'@/assets/704-logo.png'[39m[33m;[39m
 [90m 12 |[39m[0m

Import map: aliased to relative './src/integrations/supabase/client' inside of [project]/


Import traces:
  Client Component Browser:
    ./src/app/payment-success/page.tsx [Client Component Browser]
    ./src/app/payment-success/page.tsx [Server Component]

  Client Component SSR:
    ./src/app/payment-success/page.tsx [Client Component SSR]
    ./src/app/payment-success/page.tsx [Server Component]

https://nextjs.org/docs/messages/module-not-found


./src/app/reset-password/page.tsx:9:1
Module not found: Can't resolve '@/integrations/supabase/client'
[0m [90m  7 |[39m [36mimport[39m { [33mInput[39m } [36mfrom[39m [32m'@/components/ui/input'[39m[33m;[39m
 [90m  8 |[39m [36mimport[39m { [33mLabel[39m } [36mfrom[39m [32m'@/components/ui/label'[39m[33m;[39m
[31m[1m>[22m[39m[90m  9 |[39m [36mimport[39m { supabase } [36mfrom[39m [32m'@/integrations/supabase/client'[39m[33m;[39m
 [90m    |[39m [31m[1m^[22m[39m[31m[1m^[22m[39m[31m[1m^[22m[39m[31m[1m^[22m[39m[31m[1m^[22m[39m[31m[1m^[22m[39m[3
1m[1m^[22m[39m[31m[1m^[22m[39m[31m[1m^[22m[39m[31m[1m^[22m[39m[31m[1m^[22m[39m[31m[1m^[22m[39m[31m[1m^[22m[39m[3
1m[1m^[22m[39m[31m[1m^[22m[39m[31m[1m^[22m[39m[31m[1m^[22m[39m[31m[1m^[22m[39m[31m[1m^[22m[39m[31m[1m^[22m[39m[3
1m[1m^[22m[39m[31m[1m^[22m[39m[31m[1m^[22m[39m[31m[1m^[22m[39m[31m[1m^[22m[39m[31m[1m^[22m[39m[31m[1m^[22m[39m[3
1m[1m^[22m[39m[31m[1m^[22m[39m[31m[1m^[22m[39m[31m[1m^[22m[39m[31m[1m^[22m[39m[31m[1m^[22m[39m[31m[1m^[22m[39m[3
1m[1m^[22m[39m[31m[1m^[22m[39m[31m[1m^[22m[39m[31m[1m^[22m[39m[31m[1m^[22m[39m[31m[1m^[22m[39m[31m[1m^[22m[39m[3
1m[1m^[22m[39m[31m[1m^[22m[39m[31m[1m^[22m[39m[31m[1m^[22m[39m[31m[1m^[22m[39m[31m[1m^[22m[39m[31m[1m^[22m[39m[3
1m[1m^[22m[39m[31m[1m^[22m[39m[31m[1m^[22m[39m[31m[1m^[22m[39m[31m[1m^[22m[39m[31m[1m^[22m[39m[31m[1m^[22m[39m[3
1m[1m^[22m[39m[31m[1m^[22m[39m[31m[1m^[22m[39m
 [90m 10 |[39m [36mimport[39m { [33mLoader2[39m[33m,[39m [33mCheckCircle[39m[33m,[39m [33mArrowLeft[39m } [36mfrom[39m 
[32m'lucide-react'[39m[33m;[39m
 [90m 11 |[39m [36mimport[39m { z } [36mfrom[39m [32m'zod'[39m[33m;[39m
 [90m 12 |[39m [36mimport[39m logo [36mfrom[39m [32m'@/assets/704-logo.png'[39m[33m;[39m[0m

Import map: aliased to relative './src/integrations/supabase/client' inside of [project]/


Import traces:
  Client Component Browser:
    ./src/app/reset-password/page.tsx [Client Component Browser]
    ./src/app/reset-password/page.tsx [Server Component]

  Client Component SSR:
    ./src/app/reset-password/page.tsx [Client Component SSR]
    ./src/app/reset-password/page.tsx [Server Component]

https://nextjs.org/docs/messages/module-not-found


./src/app/settings/page.tsx:8:1
Module not found: Can't resolve '@/integrations/supabase/client'
[0m [90m  6 |[39m [36mimport[39m { usePageTitle } [36mfrom[39m [32m'@/hooks/usePageTitle'[39m[33m;[39m
 [90m  7 |[39m [36mimport[39m { [33mHeader[39m } [36mfrom[39m [32m'@/components/Header'[39m[33m;[39m
[31m[1m>[22m[39m[90m  8 |[39m [36mimport[39m { supabase } [36mfrom[39m [32m'@/integrations/supabase/client'[39m[33m;[39m
 [90m    |[39m [31m[1m^[22m[39m[31m[1m^[22m[39m[31m[1m^[22m[39m[31m[1m^[22m[39m[31m[1m^[22m[39m[31m[1m^[22m[39m[3
1m[1m^[22m[39m[31m[1m^[22m[39m[31m[1m^[22m[39m[31m[1m^[22m[39m[31m[1m^[22m[39m[31m[1m^[22m[39m[31m[1m^[22m[39m[3
1m[1m^[22m[39m[31m[1m^[22m[39m[31m[1m^[22m[39m[31m[1m^[22m[39m[31m[1m^[22m[39m[31m[1m^[22m[39m[31m[1m^[22m[39m[3
1m[1m^[22m[39m[31m[1m^[22m[39m[31m[1m^[22m[39m[31m[1m^[22m[39m[31m[1m^[22m[39m[31m[1m^[22m[39m[31m[1m^[22m[39m[3
1m[1m^[22m[39m[31m[1m^[22m[39m[31m[1m^[22m[39m[31m[1m^[22m[39m[31m[1m^[22m[39m[31m[1m^[22m[39m[31m[1m^[22m[39m[3
1m[1m^[22m[39m[31m[1m^[22m[39m[31m[1m^[22m[39m[31m[1m^[22m[39m[31m[1m^[22m[39m[31m[1m^[22m[39m[31m[1m^[22m[39m[3
1m[1m^[22m[39m[31m[1m^[22m[39m[31m[1m^[22m[39m[31m[1m^[22m[39m[31m[1m^[22m[39m[31m[1m^[22m[39m[31m[1m^[22m[39m[3
1m[1m^[22m[39m[31m[1m^[22m[39m[31m[1m^[22m[39m[31m[1m^[22m[39m[31m[1m^[22m[39m[31m[1m^[22m[39m[31m[1m^[22m[39m[3
1m[1m^[22m[39m[31m[1m^[22m[39m[31m[1m^[22m[39m
 [90m  9 |[39m [36mimport[39m { [33mButton[39m } [36mfrom[39m [32m'@/components/ui/button'[39m[33m;[39m
 [90m 10 |[39m [36mimport[39m { [33mInput[39m } [36mfrom[39m [32m'@/components/ui/input'[39m[33m;[39m
 [90m 11 |[39m [36mimport[39m { [33mLabel[39m } [36mfrom[39m [32m'@/components/ui/label'[39m[33m;[39m[0m

Import map: aliased to relative './src/integrations/supabase/client' inside of [project]/


Import traces:
  Client Component Browser:
    ./src/app/settings/page.tsx [Client Component Browser]
    ./src/app/settings/page.tsx [Server Component]

  Client Component SSR:
    ./src/app/settings/page.tsx [Client Component SSR]
    ./src/app/settings/page.tsx [Server Component]

https://nextjs.org/docs/messages/module-not-found


./src/app/setup-password/page.tsx:10:1
Module not found: Can't resolve '@/integrations/supabase/client'
[0m [90m  8 |[39m [36mimport[39m { [33mInput[39m } [36mfrom[39m [32m'@/components/ui/input'[39m[33m;[39m
 [90m  9 |[39m [36mimport[39m { [33mLabel[39m } [36mfrom[39m [32m'@/components/ui/label'[39m[33m;[39m
[31m[1m>[22m[39m[90m 10 |[39m [36mimport[39m { supabase } [36mfrom[39m [32m'@/integrations/supabase/client'[39m[33m;[39m
 [90m    |[39m [31m[1m^[22m[39m[31m[1m^[22m[39m[31m[1m^[22m[39m[31m[1m^[22m[39m[31m[1m^[22m[39m[31m[1m^[22m[39m[3
1m[1m^[22m[39m[31m[1m^[22m[39m[31m[1m^[22m[39m[31m[1m^[22m[39m[31m[1m^[22m[39m[31m[1m^[22m[39m[31m[1m^[22m[39m[3
1m[1m^[22m[39m[31m[1m^[22m[39m[31m[1m^[22m[39m[31m[1m^[22m[39m[31m[1m^[22m[39m[31m[1m^[22m[39m[31m[1m^[22m[39m[3
1m[1m^[22m[39m[31m[1m^[22m[39m[31m[1m^[22m[39m[31m[1m^[22m[39m[31m[1m^[22m[39m[31m[1m^[22m[39m[31m[1m^[22m[39m[3
1m[1m^[22m[39m[31m[1m^[22m[39m[31m[1m^[22m[39m[31m[1m^[22m[39m[31m[1m^[22m[39m[31m[1m^[22m[39m[31m[1m^[22m[39m[3
1m[1m^[22m[39m[31m[1m^[22m[39m[31m[1m^[22m[39m[31m[1m^[22m[39m[31m[1m^[22m[39m[31m[1m^[22m[39m[31m[1m^[22m[39m[3
1m[1m^[22m[39m[31m[1m^[22m[39m[31m[1m^[22m[39m[31m[1m^[22m[39m[31m[1m^[22m[39m[31m[1m^[22m[39m[31m[1m^[22m[39m[3
1m[1m^[22m[39m[31m[1m^[22m[39m[31m[1m^[22m[39m[31m[1m^[22m[39m[31m[1m^[22m[39m[31m[1m^[22m[39m[31m[1m^[22m[39m[3
1m[1m^[22m[39m[31m[1m^[22m[39m[31m[1m^[22m[39m
 [90m 11 |[39m [36mimport[39m { [33mLoader2[39m[33m,[39m [33mEye[39m[33m,[39m [33mEyeOff[39m[33m,[39m [33mCheckCircle[39m 
} [36mfrom[39m [32m'lucide-react'[39m[33m;[39m
 [90m 12 |[39m [36mimport[39m { z } [36mfrom[39m [32m'zod'[39m[33m;[39m
 [90m 13 |[39m [36mimport[39m logo [36mfrom[39m [32m'@/assets/704-logo.png'[39m[33m;[39m[0m

Import map: aliased to relative './src/integrations/supabase/client' inside of [project]/


Import traces:
  Client Component Browser:
    ./src/app/setup-password/page.tsx [Client Component Browser]
    ./src/app/setup-password/page.tsx [Server Component]

  Client Component SSR:
    ./src/app/setup-password/page.tsx [Client Component SSR]
    ./src/app/setup-password/page.tsx [Server Component]

https://nextjs.org/docs/messages/module-not-found


./src/app/signup/page.tsx:11:1
Module not found: Can't resolve '@/integrations/supabase/client'
[0m [90m  9 |[39m [36mimport[39m { [33mInput[39m } [36mfrom[39m [32m'@/components/ui/input'[39m[33m;[39m
 [90m 10 |[39m [36mimport[39m { [33mLabel[39m } [36mfrom[39m [32m'@/components/ui/label'[39m[33m;[39m
[31m[1m>[22m[39m[90m 11 |[39m [36mimport[39m { supabase } [36mfrom[39m [32m'@/integrations/supabase/client'[39m[33m;[39m
 [90m    |[39m [31m[1m^[22m[39m[31m[1m^[22m[39m[31m[1m^[22m[39m[31m[1m^[22m[39m[31m[1m^[22m[39m[31m[1m^[22m[39m[3
1m[1m^[22m[39m[31m[1m^[22m[39m[31m[1m^[22m[39m[31m[1m^[22m[39m[31m[1m^[22m[39m[31m[1m^[22m[39m[31m[1m^[22m[39m[3
1m[1m^[22m[39m[31m[1m^[22m[39m[31m[1m^[22m[39m[31m[1m^[22m[39m[31m[1m^[22m[39m[31m[1m^[22m[39m[31m[1m^[22m[39m[3
1m[1m^[22m[39m[31m[1m^[22m[39m[31m[1m^[22m[39m[31m[1m^[22m[39m[31m[1m^[22m[39m[31m[1m^[22m[39m[31m[1m^[22m[39m[3
1m[1m^[22m[39m[31m[1m^[22m[39m[31m[1m^[22m[39m[31m[1m^[22m[39m[31m[1m^[22m[39m[31m[1m^[22m[39m[31m[1m^[22m[39m[3
1m[1m^[22m[39m[31m[1m^[22m[39m[31m[1m^[22m[39m[31m[1m^[22m[39m[31m[1m^[22m[39m[31m[1m^[22m[39m[31m[1m^[22m[39m[3
1m[1m^[22m[39m[31m[1m^[22m[39m[31m[1m^[22m[39m[31m[1m^[22m[39m[31m[1m^[22m[39m[31m[1m^[22m[39m[31m[1m^[22m[39m[3
1m[1m^[22m[39m[31m[1m^[22m[39m[31m[1m^[22m[39m[31m[1m^[22m[39m[31m[1m^[22m[39m[31m[1m^[22m[39m[31m[1m^[22m[39m[3
1m[1m^[22m[39m[31m[1m^[22m[39m[31m[1m^[22m[39m
 [90m 12 |[39m [36mimport[39m { toast } [36mfrom[39m [32m'sonner'[39m[33m;[39m
 [90m 13 |[39m [36mimport[39m { [33mLoader2[39m[33m,[39m [33mEye[39m[33m,[39m [33mEyeOff[39m } [36mfrom[39m 
[32m'lucide-react'[39m[33m;[39m
 [90m 14 |[39m [36mimport[39m { z } [36mfrom[39m [32m'zod'[39m[33m;[39m[0m

Import map: aliased to relative './src/integrations/supabase/client' inside of [project]/


Import traces:
  Client Component Browser:
    ./src/app/signup/page.tsx [Client Component Browser]
    ./src/app/signup/page.tsx [Server Component]

  Client Component SSR:
    ./src/app/signup/page.tsx [Client Component SSR]
    ./src/app/signup/page.tsx [Server Component]

https://nextjs.org/docs/messages/module-not-found


./src/app/social/page.tsx:21:1
Module not found: Can't resolve '@/integrations/supabase/client'
[0m [90m 19 |[39m [36mimport[39m { usePageTitle } [36mfrom[39m [32m'@/hooks/usePageTitle'[39m[33m;[39m
 [90m 20 |[39m [36mimport[39m { useTicketActions } [36mfrom[39m [32m'@/hooks/useTicketActions'[39m[33m;[39m
[31m[1m>[22m[39m[90m 21 |[39m [36mimport[39m { supabase } [36mfrom[39m [32m'@/integrations/supabase/client'[39m[33m;[39m
 [90m    |[39m [31m[1m^[22m[39m[31m[1m^[22m[39m[31m[1m^[22m[39m[31m[1m^[22m[39m[31m[1m^[22m[39m[31m[1m^[22m[39m[3
1m[1m^[22m[39m[31m[1m^[22m[39m[31m[1m^[22m[39m[31m[1m^[22m[39m[31m[1m^[22m[39m[31m[1m^[22m[39m[31m[1m^[22m[39m[3
1m[1m^[22m[39m[31m[1m^[22m[39m[31m[1m^[22m[39m[31m[1m^[22m[39m[31m[1m^[22m[39m[31m[1m^[22m[39m[31m[1m^[22m[39m[3
1m[1m^[22m[39m[31m[1m^[22m[39m[31m[1m^[22m[39m[31m[1m^[22m[39m[31m[1m^[22m[39m[31m[1m^[22m[39m[31m[1m^[22m[39m[3
1m[1m^[22m[39m[31m[1m^[22m[39m[31m[1m^[22m[39m[31m[1m^[22m[39m[31m[1m^[22m[39m[31m[1m^[22m[39m[31m[1m^[22m[39m[3
1m[1m^[22m[39m[31m[1m^[22m[39m[31m[1m^[22m[39m[31m[1m^[22m[39m[31m[1m^[22m[39m[31m[1m^[22m[39m[31m[1m^[22m[39m[3
1m[1m^[22m[39m[31m[1m^[22m[39m[31m[1m^[22m[39m[31m[1m^[22m[39m[31m[1m^[22m[39m[31m[1m^[22m[39m[31m[1m^[22m[39m[3
1m[1m^[22m[39m[31m[1m^[22m[39m[31m[1m^[22m[39m[31m[1m^[22m[39m[31m[1m^[22m[39m[31m[1m^[22m[39m[31m[1m^[22m[39m[3
1m[1m^[22m[39m[31m[1m^[22m[39m[31m[1m^[22m[39m
 [90m 22 |[39m [36mimport[39m { format[33m,[39m addDays } [36mfrom[39m [32m'date-fns'[39m[33m;[39m
 [90m 23 |[39m
 [90m 24 |[39m [36minterface[39m [33mEvent[39m {[0m

Import map: aliased to relative './src/integrations/supabase/client' inside of [project]/


Import traces:
  Client Component Browser:
    ./src/app/social/page.tsx [Client Component Browser]
    ./src/app/social/page.tsx [Server Component]

  Client Component SSR:
    ./src/app/social/page.tsx [Client Component SSR]
    ./src/app/social/page.tsx [Server Component]

https://nextjs.org/docs/messages/module-not-found


./src/app/update-password/page.tsx:10:1
Module not found: Can't resolve '@/integrations/supabase/client'
[0m [90m  8 |[39m [36mimport[39m { [33mInput[39m } [36mfrom[39m [32m'@/components/ui/input'[39m[33m;[39m
 [90m  9 |[39m [36mimport[39m { [33mLabel[39m } [36mfrom[39m [32m'@/components/ui/label'[39m[33m;[39m
[31m[1m>[22m[39m[90m 10 |[39m [36mimport[39m { supabase } [36mfrom[39m [32m'@/integrations/supabase/client'[39m[33m;[39m
 [90m    |[39m [31m[1m^[22m[39m[31m[1m^[22m[39m[31m[1m^[22m[39m[31m[1m^[22m[39m[31m[1m^[22m[39m[31m[1m^[22m[39m[3
1m[1m^[22m[39m[31m[1m^[22m[39m[31m[1m^[22m[39m[31m[1m^[22m[39m[31m[1m^[22m[39m[31m[1m^[22m[39m[31m[1m^[22m[39m[3
1m[1m^[22m[39m[31m[1m^[22m[39m[31m[1m^[22m[39m[31m[1m^[22m[39m[31m[1m^[22m[39m[31m[1m^[22m[39m[31m[1m^[22m[39m[3
1m[1m^[22m[39m[31m[1m^[22m[39m[31m[1m^[22m[39m[31m[1m^[22m[39m[31m[1m^[22m[39m[31m[1m^[22m[39m[31m[1m^[22m[39m[3
1m[1m^[22m[39m[31m[1m^[22m[39m[31m[1m^[22m[39m[31m[1m^[22m[39m[31m[1m^[22m[39m[31m[1m^[22m[39m[31m[1m^[22m[39m[3
1m[1m^[22m[39m[31m[1m^[22m[39m[31m[1m^[22m[39m[31m[1m^[22m[39m[31m[1m^[22m[39m[31m[1m^[22m[39m[31m[1m^[22m[39m[3
1m[1m^[22m[39m[31m[1m^[22m[39m[31m[1m^[22m[39m[31m[1m^[22m[39m[31m[1m^[22m[39m[31m[1m^[22m[39m[31m[1m^[22m[39m[3
1m[1m^[22m[39m[31m[1m^[22m[39m[31m[1m^[22m[39m[31m[1m^[22m[39m[31m[1m^[22m[39m[31m[1m^[22m[39m[31m[1m^[22m[39m[3
1m[1m^[22m[39m[31m[1m^[22m[39m[31m[1m^[22m[39m
 [90m 11 |[39m [36mimport[39m { [33mLoader2[39m[33m,[39m [33mEye[39m[33m,[39m [33mEyeOff[39m[33m,[39m [33mCheckCircle[39m 
} [36mfrom[39m [32m'lucide-react'[39m[33m;[39m
 [90m 12 |[39m [36mimport[39m { z } [36mfrom[39m [32m'zod'[39m[33m;[39m
 [90m 13 |[39m [36mimport[39m logo [36mfrom[39m [32m'@/assets/704-logo.png'[39m[33m;[39m[0m

Import map: aliased to relative './src/integrations/supabase/client' inside of [project]/


Import traces:
  Client Component Browser:
    ./src/app/update-password/page.tsx [Client Component Browser]
    ./src/app/update-password/page.tsx [Server Component]

  Client Component SSR:
    ./src/app/update-password/page.tsx [Client Component SSR]
    ./src/app/update-password/page.tsx [Server Component]

https://nextjs.org/docs/messages/module-not-found


./src/app/verify-email/page.tsx:9:1
Module not found: Can't resolve '@/integrations/supabase/client'
[0m [90m  7 |[39m [36mimport[39m { usePageTitle } [36mfrom[39m [32m'@/hooks/usePageTitle'[39m[33m;[39m
 [90m  8 |[39m [36mimport[39m { [33mButton[39m } [36mfrom[39m [32m'@/components/ui/button'[39m[33m;[39m
[31m[1m>[22m[39m[90m  9 |[39m [36mimport[39m { supabase } [36mfrom[39m [32m'@/integrations/supabase/client'[39m[33m;[39m
 [90m    |[39m [31m[1m^[22m[39m[31m[1m^[22m[39m[31m[1m^[22m[39m[31m[1m^[22m[39m[31m[1m^[22m[39m[31m[1m^[22m[39m[3
1m[1m^[22m[39m[31m[1m^[22m[39m[31m[1m^[22m[39m[31m[1m^[22m[39m[31m[1m^[22m[39m[31m[1m^[22m[39m[31m[1m^[22m[39m[3
1m[1m^[22m[39m[31m[1m^[22m[39m[31m[1m^[22m[39m[31m[1m^[22m[39m[31m[1m^[22m[39m[31m[1m^[22m[39m[31m[1m^[22m[39m[3
1m[1m^[22m[39m[31m[1m^[22m[39m[31m[1m^[22m[39m[31m[1m^[22m[39m[31m[1m^[22m[39m[31m[1m^[22m[39m[31m[1m^[22m[39m[3
1m[1m^[22m[39m[31m[1m^[22m[39m[31m[1m^[22m[39m[31m[1m^[22m[39m[31m[1m^[22m[39m[31m[1m^[22m[39m[31m[1m^[22m[39m[3
1m[1m^[22m[39m[31m[1m^[22m[39m[31m[1m^[22m[39m[31m[1m^[22m[39m[31m[1m^[22m[39m[31m[1m^[22m[39m[31m[1m^[22m[39m[3
1m[1m^[22m[39m[31m[1m^[22m[39m[31m[1m^[22m[39m[31m[1m^[22m[39m[31m[1m^[22m[39m[31m[1m^[22m[39m[31m[1m^[22m[39m[3
1m[1m^[22m[39m[31m[1m^[22m[39m[31m[1m^[22m[39m[31m[1m^[22m[39m[31m[1m^[22m[39m[31m[1m^[22m[39m[31m[1m^[22m[39m[3
1m[1m^[22m[39m[31m[1m^[22m[39m[31m[1m^[22m[39m
 [90m 10 |[39m [36mimport[39m { [33mLoader2[39m[33m,[39m [33mMail[39m[33m,[39m [33mArrowLeft[39m } [36mfrom[39m 
[32m'lucide-react'[39m[33m;[39m
 [90m 11 |[39m [36mimport[39m logo [36mfrom[39m [32m'@/assets/704-logo.png'[39m[33m;[39m
 [90m 12 |[39m[0m

Import map: aliased to relative './src/integrations/supabase/client' inside of [project]/


Import traces:
  Client Component Browser:
    ./src/app/verify-email/page.tsx [Client Component Browser]
    ./src/app/verify-email/page.tsx [Server Component]

  Client Component SSR:
    ./src/app/verify-email/page.tsx [Client Component SSR]
    ./src/app/verify-email/page.tsx [Server Component]

https://nextjs.org/docs/messages/module-not-found


./src/components/AdminBroadcast.tsx:18:1
Module not found: Can't resolve '@/integrations/supabase/client'
[0m [90m 16 |[39m   [33mDialogTrigger[39m[33m,[39m
 [90m 17 |[39m } [36mfrom[39m [32m'@/components/ui/dialog'[39m[33m;[39m
[31m[1m>[22m[39m[90m 18 |[39m [36mimport[39m { supabase } [36mfrom[39m [32m'@/integrations/supabase/client'[39m[33m;[39m
 [90m    |[39m [31m[1m^[22m[39m[31m[1m^[22m[39m[31m[1m^[22m[39m[31m[1m^[22m[39m[31m[1m^[22m[39m[31m[1m^[22m[39m[3
1m[1m^[22m[39m[31m[1m^[22m[39m[31m[1m^[22m[39m[31m[1m^[22m[39m[31m[1m^[22m[39m[31m[1m^[22m[39m[31m[1m^[22m[39m[3
1m[1m^[22m[39m[31m[1m^[22m[39m[31m[1m^[22m[39m[31m[1m^[22m[39m[31m[1m^[22m[39m[31m[1m^[22m[39m[31m[1m^[22m[39m[3
1m[1m^[22m[39m[31m[1m^[22m[39m[31m[1m^[22m[39m[31m[1m^[22m[39m[31m[1m^[22m[39m[31m[1m^[22m[39m[31m[1m^[22m[39m[3
1m[1m^[22m[39m[31m[1m^[22m[39m[31m[1m^[22m[39m[31m[1m^[22m[39m[31m[1m^[22m[39m[31m[1m^[22m[39m[31m[1m^[22m[39m[3
1m[1m^[22m[39m[31m[1m^[22m[39m[31m[1m^[22m[39m[31m[1m^[22m[39m[31m[1m^[22m[39m[31m[1m^[22m[39m[31m[1m^[22m[39m[3
1m[1m^[22m[39m[31m[1m^[22m[39m[31m[1m^[22m[39m[31m[1m^[22m[39m[31m[1m^[22m[39m[31m[1m^[22m[39m[31m[1m^[22m[39m[3
1m[1m^[22m[39m[31m[1m^[22m[39m[31m[1m^[22m[39m[31m[1m^[22m[39m[31m[1m^[22m[39m[31m[1m^[22m[39m[31m[1m^[22m[39m[3
1m[1m^[22m[39m[31m[1m^[22m[39m[31m[1m^[22m[39m
 [90m 19 |[39m [36mimport[39m { toast } [36mfrom[39m [32m'sonner'[39m[33m;[39m
 [90m 20 |[39m
 [90m 21 |[39m [36mexport[39m [36mfunction[39m [33mAdminBroadcast[39m() {[0m

Import map: aliased to relative './src/integrations/supabase/client' inside of [project]/


Import traces:
  Client Component Browser:
    ./src/components/AdminBroadcast.tsx [Client Component Browser]
    ./src/components/admin/AdminOverviewTab.tsx [Client Component Browser]
    ./src/app/admin/page.tsx [Client Component Browser]
    ./src/app/admin/page.tsx [Server Component]

  Client Component SSR:
    ./src/components/AdminBroadcast.tsx [Client Component SSR]
    ./src/components/admin/AdminOverviewTab.tsx [Client Component SSR]
    ./src/app/admin/page.tsx [Client Component SSR]
    ./src/app/admin/page.tsx [Server Component]

https://nextjs.org/docs/messages/module-not-found


./src/components/AdminCheckIn.tsx:15:1
Module not found: Can't resolve '@/integrations/supabase/client'
[0m [90m 13 |[39m } [36mfrom[39m [32m'@/components/ui/select'[39m[33m;[39m
 [90m 14 |[39m [36mimport[39m { [33mCheckInFullScreen[39m } [36mfrom[39m [32m'@/components/CheckInFullScreen'[39m[33m;[39m
[31m[1m>[22m[39m[90m 15 |[39m [36mimport[39m { supabase } [36mfrom[39m [32m'@/integrations/supabase/client'[39m[33m;[39m
 [90m    |[39m [31m[1m^[22m[39m[31m[1m^[22m[39m[31m[1m^[22m[39m[31m[1m^[22m[39m[31m[1m^[22m[39m[31m[1m^[22m[39m[3
1m[1m^[22m[39m[31m[1m^[22m[39m[31m[1m^[22m[39m[31m[1m^[22m[39m[31m[1m^[22m[39m[31m[1m^[22m[39m[31m[1m^[22m[39m[3
1m[1m^[22m[39m[31m[1m^[22m[39m[31m[1m^[22m[39m[31m[1m^[22m[39m[31m[1m^[22m[39m[31m[1m^[22m[39m[31m[1m^[22m[39m[3
1m[1m^[22m[39m[31m[1m^[22m[39m[31m[1m^[22m[39m[31m[1m^[22m[39m[31m[1m^[22m[39m[31m[1m^[22m[39m[31m[1m^[22m[39m[3
1m[1m^[22m[39m[31m[1m^[22m[39m[31m[1m^[22m[39m[31m[1m^[22m[39m[31m[1m^[22m[39m[31m[1m^[22m[39m[31m[1m^[22m[39m[3
1m[1m^[22m[39m[31m[1m^[22m[39m[31m[1m^[22m[39m[31m[1m^[22m[39m[31m[1m^[22m[39m[31m[1m^[22m[39m[31m[1m^[22m[39m[3
1m[1m^[22m[39m[31m[1m^[22m[39m[31m[1m^[22m[39m[31m[1m^[22m[39m[31m[1m^[22m[39m[31m[1m^[22m[39m[31m[1m^[22m[39m[3
1m[1m^[22m[39m[31m[1m^[22m[39m[31m[1m^[22m[39m[31m[1m^[22m[39m[31m[1m^[22m[39m[31m[1m^[22m[39m[31m[1m^[22m[39m[3
1m[1m^[22m[39m[31m[1m^[22m[39m[31m[1m^[22m[39m
 [90m 16 |[39m
 [90m 17 |[39m [36minterface[39m [33mEvent[39m {
 [90m 18 |[39m   id[33m:[39m string[33m;[39m[0m

Import map: aliased to relative './src/integrations/supabase/client' inside of [project]/


Import traces:
  Client Component Browser:
    ./src/components/AdminCheckIn.tsx [Client Component Browser]
    ./src/app/admin/page.tsx [Client Component Browser]
    ./src/app/admin/page.tsx [Server Component]

  Client Component SSR:
    ./src/components/AdminCheckIn.tsx [Client Component SSR]
    ./src/app/admin/page.tsx [Client Component SSR]
    ./src/app/admin/page.tsx [Server Component]

https://nextjs.org/docs/messages/module-not-found


./src/components/AdminHomepageImages.tsx:8:1
Module not found: Can't resolve '@/integrations/supabase/client'
[0m [90m  6 |[39m [36mimport[39m { [33mInput[39m } [36mfrom[39m [32m'@/components/ui/input'[39m[33m;[39m
 [90m  7 |[39m [36mimport[39m { [33mLabel[39m } [36mfrom[39m [32m'@/components/ui/label'[39m[33m;[39m
[31m[1m>[22m[39m[90m  8 |[39m [36mimport[39m { supabase } [36mfrom[39m [32m'@/integrations/supabase/client'[39m[33m;[39m
 [90m    |[39m [31m[1m^[22m[39m[31m[1m^[22m[39m[31m[1m^[22m[39m[31m[1m^[22m[39m[31m[1m^[22m[39m[31m[1m^[22m[39m[3
1m[1m^[22m[39m[31m[1m^[22m[39m[31m[1m^[22m[39m[31m[1m^[22m[39m[31m[1m^[22m[39m[31m[1m^[22m[39m[31m[1m^[22m[39m[3
1m[1m^[22m[39m[31m[1m^[22m[39m[31m[1m^[22m[39m[31m[1m^[22m[39m[31m[1m^[22m[39m[31m[1m^[22m[39m[31m[1m^[22m[39m[3
1m[1m^[22m[39m[31m[1m^[22m[39m[31m[1m^[22m[39m[31m[1m^[22m[39m[31m[1m^[22m[39m[31m[1m^[22m[39m[31m[1m^[22m[39m[3
1m[1m^[22m[39m[31m[1m^[22m[39m[31m[1m^[22m[39m[31m[1m^[22m[39m[31m[1m^[22m[39m[31m[1m^[22m[39m[31m[1m^[22m[39m[3
1m[1m^[22m[39m[31m[1m^[22m[39m[31m[1m^[22m[39m[31m[1m^[22m[39m[31m[1m^[22m[39m[31m[1m^[22m[39m[31m[1m^[22m[39m[3
1m[1m^[22m[39m[31m[1m^[22m[39m[31m[1m^[22m[39m[31m[1m^[22m[39m[31m[1m^[22m[39m[31m[1m^[22m[39m[31m[1m^[22m[39m[3
1m[1m^[22m[39m[31m[1m^[22m[39m[31m[1m^[22m[39m[31m[1m^[22m[39m[31m[1m^[22m[39m[31m[1m^[22m[39m[31m[1m^[22m[39m[3
1m[1m^[22m[39m[31m[1m^[22m[39m[31m[1m^[22m[39m
 [90m  9 |[39m [36mimport[39m { toast } [36mfrom[39m [32m'sonner'[39m[33m;[39m
 [90m 10 |[39m [36mimport[39m { [33mImageCropDialog[39m } [36mfrom[39m [32m'@/components/ImageCropDialog'[39m[33m;[39m
 [90m 11 |[39m [36mimport[39m {[0m

Import map: aliased to relative './src/integrations/supabase/client' inside of [project]/


Import traces:
  Client Component Browser:
    ./src/components/AdminHomepageImages.tsx [Client Component Browser]
    ./src/app/admin/settings/page.tsx [Client Component Browser]
    ./src/app/admin/settings/page.tsx [Server Component]

  Client Component SSR:
    ./src/components/AdminHomepageImages.tsx [Client Component SSR]
    ./src/app/admin/settings/page.tsx [Client Component SSR]
    ./src/app/admin/settings/page.tsx [Server Component]

https://nextjs.org/docs/messages/module-not-found


./src/components/AvatarUpload.tsx:7:1
Module not found: Can't resolve '@/integrations/supabase/client'
[0m [90m  5 |[39m [36mimport[39m { [33mButton[39m } [36mfrom[39m [32m'@/components/ui/button'[39m[33m;[39m
 [90m  6 |[39m [36mimport[39m { [33mAvatar[39m[33m,[39m [33mAvatarFallback[39m[33m,[39m [33mAvatarImage[39m } [36mfrom[39m 
[32m'@/components/ui/avatar'[39m[33m;[39m
[31m[1m>[22m[39m[90m  7 |[39m [36mimport[39m { supabase } [36mfrom[39m [32m'@/integrations/supabase/client'[39m[33m;[39m
 [90m    |[39m [31m[1m^[22m[39m[31m[1m^[22m[39m[31m[1m^[22m[39m[31m[1m^[22m[39m[31m[1m^[22m[39m[31m[1m^[22m[39m[3
1m[1m^[22m[39m[31m[1m^[22m[39m[31m[1m^[22m[39m[31m[1m^[22m[39m[31m[1m^[22m[39m[31m[1m^[22m[39m[31m[1m^[22m[39m[3
1m[1m^[22m[39m[31m[1m^[22m[39m[31m[1m^[22m[39m[31m[1m^[22m[39m[31m[1m^[22m[39m[31m[1m^[22m[39m[31m[1m^[22m[39m[3
1m[1m^[22m[39m[31m[1m^[22m[39m[31m[1m^[22m[39m[31m[1m^[22m[39m[31m[1m^[22m[39m[31m[1m^[22m[39m[31m[1m^[22m[39m[3
1m[1m^[22m[39m[31m[1m^[22m[39m[31m[1m^[22m[39m[31m[1m^[22m[39m[31m[1m^[22m[39m[31m[1m^[22m[39m[31m[1m^[22m[39m[3
1m[1m^[22m[39m[31m[1m^[22m[39m[31m[1m^[22m[39m[31m[1m^[22m[39m[31m[1m^[22m[39m[31m[1m^[22m[39m[31m[1m^[22m[39m[3
1m[1m^[22m[39m[31m[1m^[22m[39m[31m[1m^[22m[39m[31m[1m^[22m[39m[31m[1m^[22m[39m[31m[1m^[22m[39m[31m[1m^[22m[39m[3
1m[1m^[22m[39m[31m[1m^[22m[39m[31m[1m^[22m[39m[31m[1m^[22m[39m[31m[1m^[22m[39m[31m[1m^[22m[39m[31m[1m^[22m[39m[3
1m[1m^[22m[39m[31m[1m^[22m[39m[31m[1m^[22m[39m
 [90m  8 |[39m [36mimport[39m { toast } [36mfrom[39m [32m'sonner'[39m[33m;[39m
 [90m  9 |[39m
 [90m 10 |[39m [36minterface[39m [33mAvatarUploadProps[39m {[0m

Import map: aliased to relative './src/integrations/supabase/client' inside of [project]/


Import traces:
  Client Component Browser:
    ./src/components/AvatarUpload.tsx [Client Component Browser]
    ./src/app/settings/page.tsx [Client Component Browser]
    ./src/app/settings/page.tsx [Server Component]

  Client Component SSR:
    ./src/components/AvatarUpload.tsx [Client Component SSR]
    ./src/app/settings/page.tsx [Client Component SSR]
    ./src/app/settings/page.tsx [Server Component]

https://nextjs.org/docs/messages/module-not-found


./src/components/CheckInFullScreen.tsx:12:1
Module not found: Can't resolve '@/integrations/supabase/client'
[0m [90m 10 |[39m [36mimport[39m { [33mProgress[39m } [36mfrom[39m [32m'@/components/ui/progress'[39m[33m;[39m
 [90m 11 |[39m [36mimport[39m { [33mAvatar[39m[33m,[39m [33mAvatarFallback[39m[33m,[39m [33mAvatarImage[39m } [36mfrom[39m 
[32m'@/components/ui/avatar'[39m[33m;[39m
[31m[1m>[22m[39m[90m 12 |[39m [36mimport[39m { supabase } [36mfrom[39m [32m'@/integrations/supabase/client'[39m[33m;[39m
 [90m    |[39m [31m[1m^[22m[39m[31m[1m^[22m[39m[31m[1m^[22m[39m[31m[1m^[22m[39m[31m[1m^[22m[39m[31m[1m^[22m[39m[3
1m[1m^[22m[39m[31m[1m^[22m[39m[31m[1m^[22m[39m[31m[1m^[22m[39m[31m[1m^[22m[39m[31m[1m^[22m[39m[31m[1m^[22m[39m[3
1m[1m^[22m[39m[31m[1m^[22m[39m[31m[1m^[22m[39m[31m[1m^[22m[39m[31m[1m^[22m[39m[31m[1m^[22m[39m[31m[1m^[22m[39m[3
1m[1m^[22m[39m[31m[1m^[22m[39m[31m[1m^[22m[39m[31m[1m^[22m[39m[31m[1m^[22m[39m[31m[1m^[22m[39m[31m[1m^[22m[39m[3
1m[1m^[22m[39m[31m[1m^[22m[39m[31m[1m^[22m[39m[31m[1m^[22m[39m[31m[1m^[22m[39m[31m[1m^[22m[39m[31m[1m^[22m[39m[3
1m[1m^[22m[39m[31m[1m^[22m[39m[31m[1m^[22m[39m[31m[1m^[22m[39m[31m[1m^[22m[39m[31m[1m^[22m[39m[31m[1m^[22m[39m[3
1m[1m^[22m[39m[31m[1m^[22m[39m[31m[1m^[22m[39m[31m[1m^[22m[39m[31m[1m^[22m[39m[31m[1m^[22m[39m[31m[1m^[22m[39m[3
1m[1m^[22m[39m[31m[1m^[22m[39m[31m[1m^[22m[39m[31m[1m^[22m[39m[31m[1m^[22m[39m[31m[1m^[22m[39m[31m[1m^[22m[39m[3
1m[1m^[22m[39m[31m[1m^[22m[39m[31m[1m^[22m[39m
 [90m 13 |[39m [36mimport[39m { toast } [36mfrom[39m [32m'sonner'[39m[33m;[39m
 [90m 14 |[39m [36mimport[39m { useOfflineCheckIn } [36mfrom[39m [32m'@/hooks/useOfflineCheckIn'[39m[33m;[39m
 [90m 15 |[39m [36mimport[39m { [33mOfflineIndicator[39m } [36mfrom[39m [32m'@/components/OfflineIndicator'[39m[33m;[39m[0m

Import map: aliased to relative './src/integrations/supabase/client' inside of [project]/


Import traces:
  Client Component Browser:
    ./src/components/CheckInFullScreen.tsx [Client Component Browser]
    ./src/components/AdminCheckIn.tsx [Client Component Browser]
    ./src/app/admin/page.tsx [Client Component Browser]
    ./src/app/admin/page.tsx [Server Component]

  Client Component SSR:
    ./src/components/CheckInFullScreen.tsx [Client Component SSR]
    ./src/components/AdminCheckIn.tsx [Client Component SSR]
    ./src/app/admin/page.tsx [Client Component SSR]
    ./src/app/admin/page.tsx [Server Component]

https://nextjs.org/docs/messages/module-not-found


./src/components/GuestPassSection.tsx:14:1
Module not found: Can't resolve '@/integrations/supabase/client'
[0m [90m 12 |[39m [36mimport[39m { [33mSkeleton[39m } [36mfrom[39m [32m'@/components/ui/skeleton'[39m[33m;[39m
 [90m 13 |[39m [36mimport[39m { [33mCollapsible[39m[33m,[39m [33mCollapsibleContent[39m[33m,[39m [33mCollapsibleTrigger[39m } 
[36mfrom[39m [32m'@/components/ui/collapsible'[39m[33m;[39m
[31m[1m>[22m[39m[90m 14 |[39m [36mimport[39m { supabase } [36mfrom[39m [32m'@/integrations/supabase/client'[39m[33m;[39m
 [90m    |[39m [31m[1m^[22m[39m[31m[1m^[22m[39m[31m[1m^[22m[39m[31m[1m^[22m[39m[31m[1m^[22m[39m[31m[1m^[22m[39m[3
1m[1m^[22m[39m[31m[1m^[22m[39m[31m[1m^[22m[39m[31m[1m^[22m[39m[31m[1m^[22m[39m[31m[1m^[22m[39m[31m[1m^[22m[39m[3
1m[1m^[22m[39m[31m[1m^[22m[39m[31m[1m^[22m[39m[31m[1m^[22m[39m[31m[1m^[22m[39m[31m[1m^[22m[39m[31m[1m^[22m[39m[3
1m[1m^[22m[39m[31m[1m^[22m[39m[31m[1m^[22m[39m[31m[1m^[22m[39m[31m[1m^[22m[39m[31m[1m^[22m[39m[31m[1m^[22m[39m[3
1m[1m^[22m[39m[31m[1m^[22m[39m[31m[1m^[22m[39m[31m[1m^[22m[39m[31m[1m^[22m[39m[31m[1m^[22m[39m[31m[1m^[22m[39m[3
1m[1m^[22m[39m[31m[1m^[22m[39m[31m[1m^[22m[39m[31m[1m^[22m[39m[31m[1m^[22m[39m[31m[1m^[22m[39m[31m[1m^[22m[39m[3
1m[1m^[22m[39m[31m[1m^[22m[39m[31m[1m^[22m[39m[31m[1m^[22m[39m[31m[1m^[22m[39m[31m[1m^[22m[39m[31m[1m^[22m[39m[3
1m[1m^[22m[39m[31m[1m^[22m[39m[31m[1m^[22m[39m[31m[1m^[22m[39m[31m[1m^[22m[39m[31m[1m^[22m[39m[31m[1m^[22m[39m[3
1m[1m^[22m[39m[31m[1m^[22m[39m[31m[1m^[22m[39m
 [90m 15 |[39m [36mimport[39m { toast } [36mfrom[39m [32m'sonner'[39m[33m;[39m
 [90m 16 |[39m
 [90m 17 |[39m [36minterface[39m [33mGuestPass[39m {[0m

Import map: aliased to relative './src/integrations/supabase/client' inside of [project]/


Import traces:
  Client Component Browser:
    ./src/components/GuestPassSection.tsx [Client Component Browser]
    ./src/app/dashboard/page.tsx [Client Component Browser]
    ./src/app/dashboard/page.tsx [Server Component]

  Client Component SSR:
    ./src/components/GuestPassSection.tsx [Client Component SSR]
    ./src/app/dashboard/page.tsx [Client Component SSR]
    ./src/app/dashboard/page.tsx [Server Component]

https://nextjs.org/docs/messages/module-not-found


./src/components/Header.tsx:7:1
Module not found: Can't resolve '@/integrations/supabase/client'
[0m [90m  5 |[39m [36mimport[39m { [33mButton[39m } [36mfrom[39m [32m'@/components/ui/button'[39m[33m;[39m
 [90m  6 |[39m [36mimport[39m { [33mLogOut[39m[33m,[39m [33mUser[39m[33m,[39m [33mSettings[39m[33m,[39m 
[33mLayoutDashboard[39m[33m,[39m [33mMenu[39m[33m,[39m [33mX[39m } [36mfrom[39m [32m'lucide-react'[39m[33m;[39m
[31m[1m>[22m[39m[90m  7 |[39m [36mimport[39m { supabase } [36mfrom[39m [32m'@/integrations/supabase/client'[39m[33m;[39m
 [90m    |[39m [31m[1m^[22m[39m[31m[1m^[22m[39m[31m[1m^[22m[39m[31m[1m^[22m[39m[31m[1m^[22m[39m[31m[1m^[22m[39m[3
1m[1m^[22m[39m[31m[1m^[22m[39m[31m[1m^[22m[39m[31m[1m^[22m[39m[31m[1m^[22m[39m[31m[1m^[22m[39m[31m[1m^[22m[39m[3
1m[1m^[22m[39m[31m[1m^[22m[39m[31m[1m^[22m[39m[31m[1m^[22m[39m[31m[1m^[22m[39m[31m[1m^[22m[39m[31m[1m^[22m[39m[3
1m[1m^[22m[39m[31m[1m^[22m[39m[31m[1m^[22m[39m[31m[1m^[22m[39m[31m[1m^[22m[39m[31m[1m^[22m[39m[31m[1m^[22m[39m[3
1m[1m^[22m[39m[31m[1m^[22m[39m[31m[1m^[22m[39m[31m[1m^[22m[39m[31m[1m^[22m[39m[31m[1m^[22m[39m[31m[1m^[22m[39m[3
1m[1m^[22m[39m[31m[1m^[22m[39m[31m[1m^[22m[39m[31m[1m^[22m[39m[31m[1m^[22m[39m[31m[1m^[22m[39m[31m[1m^[22m[39m[3
1m[1m^[22m[39m[31m[1m^[22m[39m[31m[1m^[22m[39m[31m[1m^[22m[39m[31m[1m^[22m[39m[31m[1m^[22m[39m[31m[1m^[22m[39m[3
1m[1m^[22m[39m[31m[1m^[22m[39m[31m[1m^[22m[39m[31m[1m^[22m[39m[31m[1m^[22m[39m[31m[1m^[22m[39m[31m[1m^[22m[39m[3
1m[1m^[22m[39m[31m[1m^[22m[39m[31m[1m^[22m[39m
 [90m  8 |[39m [36mimport[39m { toast } [36mfrom[39m [32m'sonner'[39m[33m;[39m
 [90m  9 |[39m [36mimport[39m {
 [90m 10 |[39m   [33mDropdownMenu[39m[33m,[39m[0m

Import map: aliased to relative './src/integrations/supabase/client' inside of [project]/


Import traces:
  Client Component Browser:
    ./src/components/Header.tsx [Client Component Browser]
    ./src/app/about/page.tsx [Client Component Browser]
    ./src/app/about/page.tsx [Server Component]

  Client Component SSR:
    ./src/components/Header.tsx [Client Component SSR]
    ./src/app/about/page.tsx [Client Component SSR]
    ./src/app/about/page.tsx [Server Component]

https://nextjs.org/docs/messages/module-not-found


./src/components/HomepageImageGrid.tsx:5:1
Module not found: Can't resolve '@/integrations/supabase/client'
[0m [90m 3 |[39m [36mimport[39m { useState[33m,[39m useEffect[33m,[39m useCallback } [36mfrom[39m [32m'react'[39m[33m;[39m
 [90m 4 |[39m [36mimport[39m { [33mChevronLeft[39m[33m,[39m [33mChevronRight[39m } [36mfrom[39m 
[32m'lucide-react'[39m[33m;[39m
[31m[1m>[22m[39m[90m 5 |[39m [36mimport[39m { supabase } [36mfrom[39m [32m'@/integrations/supabase/client'[39m[33m;[39m
 [90m   |[39m [31m[1m^[22m[39m[31m[1m^[22m[39m[31m[1m^[22m[39m[31m[1m^[22m[39m[31m[1m^[22m[39m[31m[1m^[22m[39m[31
m[1m^[22m[39m[31m[1m^[22m[39m[31m[1m^[22m[39m[31m[1m^[22m[39m[31m[1m^[22m[39m[31m[1m^[22m[39m[31m[1m^[22m[39m[31
m[1m^[22m[39m[31m[1m^[22m[39m[31m[1m^[22m[39m[31m[1m^[22m[39m[31m[1m^[22m[39m[31m[1m^[22m[39m[31m[1m^[22m[39m[31
m[1m^[22m[39m[31m[1m^[22m[39m[31m[1m^[22m[39m[31m[1m^[22m[39m[31m[1m^[22m[39m[31m[1m^[22m[39m[31m[1m^[22m[39m[31
m[1m^[22m[39m[31m[1m^[22m[39m[31m[1m^[22m[39m[31m[1m^[22m[39m[31m[1m^[22m[39m[31m[1m^[22m[39m[31m[1m^[22m[39m[31
m[1m^[22m[39m[31m[1m^[22m[39m[31m[1m^[22m[39m[31m[1m^[22m[39m[31m[1m^[22m[39m[31m[1m^[22m[39m[31m[1m^[22m[39m[31
m[1m^[22m[39m[31m[1m^[22m[39m[31m[1m^[22m[39m[31m[1m^[22m[39m[31m[1m^[22m[39m[31m[1m^[22m[39m[31m[1m^[22m[39m[31
m[1m^[22m[39m[31m[1m^[22m[39m[31m[1m^[22m[39m[31m[1m^[22m[39m[31m[1m^[22m[39m[31m[1m^[22m[39m[31m[1m^[22m[39m[31
m[1m^[22m[39m[31m[1m^[22m[39m[31m[1m^[22m[39m
 [90m 6 |[39m [36mimport[39m { cn } [36mfrom[39m [32m'@/lib/utils'[39m[33m;[39m
 [90m 7 |[39m
 [90m 8 |[39m [36minterface[39m [33mHomepageImage[39m {[0m

Import map: aliased to relative './src/integrations/supabase/client' inside of [project]/


Import traces:
  Client Component Browser:
    ./src/components/HomepageImageGrid.tsx [Client Component Browser]
    ./src/components/HeroSection.tsx [Client Component Browser]
    ./src/app/social/page.tsx [Client Component Browser]
    ./src/app/social/page.tsx [Server Component]

  Client Component SSR:
    ./src/components/HomepageImageGrid.tsx [Client Component SSR]
    ./src/components/HeroSection.tsx [Client Component SSR]
    ./src/app/social/page.tsx [Client Component SSR]
    ./src/app/social/page.tsx [Server Component]

https://nextjs.org/docs/messages/module-not-found


./src/components/HubSpotIntegrationCard.tsx:5:1
Module not found: Can't resolve '@/integrations/supabase/client'
[0m [90m 3 |[39m [36mimport[39m { useSearchParams } [36mfrom[39m [32m'next/navigation'[39m[33m;[39m
 [90m 4 |[39m [36mimport[39m { useEffect[33m,[39m useState } [36mfrom[39m [32m'react'[39m[33m;[39m
[31m[1m>[22m[39m[90m 5 |[39m [36mimport[39m { supabase } [36mfrom[39m [32m'@/integrations/supabase/client'[39m[33m;[39m
 [90m   |[39m [31m[1m^[22m[39m[31m[1m^[22m[39m[31m[1m^[22m[39m[31m[1m^[22m[39m[31m[1m^[22m[39m[31m[1m^[22m[39m[31
m[1m^[22m[39m[31m[1m^[22m[39m[31m[1m^[22m[39m[31m[1m^[22m[39m[31m[1m^[22m[39m[31m[1m^[22m[39m[31m[1m^[22m[39m[31
m[1m^[22m[39m[31m[1m^[22m[39m[31m[1m^[22m[39m[31m[1m^[22m[39m[31m[1m^[22m[39m[31m[1m^[22m[39m[31m[1m^[22m[39m[31
m[1m^[22m[39m[31m[1m^[22m[39m[31m[1m^[22m[39m[31m[1m^[22m[39m[31m[1m^[22m[39m[31m[1m^[22m[39m[31m[1m^[22m[39m[31
m[1m^[22m[39m[31m[1m^[22m[39m[31m[1m^[22m[39m[31m[1m^[22m[39m[31m[1m^[22m[39m[31m[1m^[22m[39m[31m[1m^[22m[39m[31
m[1m^[22m[39m[31m[1m^[22m[39m[31m[1m^[22m[39m[31m[1m^[22m[39m[31m[1m^[22m[39m[31m[1m^[22m[39m[31m[1m^[22m[39m[31
m[1m^[22m[39m[31m[1m^[22m[39m[31m[1m^[22m[39m[31m[1m^[22m[39m[31m[1m^[22m[39m[31m[1m^[22m[39m[31m[1m^[22m[39m[31
m[1m^[22m[39m[31m[1m^[22m[39m[31m[1m^[22m[39m[31m[1m^[22m[39m[31m[1m^[22m[39m[31m[1m^[22m[39m[31m[1m^[22m[39m[31
m[1m^[22m[39m[31m[1m^[22m[39m[31m[1m^[22m[39m
 [90m 6 |[39m [36mimport[39m { [33mButton[39m } [36mfrom[39m [32m'@/components/ui/button'[39m[33m;[39m
 [90m 7 |[39m [36mimport[39m { toast } [36mfrom[39m [32m'sonner'[39m[33m;[39m
 [90m 8 |[39m [36mimport[39m { [33mLink[39m [36mas[39m [33mLinkIcon[39m[33m,[39m [33mCheck[39m[33m,[39m 
[33mLoader2[39m[33m,[39m [33mRefreshCw[39m[33m,[39m [33mUnplug[39m[33m,[39m [33mUsers[39m[33m,[39m 
[33mBuilding2[39m[33m,[39m [33mUserPlus[39m[33m,[39m [33mCalendar[39m } [36mfrom[39m [32m'lucide-react'[39m[33m;[39m[0m

Import map: aliased to relative './src/integrations/supabase/client' inside of [project]/


Import traces:
  Client Component Browser:
    ./src/components/HubSpotIntegrationCard.tsx [Client Component Browser]
    ./src/app/admin/settings/page.tsx [Client Component Browser]
    ./src/app/admin/settings/page.tsx [Server Component]

  Client Component SSR:
    ./src/components/HubSpotIntegrationCard.tsx [Client Component SSR]
    ./src/app/admin/settings/page.tsx [Client Component SSR]
    ./src/app/admin/settings/page.tsx [Server Component]

https://nextjs.org/docs/messages/module-not-found


./src/components/MembershipDangerZone.tsx:16:1
Module not found: Can't resolve '@/integrations/supabase/client'
[0m [90m 14 |[39m   [33mDialogFooter[39m[33m,[39m
 [90m 15 |[39m } [36mfrom[39m [32m'@/components/ui/dialog'[39m[33m;[39m
[31m[1m>[22m[39m[90m 16 |[39m [36mimport[39m { supabase } [36mfrom[39m [32m'@/integrations/supabase/client'[39m[33m;[39m
 [90m    |[39m [31m[1m^[22m[39m[31m[1m^[22m[39m[31m[1m^[22m[39m[31m[1m^[22m[39m[31m[1m^[22m[39m[31m[1m^[22m[39m[3
1m[1m^[22m[39m[31m[1m^[22m[39m[31m[1m^[22m[39m[31m[1m^[22m[39m[31m[1m^[22m[39m[31m[1m^[22m[39m[31m[1m^[22m[39m[3
1m[1m^[22m[39m[31m[1m^[22m[39m[31m[1m^[22m[39m[31m[1m^[22m[39m[31m[1m^[22m[39m[31m[1m^[22m[39m[31m[1m^[22m[39m[3
1m[1m^[22m[39m[31m[1m^[22m[39m[31m[1m^[22m[39m[31m[1m^[22m[39m[31m[1m^[22m[39m[31m[1m^[22m[39m[31m[1m^[22m[39m[3
1m[1m^[22m[39m[31m[1m^[22m[39m[31m[1m^[22m[39m[31m[1m^[22m[39m[31m[1m^[22m[39m[31m[1m^[22m[39m[31m[1m^[22m[39m[3
1m[1m^[22m[39m[31m[1m^[22m[39m[31m[1m^[22m[39m[31m[1m^[22m[39m[31m[1m^[22m[39m[31m[1m^[22m[39m[31m[1m^[22m[39m[3
1m[1m^[22m[39m[31m[1m^[22m[39m[31m[1m^[22m[39m[31m[1m^[22m[39m[31m[1m^[22m[39m[31m[1m^[22m[39m[31m[1m^[22m[39m[3
1m[1m^[22m[39m[31m[1m^[22m[39m[31m[1m^[22m[39m[31m[1m^[22m[39m[31m[1m^[22m[39m[31m[1m^[22m[39m[31m[1m^[22m[39m[3
1m[1m^[22m[39m[31m[1m^[22m[39m[31m[1m^[22m[39m
 [90m 17 |[39m [36mimport[39m { toast } [36mfrom[39m [32m'sonner'[39m[33m;[39m
 [90m 18 |[39m
 [90m 19 |[39m [36minterface[39m [33mMembershipDangerZoneProps[39m {[0m

Import map: aliased to relative './src/integrations/supabase/client' inside of [project]/


Import traces:
  Client Component Browser:
    ./src/components/MembershipDangerZone.tsx [Client Component Browser]
    ./src/app/settings/page.tsx [Client Component Browser]
    ./src/app/settings/page.tsx [Server Component]

  Client Component SSR:
    ./src/components/MembershipDangerZone.tsx [Client Component SSR]
    ./src/app/settings/page.tsx [Client Component SSR]
    ./src/app/settings/page.tsx [Server Component]

https://nextjs.org/docs/messages/module-not-found


./src/components/MyEventsSection.tsx:9:1
Module not found: Can't resolve '@/integrations/supabase/client'
[0m [90m  7 |[39m [36mimport[39m { [33mBadge[39m } [36mfrom[39m [32m'@/components/ui/badge'[39m[33m;[39m
 [90m  8 |[39m [36mimport[39m { [33mSkeleton[39m } [36mfrom[39m [32m'@/components/ui/skeleton'[39m[33m;[39m
[31m[1m>[22m[39m[90m  9 |[39m [36mimport[39m { supabase } [36mfrom[39m [32m'@/integrations/supabase/client'[39m[33m;[39m
 [90m    |[39m [31m[1m^[22m[39m[31m[1m^[22m[39m[31m[1m^[22m[39m[31m[1m^[22m[39m[31m[1m^[22m[39m[31m[1m^[22m[39m[3
1m[1m^[22m[39m[31m[1m^[22m[39m[31m[1m^[22m[39m[31m[1m^[22m[39m[31m[1m^[22m[39m[31m[1m^[22m[39m[31m[1m^[22m[39m[3
1m[1m^[22m[39m[31m[1m^[22m[39m[31m[1m^[22m[39m[31m[1m^[22m[39m[31m[1m^[22m[39m[31m[1m^[22m[39m[31m[1m^[22m[39m[3
1m[1m^[22m[39m[31m[1m^[22m[39m[31m[1m^[22m[39m[31m[1m^[22m[39m[31m[1m^[22m[39m[31m[1m^[22m[39m[31m[1m^[22m[39m[3
1m[1m^[22m[39m[31m[1m^[22m[39m[31m[1m^[22m[39m[31m[1m^[22m[39m[31m[1m^[22m[39m[31m[1m^[22m[39m[31m[1m^[22m[39m[3
1m[1m^[22m[39m[31m[1m^[22m[39m[31m[1m^[22m[39m[31m[1m^[22m[39m[31m[1m^[22m[39m[31m[1m^[22m[39m[31m[1m^[22m[39m[3
1m[1m^[22m[39m[31m[1m^[22m[39m[31m[1m^[22m[39m[31m[1m^[22m[39m[31m[1m^[22m[39m[31m[1m^[22m[39m[31m[1m^[22m[39m[3
1m[1m^[22m[39m[31m[1m^[22m[39m[31m[1m^[22m[39m[31m[1m^[22m[39m[31m[1m^[22m[39m[31m[1m^[22m[39m[31m[1m^[22m[39m[3
1m[1m^[22m[39m[31m[1m^[22m[39m[31m[1m^[22m[39m
 [90m 10 |[39m
 [90m 11 |[39m [36minterface[39m [33mEventTicket[39m {
 [90m 12 |[39m   id[33m:[39m string[33m;[39m[0m

Import map: aliased to relative './src/integrations/supabase/client' inside of [project]/


Import traces:
  Client Component Browser:
    ./src/components/MyEventsSection.tsx [Client Component Browser]
    ./src/app/dashboard/page.tsx [Client Component Browser]
    ./src/app/dashboard/page.tsx [Server Component]

  Client Component SSR:
    ./src/components/MyEventsSection.tsx [Client Component SSR]
    ./src/app/dashboard/page.tsx [Client Component SSR]
    ./src/app/dashboard/page.tsx [Server Component]

https://nextjs.org/docs/messages/module-not-found


./src/components/NextEventHero.tsx:10:1
Module not found: Can't resolve '@/integrations/supabase/client'
[0m [90m  8 |[39m [36mimport[39m { [33mBadge[39m } [36mfrom[39m [32m'@/components/ui/badge'[39m[33m;[39m
 [90m  9 |[39m [36mimport[39m { [33mSkeleton[39m } [36mfrom[39m [32m'@/components/ui/skeleton'[39m[33m;[39m
[31m[1m>[22m[39m[90m 10 |[39m [36mimport[39m { supabase } [36mfrom[39m [32m'@/integrations/supabase/client'[39m[33m;[39m
 [90m    |[39m [31m[1m^[22m[39m[31m[1m^[22m[39m[31m[1m^[22m[39m[31m[1m^[22m[39m[31m[1m^[22m[39m[31m[1m^[22m[39m[3
1m[1m^[22m[39m[31m[1m^[22m[39m[31m[1m^[22m[39m[31m[1m^[22m[39m[31m[1m^[22m[39m[31m[1m^[22m[39m[31m[1m^[22m[39m[3
1m[1m^[22m[39m[31m[1m^[22m[39m[31m[1m^[22m[39m[31m[1m^[22m[39m[31m[1m^[22m[39m[31m[1m^[22m[39m[31m[1m^[22m[39m[3
1m[1m^[22m[39m[31m[1m^[22m[39m[31m[1m^[22m[39m[31m[1m^[22m[39m[31m[1m^[22m[39m[31m[1m^[22m[39m[31m[1m^[22m[39m[3
1m[1m^[22m[39m[31m[1m^[22m[39m[31m[1m^[22m[39m[31m[1m^[22m[39m[31m[1m^[22m[39m[31m[1m^[22m[39m[31m[1m^[22m[39m[3
1m[1m^[22m[39m[31m[1m^[22m[39m[31m[1m^[22m[39m[31m[1m^[22m[39m[31m[1m^[22m[39m[31m[1m^[22m[39m[31m[1m^[22m[39m[3
1m[1m^[22m[39m[31m[1m^[22m[39m[31m[1m^[22m[39m[31m[1m^[22m[39m[31m[1m^[22m[39m[31m[1m^[22m[39m[31m[1m^[22m[39m[3
1m[1m^[22m[39m[31m[1m^[22m[39m[31m[1m^[22m[39m[31m[1m^[22m[39m[31m[1m^[22m[39m[31m[1m^[22m[39m[31m[1m^[22m[39m[3
1m[1m^[22m[39m[31m[1m^[22m[39m[31m[1m^[22m[39m
 [90m 11 |[39m
 [90m 12 |[39m [36minterface[39m [33mHeroEvent[39m {
 [90m 13 |[39m   id[33m:[39m string[33m;[39m[0m

Import map: aliased to relative './src/integrations/supabase/client' inside of [project]/


Import traces:
  Client Component Browser:
    ./src/components/NextEventHero.tsx [Client Component Browser]
    ./src/app/dashboard/page.tsx [Client Component Browser]
    ./src/app/dashboard/page.tsx [Server Component]

  Client Component SSR:
    ./src/components/NextEventHero.tsx [Client Component SSR]
    ./src/app/dashboard/page.tsx [Client Component SSR]
    ./src/app/dashboard/page.tsx [Server Component]

https://nextjs.org/docs/messages/module-not-found


./src/components/NotificationSettings.tsx:7:1
Module not found: Can't resolve '@/integrations/supabase/client'
[0m [90m  5 |[39m [36mimport[39m { [33mSwitch[39m } [36mfrom[39m [32m'@/components/ui/switch'[39m[33m;[39m
 [90m  6 |[39m [36mimport[39m { [33mLabel[39m } [36mfrom[39m [32m'@/components/ui/label'[39m[33m;[39m
[31m[1m>[22m[39m[90m  7 |[39m [36mimport[39m { supabase } [36mfrom[39m [32m'@/integrations/supabase/client'[39m[33m;[39m
 [90m    |[39m [31m[1m^[22m[39m[31m[1m^[22m[39m[31m[1m^[22m[39m[31m[1m^[22m[39m[31m[1m^[22m[39m[31m[1m^[22m[39m[3
1m[1m^[22m[39m[31m[1m^[22m[39m[31m[1m^[22m[39m[31m[1m^[22m[39m[31m[1m^[22m[39m[31m[1m^[22m[39m[31m[1m^[22m[39m[3
1m[1m^[22m[39m[31m[1m^[22m[39m[31m[1m^[22m[39m[31m[1m^[22m[39m[31m[1m^[22m[39m[31m[1m^[22m[39m[31m[1m^[22m[39m[3
1m[1m^[22m[39m[31m[1m^[22m[39m[31m[1m^[22m[39m[31m[1m^[22m[39m[31m[1m^[22m[39m[31m[1m^[22m[39m[31m[1m^[22m[39m[3
1m[1m^[22m[39m[31m[1m^[22m[39m[31m[1m^[22m[39m[31m[1m^[22m[39m[31m[1m^[22m[39m[31m[1m^[22m[39m[31m[1m^[22m[39m[3
1m[1m^[22m[39m[31m[1m^[22m[39m[31m[1m^[22m[39m[31m[1m^[22m[39m[31m[1m^[22m[39m[31m[1m^[22m[39m[31m[1m^[22m[39m[3
1m[1m^[22m[39m[31m[1m^[22m[39m[31m[1m^[22m[39m[31m[1m^[22m[39m[31m[1m^[22m[39m[31m[1m^[22m[39m[31m[1m^[22m[39m[3
1m[1m^[22m[39m[31m[1m^[22m[39m[31m[1m^[22m[39m[31m[1m^[22m[39m[31m[1m^[22m[39m[31m[1m^[22m[39m[31m[1m^[22m[39m[3
1m[1m^[22m[39m[31m[1m^[22m[39m[31m[1m^[22m[39m
 [90m  8 |[39m [36mimport[39m { toast } [36mfrom[39m [32m'sonner'[39m[33m;[39m
 [90m  9 |[39m
 [90m 10 |[39m [36minterface[39m [33mNotificationSettingsProps[39m {[0m

Import map: aliased to relative './src/integrations/supabase/client' inside of [project]/


Import traces:
  Client Component Browser:
    ./src/components/NotificationSettings.tsx [Client Component Browser]
    ./src/app/settings/page.tsx [Client Component Browser]
    ./src/app/settings/page.tsx [Server Component]

  Client Component SSR:
    ./src/components/NotificationSettings.tsx [Client Component SSR]
    ./src/app/settings/page.tsx [Client Component SSR]
    ./src/app/settings/page.tsx [Server Component]

https://nextjs.org/docs/messages/module-not-found


./src/components/NotificationsFeed.tsx:9:1
Module not found: Can't resolve '@/integrations/supabase/client'
[0m [90m  7 |[39m [36mimport[39m { [33mBadge[39m } [36mfrom[39m [32m'@/components/ui/badge'[39m[33m;[39m
 [90m  8 |[39m [36mimport[39m { [33mSkeleton[39m } [36mfrom[39m [32m'@/components/ui/skeleton'[39m[33m;[39m
[31m[1m>[22m[39m[90m  9 |[39m [36mimport[39m { supabase } [36mfrom[39m [32m'@/integrations/supabase/client'[39m[33m;[39m
 [90m    |[39m [31m[1m^[22m[39m[31m[1m^[22m[39m[31m[1m^[22m[39m[31m[1m^[22m[39m[31m[1m^[22m[39m[31m[1m^[22m[39m[3
1m[1m^[22m[39m[31m[1m^[22m[39m[31m[1m^[22m[39m[31m[1m^[22m[39m[31m[1m^[22m[39m[31m[1m^[22m[39m[31m[1m^[22m[39m[3
1m[1m^[22m[39m[31m[1m^[22m[39m[31m[1m^[22m[39m[31m[1m^[22m[39m[31m[1m^[22m[39m[31m[1m^[22m[39m[31m[1m^[22m[39m[3
1m[1m^[22m[39m[31m[1m^[22m[39m[31m[1m^[22m[39m[31m[1m^[22m[39m[31m[1m^[22m[39m[31m[1m^[22m[39m[31m[1m^[22m[39m[3
1m[1m^[22m[39m[31m[1m^[22m[39m[31m[1m^[22m[39m[31m[1m^[22m[39m[31m[1m^[22m[39m[31m[1m^[22m[39m[31m[1m^[22m[39m[3
1m[1m^[22m[39m[31m[1m^[22m[39m[31m[1m^[22m[39m[31m[1m^[22m[39m[31m[1m^[22m[39m[31m[1m^[22m[39m[31m[1m^[22m[39m[3
1m[1m^[22m[39m[31m[1m^[22m[39m[31m[1m^[22m[39m[31m[1m^[22m[39m[31m[1m^[22m[39m[31m[1m^[22m[39m[31m[1m^[22m[39m[3
1m[1m^[22m[39m[31m[1m^[22m[39m[31m[1m^[22m[39m[31m[1m^[22m[39m[31m[1m^[22m[39m[31m[1m^[22m[39m[31m[1m^[22m[39m[3
1m[1m^[22m[39m[31m[1m^[22m[39m[31m[1m^[22m[39m
 [90m 10 |[39m
 [90m 11 |[39m [36minterface[39m [33mNotification[39m {
 [90m 12 |[39m   id[33m:[39m string[33m;[39m[0m

Import map: aliased to relative './src/integrations/supabase/client' inside of [project]/


Import traces:
  Client Component Browser:
    ./src/components/NotificationsFeed.tsx [Client Component Browser]
    ./src/app/dashboard/page.tsx [Client Component Browser]
    ./src/app/dashboard/page.tsx [Server Component]

  Client Component SSR:
    ./src/components/NotificationsFeed.tsx [Client Component SSR]
    ./src/app/dashboard/page.tsx [Client Component SSR]
    ./src/app/dashboard/page.tsx [Server Component]

https://nextjs.org/docs/messages/module-not-found


./src/components/OnboardingCard.tsx:7:1
Module not found: Can't resolve '@/integrations/supabase/client'
[0m [90m  5 |[39m [36mimport[39m { [33mX[39m[33m,[39m [33mCalendar[39m[33m,[39m [33mWallet[39m[33m,[39m 
[33mCalendarPlus[39m } [36mfrom[39m [32m'lucide-react'[39m[33m;[39m
 [90m  6 |[39m [36mimport[39m { [33mButton[39m } [36mfrom[39m [32m'@/components/ui/button'[39m[33m;[39m
[31m[1m>[22m[39m[90m  7 |[39m [36mimport[39m { supabase } [36mfrom[39m [32m'@/integrations/supabase/client'[39m[33m;[39m
 [90m    |[39m [31m[1m^[22m[39m[31m[1m^[22m[39m[31m[1m^[22m[39m[31m[1m^[22m[39m[31m[1m^[22m[39m[31m[1m^[22m[39m[3
1m[1m^[22m[39m[31m[1m^[22m[39m[31m[1m^[22m[39m[31m[1m^[22m[39m[31m[1m^[22m[39m[31m[1m^[22m[39m[31m[1m^[22m[39m[3
1m[1m^[22m[39m[31m[1m^[22m[39m[31m[1m^[22m[39m[31m[1m^[22m[39m[31m[1m^[22m[39m[31m[1m^[22m[39m[31m[1m^[22m[39m[3
1m[1m^[22m[39m[31m[1m^[22m[39m[31m[1m^[22m[39m[31m[1m^[22m[39m[31m[1m^[22m[39m[31m[1m^[22m[39m[31m[1m^[22m[39m[3
1m[1m^[22m[39m[31m[1m^[22m[39m[31m[1m^[22m[39m[31m[1m^[22m[39m[31m[1m^[22m[39m[31m[1m^[22m[39m[31m[1m^[22m[39m[3
1m[1m^[22m[39m[31m[1m^[22m[39m[31m[1m^[22m[39m[31m[1m^[22m[39m[31m[1m^[22m[39m[31m[1m^[22m[39m[31m[1m^[22m[39m[3
1m[1m^[22m[39m[31m[1m^[22m[39m[31m[1m^[22m[39m[31m[1m^[22m[39m[31m[1m^[22m[39m[31m[1m^[22m[39m[31m[1m^[22m[39m[3
1m[1m^[22m[39m[31m[1m^[22m[39m[31m[1m^[22m[39m[31m[1m^[22m[39m[31m[1m^[22m[39m[31m[1m^[22m[39m[31m[1m^[22m[39m[3
1m[1m^[22m[39m[31m[1m^[22m[39m[31m[1m^[22m[39m
 [90m  8 |[39m
 [90m  9 |[39m [36minterface[39m [33mOnboardingCardProps[39m {
 [90m 10 |[39m   userId[33m:[39m string[33m;[39m[0m

Import map: aliased to relative './src/integrations/supabase/client' inside of [project]/


Import traces:
  Client Component Browser:
    ./src/components/OnboardingCard.tsx [Client Component Browser]
    ./src/app/dashboard/page.tsx [Client Component Browser]
    ./src/app/dashboard/page.tsx [Server Component]

  Client Component SSR:
    ./src/components/OnboardingCard.tsx [Client Component SSR]
    ./src/app/dashboard/page.tsx [Client Component SSR]
    ./src/app/dashboard/page.tsx [Server Component]

https://nextjs.org/docs/messages/module-not-found


./src/components/PasswordChangeForm.tsx:8:1
Module not found: Can't resolve '@/integrations/supabase/client'
[0m [90m  6 |[39m [36mimport[39m { [33mInput[39m } [36mfrom[39m [32m'@/components/ui/input'[39m[33m;[39m
 [90m  7 |[39m [36mimport[39m { [33mLabel[39m } [36mfrom[39m [32m'@/components/ui/label'[39m[33m;[39m
[31m[1m>[22m[39m[90m  8 |[39m [36mimport[39m { supabase } [36mfrom[39m [32m'@/integrations/supabase/client'[39m[33m;[39m
 [90m    |[39m [31m[1m^[22m[39m[31m[1m^[22m[39m[31m[1m^[22m[39m[31m[1m^[22m[39m[31m[1m^[22m[39m[31m[1m^[22m[39m[3
1m[1m^[22m[39m[31m[1m^[22m[39m[31m[1m^[22m[39m[31m[1m^[22m[39m[31m[1m^[22m[39m[31m[1m^[22m[39m[31m[1m^[22m[39m[3
1m[1m^[22m[39m[31m[1m^[22m[39m[31m[1m^[22m[39m[31m[1m^[22m[39m[31m[1m^[22m[39m[31m[1m^[22m[39m[31m[1m^[22m[39m[3
1m[1m^[22m[39m[31m[1m^[22m[39m[31m[1m^[22m[39m[31m[1m^[22m[39m[31m[1m^[22m[39m[31m[1m^[22m[39m[31m[1m^[22m[39m[3
1m[1m^[22m[39m[31m[1m^[22m[39m[31m[1m^[22m[39m[31m[1m^[22m[39m[31m[1m^[22m[39m[31m[1m^[22m[39m[31m[1m^[22m[39m[3
1m[1m^[22m[39m[31m[1m^[22m[39m[31m[1m^[22m[39m[31m[1m^[22m[39m[31m[1m^[22m[39m[31m[1m^[22m[39m[31m[1m^[22m[39m[3
1m[1m^[22m[39m[31m[1m^[22m[39m[31m[1m^[22m[39m[31m[1m^[22m[39m[31m[1m^[22m[39m[31m[1m^[22m[39m[31m[1m^[22m[39m[3
1m[1m^[22m[39m[31m[1m^[22m[39m[31m[1m^[22m[39m[31m[1m^[22m[39m[31m[1m^[22m[39m[31m[1m^[22m[39m[31m[1m^[22m[39m[3
1m[1m^[22m[39m[31m[1m^[22m[39m[31m[1m^[22m[39m
 [90m  9 |[39m [36mimport[39m { toast } [36mfrom[39m [32m'sonner'[39m[33m;[39m
 [90m 10 |[39m
 [90m 11 |[39m [36mexport[39m [36mfunction[39m [33mPasswordChangeForm[39m() {[0m

Import map: aliased to relative './src/integrations/supabase/client' inside of [project]/


Import traces:
  Client Component Browser:
    ./src/components/PasswordChangeForm.tsx [Client Component Browser]
    ./src/app/settings/page.tsx [Client Component Browser]
    ./src/app/settings/page.tsx [Server Component]

  Client Component SSR:
    ./src/components/PasswordChangeForm.tsx [Client Component SSR]
    ./src/app/settings/page.tsx [Client Component SSR]
    ./src/app/settings/page.tsx [Server Component]

https://nextjs.org/docs/messages/module-not-found


./src/components/WalletButtons.tsx:6:1
Module not found: Can't resolve '@/integrations/supabase/client'
[0m [90m 4 |[39m [36mimport[39m { [33mButton[39m } [36mfrom[39m [32m'@/components/ui/button'[39m[33m;[39m
 [90m 5 |[39m [36mimport[39m { [33mLoader2[39m[33m,[39m [33mSmartphone[39m } [36mfrom[39m [32m'lucide-react'[39m[33m;[39m
[31m[1m>[22m[39m[90m 6 |[39m [36mimport[39m { supabase } [36mfrom[39m [32m'@/integrations/supabase/client'[39m[33m;[39m
 [90m   |[39m [31m[1m^[22m[39m[31m[1m^[22m[39m[31m[1m^[22m[39m[31m[1m^[22m[39m[31m[1m^[22m[39m[31m[1m^[22m[39m[31
m[1m^[22m[39m[31m[1m^[22m[39m[31m[1m^[22m[39m[31m[1m^[22m[39m[31m[1m^[22m[39m[31m[1m^[22m[39m[31m[1m^[22m[39m[31
m[1m^[22m[39m[31m[1m^[22m[39m[31m[1m^[22m[39m[31m[1m^[22m[39m[31m[1m^[22m[39m[31m[1m^[22m[39m[31m[1m^[22m[39m[31
m[1m^[22m[39m[31m[1m^[22m[39m[31m[1m^[22m[39m[31m[1m^[22m[39m[31m[1m^[22m[39m[31m[1m^[22m[39m[31m[1m^[22m[39m[31
m[1m^[22m[39m[31m[1m^[22m[39m[31m[1m^[22m[39m[31m[1m^[22m[39m[31m[1m^[22m[39m[31m[1m^[22m[39m[31m[1m^[22m[39m[31
m[1m^[22m[39m[31m[1m^[22m[39m[31m[1m^[22m[39m[31m[1m^[22m[39m[31m[1m^[22m[39m[31m[1m^[22m[39m[31m[1m^[22m[39m[31
m[1m^[22m[39m[31m[1m^[22m[39m[31m[1m^[22m[39m[31m[1m^[22m[39m[31m[1m^[22m[39m[31m[1m^[22m[39m[31m[1m^[22m[39m[31
m[1m^[22m[39m[31m[1m^[22m[39m[31m[1m^[22m[39m[31m[1m^[22m[39m[31m[1m^[22m[39m[31m[1m^[22m[39m[31m[1m^[22m[39m[31
m[1m^[22m[39m[31m[1m^[22m[39m[31m[1m^[22m[39m
 [90m 7 |[39m [36mimport[39m { toast } [36mfrom[39m [32m'sonner'[39m[33m;[39m
 [90m 8 |[39m
 [90m 9 |[39m [90m// Simple SVG icons for wallet brands[39m[0m

Import map: aliased to relative './src/integrations/supabase/client' inside of [project]/


Import traces:
  Client Component Browser:
    ./src/components/WalletButtons.tsx [Client Component Browser]
    ./src/components/MembershipStatusBar.tsx [Client Component Browser]
    ./src/app/dashboard/page.tsx [Client Component Browser]
    ./src/app/dashboard/page.tsx [Server Component]

  Client Component SSR:
    ./src/components/WalletButtons.tsx [Client Component SSR]
    ./src/components/MembershipStatusBar.tsx [Client Component SSR]
    ./src/app/dashboard/page.tsx [Client Component SSR]
    ./src/app/dashboard/page.tsx [Server Component]

https://nextjs.org/docs/messages/module-not-found


./src/components/WhosGoing.tsx:5:1
Module not found: Can't resolve '@/integrations/supabase/client'
[0m [90m 3 |[39m [36mimport[39m { useState[33m,[39m useEffect } [36mfrom[39m [32m'react'[39m[33m;[39m
 [90m 4 |[39m [36mimport[39m { [33mUsers[39m } [36mfrom[39m [32m'lucide-react'[39m[33m;[39m
[31m[1m>[22m[39m[90m 5 |[39m [36mimport[39m { supabase } [36mfrom[39m [32m'@/integrations/supabase/client'[39m[33m;[39m
 [90m   |[39m [31m[1m^[22m[39m[31m[1m^[22m[39m[31m[1m^[22m[39m[31m[1m^[22m[39m[31m[1m^[22m[39m[31m[1m^[22m[39m[31
m[1m^[22m[39m[31m[1m^[22m[39m[31m[1m^[22m[39m[31m[1m^[22m[39m[31m[1m^[22m[39m[31m[1m^[22m[39m[31m[1m^[22m[39m[31
m[1m^[22m[39m[31m[1m^[22m[39m[31m[1m^[22m[39m[31m[1m^[22m[39m[31m[1m^[22m[39m[31m[1m^[22m[39m[31m[1m^[22m[39m[31
m[1m^[22m[39m[31m[1m^[22m[39m[31m[1m^[22m[39m[31m[1m^[22m[39m[31m[1m^[22m[39m[31m[1m^[22m[39m[31m[1m^[22m[39m[31
m[1m^[22m[39m[31m[1m^[22m[39m[31m[1m^[22m[39m[31m[1m^[22m[39m[31m[1m^[22m[39m[31m[1m^[22m[39m[31m[1m^[22m[39m[31
m[1m^[22m[39m[31m[1m^[22m[39m[31m[1m^[22m[39m[31m[1m^[22m[39m[31m[1m^[22m[39m[31m[1m^[22m[39m[31m[1m^[22m[39m[31
m[1m^[22m[39m[31m[1m^[22m[39m[31m[1m^[22m[39m[31m[1m^[22m[39m[31m[1m^[22m[39m[31m[1m^[22m[39m[31m[1m^[22m[39m[31
m[1m^[22m[39m[31m[1m^[22m[39m[31m[1m^[22m[39m[31m[1m^[22m[39m[31m[1m^[22m[39m[31m[1m^[22m[39m[31m[1m^[22m[39m[31
m[1m^[22m[39m[31m[1m^[22m[39m[31m[1m^[22m[39m
 [90m 6 |[39m [36mimport[39m { [33mAvatar[39m[33m,[39m [33mAvatarFallback[39m[33m,[39m [33mAvatarImage[39m } [36mfrom[39m 
[32m'@/components/ui/avatar'[39m[33m;[39m
 [90m 7 |[39m
 [90m 8 |[39m [36minterface[39m [33mAttendee[39m {[0m

Import map: aliased to relative './src/integrations/supabase/client' inside of [project]/


Import traces:
  Client Component Browser:
    ./src/components/WhosGoing.tsx [Client Component Browser]
    ./src/app/events/[id]/page.tsx [Client Component Browser]
    ./src/app/events/[id]/page.tsx [Server Component]

  Client Component SSR:
    ./src/components/WhosGoing.tsx [Client Component SSR]
    ./src/app/events/[id]/page.tsx [Client Component SSR]
    ./src/app/events/[id]/page.tsx [Server Component]

https://nextjs.org/docs/messages/module-not-found


./src/components/admin/AddMemberDialog.tsx:11:1
Module not found: Can't resolve '@/integrations/supabase/client'
[0m [90m  9 |[39m [36mimport[39m { [33mSelect[39m[33m,[39m [33mSelectContent[39m[33m,[39m [33mSelectItem[39m[33m,[39m 
[33mSelectTrigger[39m[33m,[39m [33mSelectValue[39m } [36mfrom[39m [32m"@/components/ui/select"[39m[33m;[39m
 [90m 10 |[39m [36mimport[39m { toast } [36mfrom[39m [32m"sonner"[39m[33m;[39m
[31m[1m>[22m[39m[90m 11 |[39m [36mimport[39m { supabase } [36mfrom[39m [32m"@/integrations/supabase/client"[39m[33m;[39m
 [90m    |[39m [31m[1m^[22m[39m[31m[1m^[22m[39m[31m[1m^[22m[39m[31m[1m^[22m[39m[31m[1m^[22m[39m[31m[1m^[22m[39m[3
1m[1m^[22m[39m[31m[1m^[22m[39m[31m[1m^[22m[39m[31m[1m^[22m[39m[31m[1m^[22m[39m[31m[1m^[22m[39m[31m[1m^[22m[39m[3
1m[1m^[22m[39m[31m[1m^[22m[39m[31m[1m^[22m[39m[31m[1m^[22m[39m[31m[1m^[22m[39m[31m[1m^[22m[39m[31m[1m^[22m[39m[3
1m[1m^[22m[39m[31m[1m^[22m[39m[31m[1m^[22m[39m[31m[1m^[22m[39m[31m[1m^[22m[39m[31m[1m^[22m[39m[31m[1m^[22m[39m[3
1m[1m^[22m[39m[31m[1m^[22m[39m[31m[1m^[22m[39m[31m[1m^[22m[39m[31m[1m^[22m[39m[31m[1m^[22m[39m[31m[1m^[22m[39m[3
1m[1m^[22m[39m[31m[1m^[22m[39m[31m[1m^[22m[39m[31m[1m^[22m[39m[31m[1m^[22m[39m[31m[1m^[22m[39m[31m[1m^[22m[39m[3
1m[1m^[22m[39m[31m[1m^[22m[39m[31m[1m^[22m[39m[31m[1m^[22m[39m[31m[1m^[22m[39m[31m[1m^[22m[39m[31m[1m^[22m[39m[3
1m[1m^[22m[39m[31m[1m^[22m[39m[31m[1m^[22m[39m[31m[1m^[22m[39m[31m[1m^[22m[39m[31m[1m^[22m[39m[31m[1m^[22m[39m[3
1m[1m^[22m[39m[31m[1m^[22m[39m[31m[1m^[22m[39m
 [90m 12 |[39m [36mimport[39m { [33mLoader2[39m } [36mfrom[39m [32m"lucide-react"[39m[33m;[39m
 [90m 13 |[39m
 [90m 14 |[39m [36minterface[39m [33mAddMemberDialogProps[39m {[0m

Import map: aliased to relative './src/integrations/supabase/client' inside of [project]/


Import traces:
  Client Component Browser:
    ./src/components/admin/AddMemberDialog.tsx [Client Component Browser]
    ./src/components/admin/AdminOverviewTab.tsx [Client Component Browser]
    ./src/app/admin/page.tsx [Client Component Browser]
    ./src/app/admin/page.tsx [Server Component]

  Client Component SSR:
    ./src/components/admin/AddMemberDialog.tsx [Client Component SSR]
    ./src/components/admin/AdminOverviewTab.tsx [Client Component SSR]
    ./src/app/admin/page.tsx [Client Component SSR]
    ./src/app/admin/page.tsx [Server Component]

https://nextjs.org/docs/messages/module-not-found


./src/components/admin/AddProspectDialog.tsx:10:1
Module not found: Can't resolve '@/integrations/supabase/client'
[0m [90m  8 |[39m [36mimport[39m { [33mTextarea[39m } [36mfrom[39m [32m"@/components/ui/textarea"[39m[33m;[39m
 [90m  9 |[39m [36mimport[39m { toast } [36mfrom[39m [32m"sonner"[39m[33m;[39m
[31m[1m>[22m[39m[90m 10 |[39m [36mimport[39m { supabase } [36mfrom[39m [32m"@/integrations/supabase/client"[39m[33m;[39m
 [90m    |[39m [31m[1m^[22m[39m[31m[1m^[22m[39m[31m[1m^[22m[39m[31m[1m^[22m[39m[31m[1m^[22m[39m[31m[1m^[22m[39m[3
1m[1m^[22m[39m[31m[1m^[22m[39m[31m[1m^[22m[39m[31m[1m^[22m[39m[31m[1m^[22m[39m[31m[1m^[22m[39m[31m[1m^[22m[39m[3
1m[1m^[22m[39m[31m[1m^[22m[39m[31m[1m^[22m[39m[31m[1m^[22m[39m[31m[1m^[22m[39m[31m[1m^[22m[39m[31m[1m^[22m[39m[3
1m[1m^[22m[39m[31m[1m^[22m[39m[31m[1m^[22m[39m[31m[1m^[22m[39m[31m[1m^[22m[39m[31m[1m^[22m[39m[31m[1m^[22m[39m[3
1m[1m^[22m[39m[31m[1m^[22m[39m[31m[1m^[22m[39m[31m[1m^[22m[39m[31m[1m^[22m[39m[31m[1m^[22m[39m[31m[1m^[22m[39m[3
1m[1m^[22m[39m[31m[1m^[22m[39m[31m[1m^[22m[39m[31m[1m^[22m[39m[31m[1m^[22m[39m[31m[1m^[22m[39m[31m[1m^[22m[39m[3
1m[1m^[22m[39m[31m[1m^[22m[39m[31m[1m^[22m[39m[31m[1m^[22m[39m[31m[1m^[22m[39m[31m[1m^[22m[39m[31m[1m^[22m[39m[3
1m[1m^[22m[39m[31m[1m^[22m[39m[31m[1m^[22m[39m[31m[1m^[22m[39m[31m[1m^[22m[39m[31m[1m^[22m[39m[31m[1m^[22m[39m[3
1m[1m^[22m[39m[31m[1m^[22m[39m[31m[1m^[22m[39m
 [90m 11 |[39m [36mimport[39m { [33mLoader2[39m } [36mfrom[39m [32m"lucide-react"[39m[33m;[39m
 [90m 12 |[39m
 [90m 13 |[39m [36minterface[39m [33mAddProspectDialogProps[39m {[0m

Import map: aliased to relative './src/integrations/supabase/client' inside of [project]/


Import traces:
  Client Component Browser:
    ./src/components/admin/AddProspectDialog.tsx [Client Component Browser]
    ./src/components/admin/AdminProspectsTab.tsx [Client Component Browser]
    ./src/app/admin/page.tsx [Client Component Browser]
    ./src/app/admin/page.tsx [Server Component]

  Client Component SSR:
    ./src/components/admin/AddProspectDialog.tsx [Client Component SSR]
    ./src/components/admin/AdminProspectsTab.tsx [Client Component SSR]
    ./src/app/admin/page.tsx [Client Component SSR]
    ./src/app/admin/page.tsx [Server Component]

https://nextjs.org/docs/messages/module-not-found


./src/components/admin/AddSponsorDialog.tsx:10:1
Module not found: Can't resolve '@/integrations/supabase/client'
[0m [90m  8 |[39m [36mimport[39m { [33mTextarea[39m } [36mfrom[39m [32m"@/components/ui/textarea"[39m[33m;[39m
 [90m  9 |[39m [36mimport[39m { toast } [36mfrom[39m [32m"sonner"[39m[33m;[39m
[31m[1m>[22m[39m[90m 10 |[39m [36mimport[39m { supabase } [36mfrom[39m [32m"@/integrations/supabase/client"[39m[33m;[39m
 [90m    |[39m [31m[1m^[22m[39m[31m[1m^[22m[39m[31m[1m^[22m[39m[31m[1m^[22m[39m[31m[1m^[22m[39m[31m[1m^[22m[39m[3
1m[1m^[22m[39m[31m[1m^[22m[39m[31m[1m^[22m[39m[31m[1m^[22m[39m[31m[1m^[22m[39m[31m[1m^[22m[39m[31m[1m^[22m[39m[3
1m[1m^[22m[39m[31m[1m^[22m[39m[31m[1m^[22m[39m[31m[1m^[22m[39m[31m[1m^[22m[39m[31m[1m^[22m[39m[31m[1m^[22m[39m[3
1m[1m^[22m[39m[31m[1m^[22m[39m[31m[1m^[22m[39m[31m[1m^[22m[39m[31m[1m^[22m[39m[31m[1m^[22m[39m[31m[1m^[22m[39m[3
1m[1m^[22m[39m[31m[1m^[22m[39m[31m[1m^[22m[39m[31m[1m^[22m[39m[31m[1m^[22m[39m[31m[1m^[22m[39m[31m[1m^[22m[39m[3
1m[1m^[22m[39m[31m[1m^[22m[39m[31m[1m^[22m[39m[31m[1m^[22m[39m[31m[1m^[22m[39m[31m[1m^[22m[39m[31m[1m^[22m[39m[3
1m[1m^[22m[39m[31m[1m^[22m[39m[31m[1m^[22m[39m[31m[1m^[22m[39m[31m[1m^[22m[39m[31m[1m^[22m[39m[31m[1m^[22m[39m[3
1m[1m^[22m[39m[31m[1m^[22m[39m[31m[1m^[22m[39m[31m[1m^[22m[39m[31m[1m^[22m[39m[31m[1m^[22m[39m[31m[1m^[22m[39m[3
1m[1m^[22m[39m[31m[1m^[22m[39m[31m[1m^[22m[39m
 [90m 11 |[39m [36mimport[39m { [33mLoader2[39m } [36mfrom[39m [32m"lucide-react"[39m[33m;[39m
 [90m 12 |[39m
 [90m 13 |[39m [36minterface[39m [33mAddSponsorDialogProps[39m {[0m

Import map: aliased to relative './src/integrations/supabase/client' inside of [project]/


Import traces:
  Client Component Browser:
    ./src/components/admin/AddSponsorDialog.tsx [Client Component Browser]
    ./src/components/admin/AdminSponsorsTab.tsx [Client Component Browser]
    ./src/app/admin/page.tsx [Client Component Browser]
    ./src/app/admin/page.tsx [Server Component]

  Client Component SSR:
    ./src/components/admin/AddSponsorDialog.tsx [Client Component SSR]
    ./src/components/admin/AdminSponsorsTab.tsx [Client Component SSR]
    ./src/app/admin/page.tsx [Client Component SSR]
    ./src/app/admin/page.tsx [Server Component]

https://nextjs.org/docs/messages/module-not-found


./src/components/admin/AdminEventsTab.tsx:25:1
Module not found: Can't resolve '@/integrations/supabase/client'
[0m [90m 23 |[39m [36mimport[39m { [33mDeleteConfirmDialog[39m } [36mfrom[39m 
[32m'@/components/admin/DeleteConfirmDialog'[39m[33m;[39m
 [90m 24 |[39m [36mimport[39m { [33mDropdownMenu[39m[33m,[39m [33mDropdownMenuContent[39m[33m,[39m 
[33mDropdownMenuItem[39m[33m,[39m [33mDropdownMenuTrigger[39m } [36mfrom[39m [32m'@/components/ui/dropdown-menu'[39m[33m;[39m
[31m[1m>[22m[39m[90m 25 |[39m [36mimport[39m { supabase } [36mfrom[39m [32m'@/integrations/supabase/client'[39m[33m;[39m
 [90m    |[39m [31m[1m^[22m[39m[31m[1m^[22m[39m[31m[1m^[22m[39m[31m[1m^[22m[39m[31m[1m^[22m[39m[31m[1m^[22m[39m[3
1m[1m^[22m[39m[31m[1m^[22m[39m[31m[1m^[22m[39m[31m[1m^[22m[39m[31m[1m^[22m[39m[31m[1m^[22m[39m[31m[1m^[22m[39m[3
1m[1m^[22m[39m[31m[1m^[22m[39m[31m[1m^[22m[39m[31m[1m^[22m[39m[31m[1m^[22m[39m[31m[1m^[22m[39m[31m[1m^[22m[39m[3
1m[1m^[22m[39m[31m[1m^[22m[39m[31m[1m^[22m[39m[31m[1m^[22m[39m[31m[1m^[22m[39m[31m[1m^[22m[39m[31m[1m^[22m[39m[3
1m[1m^[22m[39m[31m[1m^[22m[39m[31m[1m^[22m[39m[31m[1m^[22m[39m[31m[1m^[22m[39m[31m[1m^[22m[39m[31m[1m^[22m[39m[3
1m[1m^[22m[39m[31m[1m^[22m[39m[31m[1m^[22m[39m[31m[1m^[22m[39m[31m[1m^[22m[39m[31m[1m^[22m[39m[31m[1m^[22m[39m[3
1m[1m^[22m[39m[31m[1m^[22m[39m[31m[1m^[22m[39m[31m[1m^[22m[39m[31m[1m^[22m[39m[31m[1m^[22m[39m[31m[1m^[22m[39m[3
1m[1m^[22m[39m[31m[1m^[22m[39m[31m[1m^[22m[39m[31m[1m^[22m[39m[31m[1m^[22m[39m[31m[1m^[22m[39m[31m[1m^[22m[39m[3
1m[1m^[22m[39m[31m[1m^[22m[39m[31m[1m^[22m[39m
 [90m 26 |[39m [36mimport[39m { toast } [36mfrom[39m [32m'sonner'[39m[33m;[39m
 [90m 27 |[39m [36mimport[39m { format[33m,[39m getDay[33m,[39m getDate } [36mfrom[39m [32m'date-fns'[39m[33m;[39m
 [90m 28 |[39m [36mimport[39m { useIsMobile } [36mfrom[39m [32m'@/hooks/use-mobile'[39m[33m;[39m[0m

Import map: aliased to relative './src/integrations/supabase/client' inside of [project]/


Import traces:
  Client Component Browser:
    ./src/components/admin/AdminEventsTab.tsx [Client Component Browser]
    ./src/app/admin/page.tsx [Client Component Browser]
    ./src/app/admin/page.tsx [Server Component]

  Client Component SSR:
    ./src/components/admin/AdminEventsTab.tsx [Client Component SSR]
    ./src/app/admin/page.tsx [Client Component SSR]
    ./src/app/admin/page.tsx [Server Component]

https://nextjs.org/docs/messages/module-not-found


./src/components/admin/AdminMembersTab.tsx:18:1
Module not found: Can't resolve '@/integrations/supabase/client'
[0m [90m 16 |[39m [36mimport[39m { [33mQuickAddMemberDialog[39m } [36mfrom[39m 
[32m'@/components/admin/QuickAddMemberDialog'[39m[33m;[39m
 [90m 17 |[39m [36mimport[39m { [33mDeleteConfirmDialog[39m } [36mfrom[39m 
[32m'@/components/admin/DeleteConfirmDialog'[39m[33m;[39m
[31m[1m>[22m[39m[90m 18 |[39m [36mimport[39m { supabase } [36mfrom[39m [32m'@/integrations/supabase/client'[39m[33m;[39m
 [90m    |[39m [31m[1m^[22m[39m[31m[1m^[22m[39m[31m[1m^[22m[39m[31m[1m^[22m[39m[31m[1m^[22m[39m[31m[1m^[22m[39m[3
1m[1m^[22m[39m[31m[1m^[22m[39m[31m[1m^[22m[39m[31m[1m^[22m[39m[31m[1m^[22m[39m[31m[1m^[22m[39m[31m[1m^[22m[39m[3
1m[1m^[22m[39m[31m[1m^[22m[39m[31m[1m^[22m[39m[31m[1m^[22m[39m[31m[1m^[22m[39m[31m[1m^[22m[39m[31m[1m^[22m[39m[3
1m[1m^[22m[39m[31m[1m^[22m[39m[31m[1m^[22m[39m[31m[1m^[22m[39m[31m[1m^[22m[39m[31m[1m^[22m[39m[31m[1m^[22m[39m[3
1m[1m^[22m[39m[31m[1m^[22m[39m[31m[1m^[22m[39m[31m[1m^[22m[39m[31m[1m^[22m[39m[31m[1m^[22m[39m[31m[1m^[22m[39m[3
1m[1m^[22m[39m[31m[1m^[22m[39m[31m[1m^[22m[39m[31m[1m^[22m[39m[31m[1m^[22m[39m[31m[1m^[22m[39m[31m[1m^[22m[39m[3
1m[1m^[22m[39m[31m[1m^[22m[39m[31m[1m^[22m[39m[31m[1m^[22m[39m[31m[1m^[22m[39m[31m[1m^[22m[39m[31m[1m^[22m[39m[3
1m[1m^[22m[39m[31m[1m^[22m[39m[31m[1m^[22m[39m[31m[1m^[22m[39m[31m[1m^[22m[39m[31m[1m^[22m[39m[31m[1m^[22m[39m[3
1m[1m^[22m[39m[31m[1m^[22m[39m[31m[1m^[22m[39m
 [90m 19 |[39m [36mimport[39m { toast } [36mfrom[39m [32m'sonner'[39m[33m;[39m
 [90m 20 |[39m [36mimport[39m { format } [36mfrom[39m [32m'date-fns'[39m[33m;[39m
 [90m 21 |[39m [36mimport[39m { cn } [36mfrom[39m [32m'@/lib/utils'[39m[33m;[39m[0m

Import map: aliased to relative './src/integrations/supabase/client' inside of [project]/


Import traces:
  Client Component Browser:
    ./src/components/admin/AdminMembersTab.tsx [Client Component Browser]
    ./src/app/admin/page.tsx [Client Component Browser]
    ./src/app/admin/page.tsx [Server Component]

  Client Component SSR:
    ./src/components/admin/AdminMembersTab.tsx [Client Component SSR]
    ./src/app/admin/page.tsx [Client Component SSR]
    ./src/app/admin/page.tsx [Server Component]

https://nextjs.org/docs/messages/module-not-found


./src/components/admin/AdminOverviewTab.tsx:8:1
Module not found: Can't resolve '@/integrations/supabase/client'
[0m [90m  6 |[39m [36mimport[39m { [33mButton[39m } [36mfrom[39m [32m'@/components/ui/button'[39m[33m;[39m
 [90m  7 |[39m [36mimport[39m { [33mSkeleton[39m } [36mfrom[39m [32m'@/components/ui/skeleton'[39m[33m;[39m
[31m[1m>[22m[39m[90m  8 |[39m [36mimport[39m { supabase } [36mfrom[39m [32m'@/integrations/supabase/client'[39m[33m;[39m
 [90m    |[39m [31m[1m^[22m[39m[31m[1m^[22m[39m[31m[1m^[22m[39m[31m[1m^[22m[39m[31m[1m^[22m[39m[31m[1m^[22m[39m[3
1m[1m^[22m[39m[31m[1m^[22m[39m[31m[1m^[22m[39m[31m[1m^[22m[39m[31m[1m^[22m[39m[31m[1m^[22m[39m[31m[1m^[22m[39m[3
1m[1m^[22m[39m[31m[1m^[22m[39m[31m[1m^[22m[39m[31m[1m^[22m[39m[31m[1m^[22m[39m[31m[1m^[22m[39m[31m[1m^[22m[39m[3
1m[1m^[22m[39m[31m[1m^[22m[39m[31m[1m^[22m[39m[31m[1m^[22m[39m[31m[1m^[22m[39m[31m[1m^[22m[39m[31m[1m^[22m[39m[3
1m[1m^[22m[39m[31m[1m^[22m[39m[31m[1m^[22m[39m[31m[1m^[22m[39m[31m[1m^[22m[39m[31m[1m^[22m[39m[31m[1m^[22m[39m[3
1m[1m^[22m[39m[31m[1m^[22m[39m[31m[1m^[22m[39m[31m[1m^[22m[39m[31m[1m^[22m[39m[31m[1m^[22m[39m[31m[1m^[22m[39m[3
1m[1m^[22m[39m[31m[1m^[22m[39m[31m[1m^[22m[39m[31m[1m^[22m[39m[31m[1m^[22m[39m[31m[1m^[22m[39m[31m[1m^[22m[39m[3
1m[1m^[22m[39m[31m[1m^[22m[39m[31m[1m^[22m[39m[31m[1m^[22m[39m[31m[1m^[22m[39m[31m[1m^[22m[39m[31m[1m^[22m[39m[3
1m[1m^[22m[39m[31m[1m^[22m[39m[31m[1m^[22m[39m
 [90m  9 |[39m [36mimport[39m { [33mAdminBroadcast[39m } [36mfrom[39m [32m'@/components/AdminBroadcast'[39m[33m;[39m
 [90m 10 |[39m [36mimport[39m { [33mAddMemberDialog[39m } [36mfrom[39m [32m'@/components/admin/AddMemberDialog'[39m[33m;[39m
 [90m 11 |[39m [36mimport[39m { [33mAddProspectDialog[39m } [36mfrom[39m 
[32m'@/components/admin/AddProspectDialog'[39m[33m;[39m[0m

Import map: aliased to relative './src/integrations/supabase/client' inside of [project]/


Import traces:
  Client Component Browser:
    ./src/components/admin/AdminOverviewTab.tsx [Client Component Browser]
    ./src/app/admin/page.tsx [Client Component Browser]
    ./src/app/admin/page.tsx [Server Component]

  Client Component SSR:
    ./src/components/admin/AdminOverviewTab.tsx [Client Component SSR]
    ./src/app/admin/page.tsx [Client Component SSR]
    ./src/app/admin/page.tsx [Server Component]

https://nextjs.org/docs/messages/module-not-found


./src/components/admin/AdminProspectsTab.tsx:12:1
Module not found: Can't resolve '@/integrations/supabase/client'
[0m [90m 10 |[39m [36mimport[39m { [33mAddProspectDialog[39m } [36mfrom[39m 
[32m'@/components/admin/AddProspectDialog'[39m[33m;[39m
 [90m 11 |[39m [36mimport[39m { [33mEditProspectDialog[39m } [36mfrom[39m 
[32m'@/components/admin/EditProspectDialog'[39m[33m;[39m
[31m[1m>[22m[39m[90m 12 |[39m [36mimport[39m { supabase } [36mfrom[39m [32m'@/integrations/supabase/client'[39m[33m;[39m
 [90m    |[39m [31m[1m^[22m[39m[31m[1m^[22m[39m[31m[1m^[22m[39m[31m[1m^[22m[39m[31m[1m^[22m[39m[31m[1m^[22m[39m[3
1m[1m^[22m[39m[31m[1m^[22m[39m[31m[1m^[22m[39m[31m[1m^[22m[39m[31m[1m^[22m[39m[31m[1m^[22m[39m[31m[1m^[22m[39m[3
1m[1m^[22m[39m[31m[1m^[22m[39m[31m[1m^[22m[39m[31m[1m^[22m[39m[31m[1m^[22m[39m[31m[1m^[22m[39m[31m[1m^[22m[39m[3
1m[1m^[22m[39m[31m[1m^[22m[39m[31m[1m^[22m[39m[31m[1m^[22m[39m[31m[1m^[22m[39m[31m[1m^[22m[39m[31m[1m^[22m[39m[3
1m[1m^[22m[39m[31m[1m^[22m[39m[31m[1m^[22m[39m[31m[1m^[22m[39m[31m[1m^[22m[39m[31m[1m^[22m[39m[31m[1m^[22m[39m[3
1m[1m^[22m[39m[31m[1m^[22m[39m[31m[1m^[22m[39m[31m[1m^[22m[39m[31m[1m^[22m[39m[31m[1m^[22m[39m[31m[1m^[22m[39m[3
1m[1m^[22m[39m[31m[1m^[22m[39m[31m[1m^[22m[39m[31m[1m^[22m[39m[31m[1m^[22m[39m[31m[1m^[22m[39m[31m[1m^[22m[39m[3
1m[1m^[22m[39m[31m[1m^[22m[39m[31m[1m^[22m[39m[31m[1m^[22m[39m[31m[1m^[22m[39m[31m[1m^[22m[39m[31m[1m^[22m[39m[3
1m[1m^[22m[39m[31m[1m^[22m[39m[31m[1m^[22m[39m
 [90m 13 |[39m [36mimport[39m { format } [36mfrom[39m [32m'date-fns'[39m[33m;[39m
 [90m 14 |[39m [36mimport[39m { [33mPlus[39m[33m,[39m [33mSearch[39m[33m,[39m [33mArrowLeft[39m } [36mfrom[39m 
[32m'lucide-react'[39m[33m;[39m
 [90m 15 |[39m[0m

Import map: aliased to relative './src/integrations/supabase/client' inside of [project]/


Import traces:
  Client Component Browser:
    ./src/components/admin/AdminProspectsTab.tsx [Client Component Browser]
    ./src/app/admin/page.tsx [Client Component Browser]
    ./src/app/admin/page.tsx [Server Component]

  Client Component SSR:
    ./src/components/admin/AdminProspectsTab.tsx [Client Component SSR]
    ./src/app/admin/page.tsx [Client Component SSR]
    ./src/app/admin/page.tsx [Server Component]

https://nextjs.org/docs/messages/module-not-found


./src/components/admin/AdminSponsorsTab.tsx:12:1
Module not found: Can't resolve '@/integrations/supabase/client'
[0m [90m 10 |[39m [36mimport[39m { [33mAddSponsorDialog[39m } [36mfrom[39m 
[32m'@/components/admin/AddSponsorDialog'[39m[33m;[39m
 [90m 11 |[39m [36mimport[39m { [33mEditSponsorDialog[39m } [36mfrom[39m [32m'@/components/admin/EditSponsorDialog'[39m[33m;[39m
[31m[1m>[22m[39m[90m 12 |[39m [36mimport[39m { supabase } [36mfrom[39m [32m'@/integrations/supabase/client'[39m[33m;[39m
 [90m    |[39m [31m[1m^[22m[39m[31m[1m^[22m[39m[31m[1m^[22m[39m[31m[1m^[22m[39m[31m[1m^[22m[39m[31m[1m^[22m[39m[3
1m[1m^[22m[39m[31m[1m^[22m[39m[31m[1m^[22m[39m[31m[1m^[22m[39m[31m[1m^[22m[39m[31m[1m^[22m[39m[31m[1m^[22m[39m[3
1m[1m^[22m[39m[31m[1m^[22m[39m[31m[1m^[22m[39m[31m[1m^[22m[39m[31m[1m^[22m[39m[31m[1m^[22m[39m[31m[1m^[22m[39m[3
1m[1m^[22m[39m[31m[1m^[22m[39m[31m[1m^[22m[39m[31m[1m^[22m[39m[31m[1m^[22m[39m[31m[1m^[22m[39m[31m[1m^[22m[39m[3
1m[1m^[22m[39m[31m[1m^[22m[39m[31m[1m^[22m[39m[31m[1m^[22m[39m[31m[1m^[22m[39m[31m[1m^[22m[39m[31m[1m^[22m[39m[3
1m[1m^[22m[39m[31m[1m^[22m[39m[31m[1m^[22m[39m[31m[1m^[22m[39m[31m[1m^[22m[39m[31m[1m^[22m[39m[31m[1m^[22m[39m[3
1m[1m^[22m[39m[31m[1m^[22m[39m[31m[1m^[22m[39m[31m[1m^[22m[39m[31m[1m^[22m[39m[31m[1m^[22m[39m[31m[1m^[22m[39m[3
1m[1m^[22m[39m[31m[1m^[22m[39m[31m[1m^[22m[39m[31m[1m^[22m[39m[31m[1m^[22m[39m[31m[1m^[22m[39m[31m[1m^[22m[39m[3
1m[1m^[22m[39m[31m[1m^[22m[39m[31m[1m^[22m[39m
 [90m 13 |[39m [36mimport[39m { [33mPlus[39m[33m,[39m [33mSearch[39m[33m,[39m [33mArrowLeft[39m } [36mfrom[39m 
[32m'lucide-react'[39m[33m;[39m
 [90m 14 |[39m
 [90m 15 |[39m [36minterface[39m [33mSponsor[39m {[0m

Import map: aliased to relative './src/integrations/supabase/client' inside of [project]/


Import traces:
  Client Component Browser:
    ./src/components/admin/AdminSponsorsTab.tsx [Client Component Browser]
    ./src/app/admin/page.tsx [Client Component Browser]
    ./src/app/admin/page.tsx [Server Component]

  Client Component SSR:
    ./src/components/admin/AdminSponsorsTab.tsx [Client Component SSR]
    ./src/app/admin/page.tsx [Client Component SSR]
    ./src/app/admin/page.tsx [Server Component]

https://nextjs.org/docs/messages/module-not-found


./src/components/admin/EditProspectDialog.tsx:11:1
Module not found: Can't resolve '@/integrations/supabase/client'
[0m [90m  9 |[39m [36mimport[39m { [33mSelect[39m[33m,[39m [33mSelectContent[39m[33m,[39m [33mSelectItem[39m[33m,[39m 
[33mSelectTrigger[39m[33m,[39m [33mSelectValue[39m } [36mfrom[39m [32m'@/components/ui/select'[39m[33m;[39m
 [90m 10 |[39m [36mimport[39m { toast } [36mfrom[39m [32m'sonner'[39m[33m;[39m
[31m[1m>[22m[39m[90m 11 |[39m [36mimport[39m { supabase } [36mfrom[39m [32m'@/integrations/supabase/client'[39m[33m;[39m
 [90m    |[39m [31m[1m^[22m[39m[31m[1m^[22m[39m[31m[1m^[22m[39m[31m[1m^[22m[39m[31m[1m^[22m[39m[31m[1m^[22m[39m[3
1m[1m^[22m[39m[31m[1m^[22m[39m[31m[1m^[22m[39m[31m[1m^[22m[39m[31m[1m^[22m[39m[31m[1m^[22m[39m[31m[1m^[22m[39m[3
1m[1m^[22m[39m[31m[1m^[22m[39m[31m[1m^[22m[39m[31m[1m^[22m[39m[31m[1m^[22m[39m[31m[1m^[22m[39m[31m[1m^[22m[39m[3
1m[1m^[22m[39m[31m[1m^[22m[39m[31m[1m^[22m[39m[31m[1m^[22m[39m[31m[1m^[22m[39m[31m[1m^[22m[39m[31m[1m^[22m[39m[3
1m[1m^[22m[39m[31m[1m^[22m[39m[31m[1m^[22m[39m[31m[1m^[22m[39m[31m[1m^[22m[39m[31m[1m^[22m[39m[31m[1m^[22m[39m[3
1m[1m^[22m[39m[31m[1m^[22m[39m[31m[1m^[22m[39m[31m[1m^[22m[39m[31m[1m^[22m[39m[31m[1m^[22m[39m[31m[1m^[22m[39m[3
1m[1m^[22m[39m[31m[1m^[22m[39m[31m[1m^[22m[39m[31m[1m^[22m[39m[31m[1m^[22m[39m[31m[1m^[22m[39m[31m[1m^[22m[39m[3
1m[1m^[22m[39m[31m[1m^[22m[39m[31m[1m^[22m[39m[31m[1m^[22m[39m[31m[1m^[22m[39m[31m[1m^[22m[39m[31m[1m^[22m[39m[3
1m[1m^[22m[39m[31m[1m^[22m[39m[31m[1m^[22m[39m
 [90m 12 |[39m [36mimport[39m { [33mLoader2[39m[33m,[39m [33mTrash2[39m } [36mfrom[39m [32m'lucide-react'[39m[33m;[39m
 [90m 13 |[39m [36mimport[39m { [33mDeleteConfirmDialog[39m } [36mfrom[39m [32m'./DeleteConfirmDialog'[39m[33m;[39m
 [90m 14 |[39m[0m

Import map: aliased to relative './src/integrations/supabase/client' inside of [project]/


Import traces:
  Client Component Browser:
    ./src/components/admin/EditProspectDialog.tsx [Client Component Browser]
    ./src/components/admin/AdminProspectsTab.tsx [Client Component Browser]
    ./src/app/admin/page.tsx [Client Component Browser]
    ./src/app/admin/page.tsx [Server Component]

  Client Component SSR:
    ./src/components/admin/EditProspectDialog.tsx [Client Component SSR]
    ./src/components/admin/AdminProspectsTab.tsx [Client Component SSR]
    ./src/app/admin/page.tsx [Client Component SSR]
    ./src/app/admin/page.tsx [Server Component]

https://nextjs.org/docs/messages/module-not-found


./src/components/admin/EditSponsorDialog.tsx:11:1
Module not found: Can't resolve '@/integrations/supabase/client'
[0m [90m  9 |[39m [36mimport[39m { [33mSelect[39m[33m,[39m [33mSelectContent[39m[33m,[39m [33mSelectItem[39m[33m,[39m 
[33mSelectTrigger[39m[33m,[39m [33mSelectValue[39m } [36mfrom[39m [32m'@/components/ui/select'[39m[33m;[39m
 [90m 10 |[39m [36mimport[39m { toast } [36mfrom[39m [32m'sonner'[39m[33m;[39m
[31m[1m>[22m[39m[90m 11 |[39m [36mimport[39m { supabase } [36mfrom[39m [32m'@/integrations/supabase/client'[39m[33m;[39m
 [90m    |[39m [31m[1m^[22m[39m[31m[1m^[22m[39m[31m[1m^[22m[39m[31m[1m^[22m[39m[31m[1m^[22m[39m[31m[1m^[22m[39m[3
1m[1m^[22m[39m[31m[1m^[22m[39m[31m[1m^[22m[39m[31m[1m^[22m[39m[31m[1m^[22m[39m[31m[1m^[22m[39m[31m[1m^[22m[39m[3
1m[1m^[22m[39m[31m[1m^[22m[39m[31m[1m^[22m[39m[31m[1m^[22m[39m[31m[1m^[22m[39m[31m[1m^[22m[39m[31m[1m^[22m[39m[3
1m[1m^[22m[39m[31m[1m^[22m[39m[31m[1m^[22m[39m[31m[1m^[22m[39m[31m[1m^[22m[39m[31m[1m^[22m[39m[31m[1m^[22m[39m[3
1m[1m^[22m[39m[31m[1m^[22m[39m[31m[1m^[22m[39m[31m[1m^[22m[39m[31m[1m^[22m[39m[31m[1m^[22m[39m[31m[1m^[22m[39m[3
1m[1m^[22m[39m[31m[1m^[22m[39m[31m[1m^[22m[39m[31m[1m^[22m[39m[31m[1m^[22m[39m[31m[1m^[22m[39m[31m[1m^[22m[39m[3
1m[1m^[22m[39m[31m[1m^[22m[39m[31m[1m^[22m[39m[31m[1m^[22m[39m[31m[1m^[22m[39m[31m[1m^[22m[39m[31m[1m^[22m[39m[3
1m[1m^[22m[39m[31m[1m^[22m[39m[31m[1m^[22m[39m[31m[1m^[22m[39m[31m[1m^[22m[39m[31m[1m^[22m[39m[31m[1m^[22m[39m[3
1m[1m^[22m[39m[31m[1m^[22m[39m[31m[1m^[22m[39m
 [90m 12 |[39m [36mimport[39m { [33mLoader2[39m[33m,[39m [33mTrash2[39m } [36mfrom[39m [32m'lucide-react'[39m[33m;[39m
 [90m 13 |[39m [36mimport[39m { [33mDeleteConfirmDialog[39m } [36mfrom[39m [32m'./DeleteConfirmDialog'[39m[33m;[39m
 [90m 14 |[39m[0m

Import map: aliased to relative './src/integrations/supabase/client' inside of [project]/


Import traces:
  Client Component Browser:
    ./src/components/admin/EditSponsorDialog.tsx [Client Component Browser]
    ./src/components/admin/AdminSponsorsTab.tsx [Client Component Browser]
    ./src/app/admin/page.tsx [Client Component Browser]
    ./src/app/admin/page.tsx [Server Component]

  Client Component SSR:
    ./src/components/admin/EditSponsorDialog.tsx [Client Component SSR]
    ./src/components/admin/AdminSponsorsTab.tsx [Client Component SSR]
    ./src/app/admin/page.tsx [Client Component SSR]
    ./src/app/admin/page.tsx [Server Component]

https://nextjs.org/docs/messages/module-not-found


./src/components/admin/GeneralSettings.tsx:4:1
Module not found: Can't resolve '@/integrations/supabase/client'
[0m [90m 2 |[39m
 [90m 3 |[39m [36mimport[39m { useEffect[33m,[39m useState } [36mfrom[39m [32m'react'[39m[33m;[39m
[31m[1m>[22m[39m[90m 4 |[39m [36mimport[39m { supabase } [36mfrom[39m [32m'@/integrations/supabase/client'[39m[33m;[39m
 [90m   |[39m [31m[1m^[22m[39m[31m[1m^[22m[39m[31m[1m^[22m[39m[31m[1m^[22m[39m[31m[1m^[22m[39m[31m[1m^[22m[39m[31
m[1m^[22m[39m[31m[1m^[22m[39m[31m[1m^[22m[39m[31m[1m^[22m[39m[31m[1m^[22m[39m[31m[1m^[22m[39m[31m[1m^[22m[39m[31
m[1m^[22m[39m[31m[1m^[22m[39m[31m[1m^[22m[39m[31m[1m^[22m[39m[31m[1m^[22m[39m[31m[1m^[22m[39m[31m[1m^[22m[39m[31
m[1m^[22m[39m[31m[1m^[22m[39m[31m[1m^[22m[39m[31m[1m^[22m[39m[31m[1m^[22m[39m[31m[1m^[22m[39m[31m[1m^[22m[39m[31
m[1m^[22m[39m[31m[1m^[22m[39m[31m[1m^[22m[39m[31m[1m^[22m[39m[31m[1m^[22m[39m[31m[1m^[22m[39m[31m[1m^[22m[39m[31
m[1m^[22m[39m[31m[1m^[22m[39m[31m[1m^[22m[39m[31m[1m^[22m[39m[31m[1m^[22m[39m[31m[1m^[22m[39m[31m[1m^[22m[39m[31
m[1m^[22m[39m[31m[1m^[22m[39m[31m[1m^[22m[39m[31m[1m^[22m[39m[31m[1m^[22m[39m[31m[1m^[22m[39m[31m[1m^[22m[39m[31
m[1m^[22m[39m[31m[1m^[22m[39m[31m[1m^[22m[39m[31m[1m^[22m[39m[31m[1m^[22m[39m[31m[1m^[22m[39m[31m[1m^[22m[39m[31
m[1m^[22m[39m[31m[1m^[22m[39m[31m[1m^[22m[39m
 [90m 5 |[39m [36mimport[39m { toast } [36mfrom[39m [32m'sonner'[39m[33m;[39m
 [90m 6 |[39m [36mimport[39m { [33mButton[39m } [36mfrom[39m [32m'@/components/ui/button'[39m[33m;[39m
 [90m 7 |[39m [36mimport[39m { [33mInput[39m } [36mfrom[39m [32m'@/components/ui/input'[39m[33m;[39m[0m

Import map: aliased to relative './src/integrations/supabase/client' inside of [project]/


Import traces:
  Client Component Browser:
    ./src/components/admin/GeneralSettings.tsx [Client Component Browser]
    ./src/app/admin/settings/page.tsx [Client Component Browser]
    ./src/app/admin/settings/page.tsx [Server Component]

  Client Component SSR:
    ./src/components/admin/GeneralSettings.tsx [Client Component SSR]
    ./src/app/admin/settings/page.tsx [Client Component SSR]
    ./src/app/admin/settings/page.tsx [Server Component]

https://nextjs.org/docs/messages/module-not-found


./src/components/admin/MembershipSettings.tsx:4:1
Module not found: Can't resolve '@/integrations/supabase/client'
[0m [90m 2 |[39m
 [90m 3 |[39m [36mimport[39m { useEffect[33m,[39m useState } [36mfrom[39m [32m'react'[39m[33m;[39m
[31m[1m>[22m[39m[90m 4 |[39m [36mimport[39m { supabase } [36mfrom[39m [32m'@/integrations/supabase/client'[39m[33m;[39m
 [90m   |[39m [31m[1m^[22m[39m[31m[1m^[22m[39m[31m[1m^[22m[39m[31m[1m^[22m[39m[31m[1m^[22m[39m[31m[1m^[22m[39m[31
m[1m^[22m[39m[31m[1m^[22m[39m[31m[1m^[22m[39m[31m[1m^[22m[39m[31m[1m^[22m[39m[31m[1m^[22m[39m[31m[1m^[22m[39m[31
m[1m^[22m[39m[31m[1m^[22m[39m[31m[1m^[22m[39m[31m[1m^[22m[39m[31m[1m^[22m[39m[31m[1m^[22m[39m[31m[1m^[22m[39m[31
m[1m^[22m[39m[31m[1m^[22m[39m[31m[1m^[22m[39m[31m[1m^[22m[39m[31m[1m^[22m[39m[31m[1m^[22m[39m[31m[1m^[22m[39m[31
m[1m^[22m[39m[31m[1m^[22m[39m[31m[1m^[22m[39m[31m[1m^[22m[39m[31m[1m^[22m[39m[31m[1m^[22m[39m[31m[1m^[22m[39m[31
m[1m^[22m[39m[31m[1m^[22m[39m[31m[1m^[22m[39m[31m[1m^[22m[39m[31m[1m^[22m[39m[31m[1m^[22m[39m[31m[1m^[22m[39m[31
m[1m^[22m[39m[31m[1m^[22m[39m[31m[1m^[22m[39m[31m[1m^[22m[39m[31m[1m^[22m[39m[31m[1m^[22m[39m[31m[1m^[22m[39m[31
m[1m^[22m[39m[31m[1m^[22m[39m[31m[1m^[22m[39m[31m[1m^[22m[39m[31m[1m^[22m[39m[31m[1m^[22m[39m[31m[1m^[22m[39m[31
m[1m^[22m[39m[31m[1m^[22m[39m[31m[1m^[22m[39m
 [90m 5 |[39m [36mimport[39m { toast } [36mfrom[39m [32m'sonner'[39m[33m;[39m
 [90m 6 |[39m [36mimport[39m { [33mButton[39m } [36mfrom[39m [32m'@/components/ui/button'[39m[33m;[39m
 [90m 7 |[39m [36mimport[39m { [33mBadge[39m } [36mfrom[39m [32m'@/components/ui/badge'[39m[33m;[39m[0m

Import map: aliased to relative './src/integrations/supabase/client' inside of [project]/


Import traces:
  Client Component Browser:
    ./src/components/admin/MembershipSettings.tsx [Client Component Browser]
    ./src/app/admin/settings/page.tsx [Client Component Browser]
    ./src/app/admin/settings/page.tsx [Server Component]

  Client Component SSR:
    ./src/components/admin/MembershipSettings.tsx [Client Component SSR]
    ./src/app/admin/settings/page.tsx [Client Component SSR]
    ./src/app/admin/settings/page.tsx [Server Component]

https://nextjs.org/docs/messages/module-not-found


./src/components/admin/QuickAddMemberDialog.tsx:11:1
Module not found: Can't resolve '@/integrations/supabase/client'
[0m [90m  9 |[39m [36mimport[39m { [33mCheckbox[39m } [36mfrom[39m [32m"@/components/ui/checkbox"[39m[33m;[39m
 [90m 10 |[39m [36mimport[39m { toast } [36mfrom[39m [32m"sonner"[39m[33m;[39m
[31m[1m>[22m[39m[90m 11 |[39m [36mimport[39m { supabase } [36mfrom[39m [32m"@/integrations/supabase/client"[39m[33m;[39m
 [90m    |[39m [31m[1m^[22m[39m[31m[1m^[22m[39m[31m[1m^[22m[39m[31m[1m^[22m[39m[31m[1m^[22m[39m[31m[1m^[22m[39m[3
1m[1m^[22m[39m[31m[1m^[22m[39m[31m[1m^[22m[39m[31m[1m^[22m[39m[31m[1m^[22m[39m[31m[1m^[22m[39m[31m[1m^[22m[39m[3
1m[1m^[22m[39m[31m[1m^[22m[39m[31m[1m^[22m[39m[31m[1m^[22m[39m[31m[1m^[22m[39m[31m[1m^[22m[39m[31m[1m^[22m[39m[3
1m[1m^[22m[39m[31m[1m^[22m[39m[31m[1m^[22m[39m[31m[1m^[22m[39m[31m[1m^[22m[39m[31m[1m^[22m[39m[31m[1m^[22m[39m[3
1m[1m^[22m[39m[31m[1m^[22m[39m[31m[1m^[22m[39m[31m[1m^[22m[39m[31m[1m^[22m[39m[31m[1m^[22m[39m[31m[1m^[22m[39m[3
1m[1m^[22m[39m[31m[1m^[22m[39m[31m[1m^[22m[39m[31m[1m^[22m[39m[31m[1m^[22m[39m[31m[1m^[22m[39m[31m[1m^[22m[39m[3
1m[1m^[22m[39m[31m[1m^[22m[39m[31m[1m^[22m[39m[31m[1m^[22m[39m[31m[1m^[22m[39m[31m[1m^[22m[39m[31m[1m^[22m[39m[3
1m[1m^[22m[39m[31m[1m^[22m[39m[31m[1m^[22m[39m[31m[1m^[22m[39m[31m[1m^[22m[39m[31m[1m^[22m[39m[31m[1m^[22m[39m[3
1m[1m^[22m[39m[31m[1m^[22m[39m[31m[1m^[22m[39m
 [90m 12 |[39m [36mimport[39m { [33mLoader2[39m } [36mfrom[39m [32m"lucide-react"[39m[33m;[39m
 [90m 13 |[39m
 [90m 14 |[39m [36minterface[39m [33mQuickAddMemberDialogProps[39m {[0m

Import map: aliased to relative './src/integrations/supabase/client' inside of [project]/


Import traces:
  Client Component Browser:
    ./src/components/admin/QuickAddMemberDialog.tsx [Client Component Browser]
    ./src/components/admin/AdminMembersTab.tsx [Client Component Browser]
    ./src/app/admin/page.tsx [Client Component Browser]
    ./src/app/admin/page.tsx [Server Component]

  Client Component SSR:
    ./src/components/admin/QuickAddMemberDialog.tsx [Client Component SSR]
    ./src/components/admin/AdminMembersTab.tsx [Client Component SSR]
    ./src/app/admin/page.tsx [Client Component SSR]
    ./src/app/admin/page.tsx [Server Component]

https://nextjs.org/docs/messages/module-not-found


./src/components/admin/TaskBoard.tsx:7:1
Module not found: Can't resolve '@/integrations/supabase/client'
[0m [90m  5 |[39m [36mimport[39m { [33mButton[39m } [36mfrom[39m [32m'@/components/ui/button'[39m[33m;[39m
 [90m  6 |[39m [36mimport[39m { [33mSkeleton[39m } [36mfrom[39m [32m'@/components/ui/skeleton'[39m[33m;[39m
[31m[1m>[22m[39m[90m  7 |[39m [36mimport[39m { supabase } [36mfrom[39m [32m'@/integrations/supabase/client'[39m[33m;[39m
 [90m    |[39m [31m[1m^[22m[39m[31m[1m^[22m[39m[31m[1m^[22m[39m[31m[1m^[22m[39m[31m[1m^[22m[39m[31m[1m^[22m[39m[3
1m[1m^[22m[39m[31m[1m^[22m[39m[31m[1m^[22m[39m[31m[1m^[22m[39m[31m[1m^[22m[39m[31m[1m^[22m[39m[31m[1m^[22m[39m[3
1m[1m^[22m[39m[31m[1m^[22m[39m[31m[1m^[22m[39m[31m[1m^[22m[39m[31m[1m^[22m[39m[31m[1m^[22m[39m[31m[1m^[22m[39m[3
1m[1m^[22m[39m[31m[1m^[22m[39m[31m[1m^[22m[39m[31m[1m^[22m[39m[31m[1m^[22m[39m[31m[1m^[22m[39m[31m[1m^[22m[39m[3
1m[1m^[22m[39m[31m[1m^[22m[39m[31m[1m^[22m[39m[31m[1m^[22m[39m[31m[1m^[22m[39m[31m[1m^[22m[39m[31m[1m^[22m[39m[3
1m[1m^[22m[39m[31m[1m^[22m[39m[31m[1m^[22m[39m[31m[1m^[22m[39m[31m[1m^[22m[39m[31m[1m^[22m[39m[31m[1m^[22m[39m[3
1m[1m^[22m[39m[31m[1m^[22m[39m[31m[1m^[22m[39m[31m[1m^[22m[39m[31m[1m^[22m[39m[31m[1m^[22m[39m[31m[1m^[22m[39m[3
1m[1m^[22m[39m[31m[1m^[22m[39m[31m[1m^[22m[39m[31m[1m^[22m[39m[31m[1m^[22m[39m[31m[1m^[22m[39m[31m[1m^[22m[39m[3
1m[1m^[22m[39m[31m[1m^[22m[39m[31m[1m^[22m[39m
 [90m  8 |[39m [36mimport[39m { toast } [36mfrom[39m [32m'sonner'[39m[33m;[39m
 [90m  9 |[39m [36mimport[39m { [33mTaskCard[39m } [36mfrom[39m [32m'./TaskCard'[39m[33m;[39m
 [90m 10 |[39m [36mimport[39m { [33mTaskDialog[39m } [36mfrom[39m [32m'./TaskDialog'[39m[33m;[39m[0m

Import map: aliased to relative './src/integrations/supabase/client' inside of [project]/


Import traces:
  Client Component Browser:
    ./src/components/admin/TaskBoard.tsx [Client Component Browser]
    ./src/app/admin/page.tsx [Client Component Browser]
    ./src/app/admin/page.tsx [Server Component]

  Client Component SSR:
    ./src/components/admin/TaskBoard.tsx [Client Component SSR]
    ./src/app/admin/page.tsx [Client Component SSR]
    ./src/app/admin/page.tsx [Server Component]

https://nextjs.org/docs/messages/module-not-found


./src/components/admin/TaskDialog.tsx:13:1
Module not found: Can't resolve '@/integrations/supabase/client'
[0m [90m 11 |[39m [36mimport[39m { [33mCalendar[39m } [36mfrom[39m [32m'@/components/ui/calendar'[39m[33m;[39m
 [90m 12 |[39m [36mimport[39m { toast } [36mfrom[39m [32m'sonner'[39m[33m;[39m
[31m[1m>[22m[39m[90m 13 |[39m [36mimport[39m { supabase } [36mfrom[39m [32m'@/integrations/supabase/client'[39m[33m;[39m
 [90m    |[39m [31m[1m^[22m[39m[31m[1m^[22m[39m[31m[1m^[22m[39m[31m[1m^[22m[39m[31m[1m^[22m[39m[31m[1m^[22m[39m[3
1m[1m^[22m[39m[31m[1m^[22m[39m[31m[1m^[22m[39m[31m[1m^[22m[39m[31m[1m^[22m[39m[31m[1m^[22m[39m[31m[1m^[22m[39m[3
1m[1m^[22m[39m[31m[1m^[22m[39m[31m[1m^[22m[39m[31m[1m^[22m[39m[31m[1m^[22m[39m[31m[1m^[22m[39m[31m[1m^[22m[39m[3
1m[1m^[22m[39m[31m[1m^[22m[39m[31m[1m^[22m[39m[31m[1m^[22m[39m[31m[1m^[22m[39m[31m[1m^[22m[39m[31m[1m^[22m[39m[3
1m[1m^[22m[39m[31m[1m^[22m[39m[31m[1m^[22m[39m[31m[1m^[22m[39m[31m[1m^[22m[39m[31m[1m^[22m[39m[31m[1m^[22m[39m[3
1m[1m^[22m[39m[31m[1m^[22m[39m[31m[1m^[22m[39m[31m[1m^[22m[39m[31m[1m^[22m[39m[31m[1m^[22m[39m[31m[1m^[22m[39m[3
1m[1m^[22m[39m[31m[1m^[22m[39m[31m[1m^[22m[39m[31m[1m^[22m[39m[31m[1m^[22m[39m[31m[1m^[22m[39m[31m[1m^[22m[39m[3
1m[1m^[22m[39m[31m[1m^[22m[39m[31m[1m^[22m[39m[31m[1m^[22m[39m[31m[1m^[22m[39m[31m[1m^[22m[39m[31m[1m^[22m[39m[3
1m[1m^[22m[39m[31m[1m^[22m[39m[31m[1m^[22m[39m
 [90m 14 |[39m [36mimport[39m { [33mLoader2[39m[33m,[39m [33mTrash2[39m[33m,[39m [33mCalendarIcon[39m } [36mfrom[39m 
[32m'lucide-react'[39m[33m;[39m
 [90m 15 |[39m [36mimport[39m { format } [36mfrom[39m [32m'date-fns'[39m[33m;[39m
 [90m 16 |[39m [36mimport[39m { cn } [36mfrom[39m [32m'@/lib/utils'[39m[33m;[39m[0m

Import map: aliased to relative './src/integrations/supabase/client' inside of [project]/


Import traces:
  Client Component Browser:
    ./src/components/admin/TaskDialog.tsx [Client Component Browser]
    ./src/components/admin/TaskBoard.tsx [Client Component Browser]
    ./src/app/admin/page.tsx [Client Component Browser]
    ./src/app/admin/page.tsx [Server Component]

  Client Component SSR:
    ./src/components/admin/TaskDialog.tsx [Client Component SSR]
    ./src/components/admin/TaskBoard.tsx [Client Component SSR]
    ./src/app/admin/page.tsx [Client Component SSR]
    ./src/app/admin/page.tsx [Server Component]

https://nextjs.org/docs/messages/module-not-found


./src/hooks/useOfflineCheckIn.ts:4:1
Module not found: Can't resolve '@/integrations/supabase/client'
[0m [90m 2 |[39m
 [90m 3 |[39m [36mimport[39m { useState[33m,[39m useEffect[33m,[39m useCallback } [36mfrom[39m [32m'react'[39m[33m;[39m
[31m[1m>[22m[39m[90m 4 |[39m [36mimport[39m { supabase } [36mfrom[39m [32m'@/integrations/supabase/client'[39m[33m;[39m
 [90m   |[39m [31m[1m^[22m[39m[31m[1m^[22m[39m[31m[1m^[22m[39m[31m[1m^[22m[39m[31m[1m^[22m[39m[31m[1m^[22m[39m[31
m[1m^[22m[39m[31m[1m^[22m[39m[31m[1m^[22m[39m[31m[1m^[22m[39m[31m[1m^[22m[39m[31m[1m^[22m[39m[31m[1m^[22m[39m[31
m[1m^[22m[39m[31m[1m^[22m[39m[31m[1m^[22m[39m[31m[1m^[22m[39m[31m[1m^[22m[39m[31m[1m^[22m[39m[31m[1m^[22m[39m[31
m[1m^[22m[39m[31m[1m^[22m[39m[31m[1m^[22m[39m[31m[1m^[22m[39m[31m[1m^[22m[39m[31m[1m^[22m[39m[31m[1m^[22m[39m[31
m[1m^[22m[39m[31m[1m^[22m[39m[31m[1m^[22m[39m[31m[1m^[22m[39m[31m[1m^[22m[39m[31m[1m^[22m[39m[31m[1m^[22m[39m[31
m[1m^[22m[39m[31m[1m^[22m[39m[31m[1m^[22m[39m[31m[1m^[22m[39m[31m[1m^[22m[39m[31m[1m^[22m[39m[31m[1m^[22m[39m[31
m[1m^[22m[39m[31m[1m^[22m[39m[31m[1m^[22m[39m[31m[1m^[22m[39m[31m[1m^[22m[39m[31m[1m^[22m[39m[31m[1m^[22m[39m[31
m[1m^[22m[39m[31m[1m^[22m[39m[31m[1m^[22m[39m[31m[1m^[22m[39m[31m[1m^[22m[39m[31m[1m^[22m[39m[31m[1m^[22m[39m[31
m[1m^[22m[39m[31m[1m^[22m[39m[31m[1m^[22m[39m
 [90m 5 |[39m [36mimport[39m { 
 [90m 6 |[39m   addPendingCheckIn[33m,[39m 
 [90m 7 |[39m   getPendingCheckIns[33m,[39m [0m

Import map: aliased to relative './src/integrations/supabase/client' inside of [project]/


Import traces:
  Client Component Browser:
    ./src/hooks/useOfflineCheckIn.ts [Client Component Browser]
    ./src/components/CheckInFullScreen.tsx [Client Component Browser]
    ./src/components/AdminCheckIn.tsx [Client Component Browser]
    ./src/app/admin/page.tsx [Client Component Browser]
    ./src/app/admin/page.tsx [Server Component]

  Client Component SSR:
    ./src/hooks/useOfflineCheckIn.ts [Client Component SSR]
    ./src/components/CheckInFullScreen.tsx [Client Component SSR]
    ./src/components/AdminCheckIn.tsx [Client Component SSR]
    ./src/app/admin/page.tsx [Client Component SSR]
    ./src/app/admin/page.tsx [Server Component]

https://nextjs.org/docs/messages/module-not-found


./src/hooks/useTicketActions.ts:6:1
Module not found: Can't resolve '@/integrations/supabase/client'
[0m [90m 4 |[39m [36mimport[39m { useState[33m,[39m useEffect[33m,[39m useCallback } [36mfrom[39m [32m'react'[39m[33m;[39m
 [90m 5 |[39m [36mimport[39m { format } [36mfrom[39m [32m'date-fns'[39m[33m;[39m
[31m[1m>[22m[39m[90m 6 |[39m [36mimport[39m { supabase } [36mfrom[39m [32m'@/integrations/supabase/client'[39m[33m;[39m
 [90m   |[39m [31m[1m^[22m[39m[31m[1m^[22m[39m[31m[1m^[22m[39m[31m[1m^[22m[39m[31m[1m^[22m[39m[31m[1m^[22m[39m[31
m[1m^[22m[39m[31m[1m^[22m[39m[31m[1m^[22m[39m[31m[1m^[22m[39m[31m[1m^[22m[39m[31m[1m^[22m[39m[31m[1m^[22m[39m[31
m[1m^[22m[39m[31m[1m^[22m[39m[31m[1m^[22m[39m[31m[1m^[22m[39m[31m[1m^[22m[39m[31m[1m^[22m[39m[31m[1m^[22m[39m[31
m[1m^[22m[39m[31m[1m^[22m[39m[31m[1m^[22m[39m[31m[1m^[22m[39m[31m[1m^[22m[39m[31m[1m^[22m[39m[31m[1m^[22m[39m[31
m[1m^[22m[39m[31m[1m^[22m[39m[31m[1m^[22m[39m[31m[1m^[22m[39m[31m[1m^[22m[39m[31m[1m^[22m[39m[31m[1m^[22m[39m[31
m[1m^[22m[39m[31m[1m^[22m[39m[31m[1m^[22m[39m[31m[1m^[22m[39m[31m[1m^[22m[39m[31m[1m^[22m[39m[31m[1m^[22m[39m[31
m[1m^[22m[39m[31m[1m^[22m[39m[31m[1m^[22m[39m[31m[1m^[22m[39m[31m[1m^[22m[39m[31m[1m^[22m[39m[31m[1m^[22m[39m[31
m[1m^[22m[39m[31m[1m^[22m[39m[31m[1m^[22m[39m[31m[1m^[22m[39m[31m[1m^[22m[39m[31m[1m^[22m[39m[31m[1m^[22m[39m[31
m[1m^[22m[39m[31m[1m^[22m[39m[31m[1m^[22m[39m
 [90m 7 |[39m [36mimport[39m { toast } [36mfrom[39m [32m'sonner'[39m[33m;[39m
 [90m 8 |[39m
 [90m 9 |[39m [90m/**[39m[0m

Import map: aliased to relative './src/integrations/supabase/client' inside of [project]/


Import traces:
  Client Component Browser:
    ./src/hooks/useTicketActions.ts [Client Component Browser]
    ./src/app/events/page.tsx [Client Component Browser]
    ./src/app/events/page.tsx [Server Component]

  Client Component SSR:
    ./src/hooks/useTicketActions.ts [Client Component SSR]
    ./src/app/events/page.tsx [Client Component SSR]
    ./src/app/events/page.tsx [Server Component]

https://nextjs.org/docs/messages/module-not-found


./src/components/SectionErrorBoundary.tsx:3:1
Module not found: Can't resolve '@sentry/react'
[0m [90m 1 |[39m [32m'use client'[39m[33m;[39m
 [90m 2 |[39m
[31m[1m>[22m[39m[90m 3 |[39m [36mimport[39m [33m*[39m [36mas[39m [33mSentry[39m [36mfrom[39m 
[32m'@sentry/react'[39m[33m;[39m
 [90m   |[39m [31m[1m^[22m[39m[31m[1m^[22m[39m[31m[1m^[22m[39m[31m[1m^[22m[39m[31m[1m^[22m[39m[31m[1m^[22m[39m[31
m[1m^[22m[39m[31m[1m^[22m[39m[31m[1m^[22m[39m[31m[1m^[22m[39m[31m[1m^[22m[39m[31m[1m^[22m[39m[31m[1m^[22m[39m[31
m[1m^[22m[39m[31m[1m^[22m[39m[31m[1m^[22m[39m[31m[1m^[22m[39m[31m[1m^[22m[39m[31m[1m^[22m[39m[31m[1m^[22m[39m[31
m[1m^[22m[39m[31m[1m^[22m[39m[31m[1m^[22m[39m[31m[1m^[22m[39m[31m[1m^[22m[39m[31m[1m^[22m[39m[31m[1m^[22m[39m[31
m[1m^[22m[39m[31m[1m^[22m[39m[31m[1m^[22m[39m[31m[1m^[22m[39m[31m[1m^[22m[39m[31m[1m^[22m[39m[31m[1m^[22m[39m[31
m[1m^[22m[39m[31m[1m^[22m[39m[31m[1m^[22m[39m[31m[1m^[22m[39m[31m[1m^[22m[39m[31m[1m^[22m[39m
 [90m 4 |[39m [36mimport[39m { [33mAlertTriangle[39m } [36mfrom[39m [32m'lucide-react'[39m[33m;[39m
 [90m 5 |[39m [36mimport[39m { [33mButton[39m } [36mfrom[39m [32m'@/components/ui/button'[39m[33m;[39m
 [90m 6 |[39m[0m



Import traces:
  Client Component Browser:
    ./src/components/SectionErrorBoundary.tsx [Client Component Browser]
    ./src/app/admin/page.tsx [Client Component Browser]
    ./src/app/admin/page.tsx [Server Component]

  Client Component SSR:
    ./src/components/SectionErrorBoundary.tsx [Client Component SSR]
    ./src/app/admin/page.tsx [Client Component SSR]
    ./src/app/admin/page.tsx [Server Component]

https://nextjs.org/docs/messages/module-not-found


./src/components/CheckInFullScreen.tsx:7:1
Module not found: Can't resolve 'html5-qrcode'
[0m [90m  5 |[39m [36mimport[39m { format } [36mfrom[39m [32m'date-fns'[39m[33m;[39m
 [90m  6 |[39m [36mimport[39m { [33mArrowLeft[39m[33m,[39m [33mCamera[39m[33m,[39m [33mCheck[39m[33m,[39m 
[33mSearch[39m[33m,[39m [33mWifiOff[39m } [36mfrom[39m [32m'lucide-react'[39m[33m;[39m
[31m[1m>[22m[39m[90m  7 |[39m [36mimport[39m { [33mHtml5Qrcode[39m } [36mfrom[39m [32m'html5-qrcode'[39m[33m;[39m
 [90m    |[39m [31m[1m^[22m[39m[31m[1m^[22m[39m[31m[1m^[22m[39m[31m[1m^[22m[39m[31m[1m^[22m[39m[31m[1m^[22m[39m[3
1m[1m^[22m[39m[31m[1m^[22m[39m[31m[1m^[22m[39m[31m[1m^[22m[39m[31m[1m^[22m[39m[31m[1m^[22m[39m[31m[1m^[22m[39m[3
1m[1m^[22m[39m[31m[1m^[22m[39m[31m[1m^[22m[39m[31m[1m^[22m[39m[31m[1m^[22m[39m[31m[1m^[22m[39m[31m[1m^[22m[39m[3
1m[1m^[22m[39m[31m[1m^[22m[39m[31m[1m^[22m[39m[31m[1m^[22m[39m[31m[1m^[22m[39m[31m[1m^[22m[39m[31m[1m^[22m[39m[3
1m[1m^[22m[39m[31m[1m^[22m[39m[31m[1m^[22m[39m[31m[1m^[22m[39m[31m[1m^[22m[39m[31m[1m^[22m[39m[31m[1m^[22m[39m[3
1m[1m^[22m[39m[31m[1m^[22m[39m[31m[1m^[22m[39m[31m[1m^[22m[39m[31m[1m^[22m[39m[31m[1m^[22m[39m[31m[1m^[22m[39m[3
1m[1m^[22m[39m[31m[1m^[22m[39m
 [90m  8 |[39m [36mimport[39m { [33mButton[39m } [36mfrom[39m [32m'@/components/ui/button'[39m[33m;[39m
 [90m  9 |[39m [36mimport[39m { [33mInput[39m } [36mfrom[39m [32m'@/components/ui/input'[39m[33m;[39m
 [90m 10 |[39m [36mimport[39m { [33mProgress[39m } [36mfrom[39m [32m'@/components/ui/progress'[39m[33m;[39m[0m



Import traces:
  Client Component Browser:
    ./src/components/CheckInFullScreen.tsx [Client Component Browser]
    ./src/components/AdminCheckIn.tsx [Client Component Browser]
    ./src/app/admin/page.tsx [Client Component Browser]
    ./src/app/admin/page.tsx [Server Component]

  Client Component SSR:
    ./src/components/CheckInFullScreen.tsx [Client Component SSR]
    ./src/components/AdminCheckIn.tsx [Client Component SSR]
    ./src/app/admin/page.tsx [Client Component SSR]
    ./src/app/admin/page.tsx [Server Component]

https://nextjs.org/docs/messages/module-not-found


./src/components/GuestPassSection.tsx:6:1
Module not found: Can't resolve 'qrcode.react'
[0m [90m 4 |[39m [36mimport[39m { format } [36mfrom[39m [32m'date-fns'[39m[33m;[39m
 [90m 5 |[39m [36mimport[39m { [33mGift[39m[33m,[39m [33mSend[39m[33m,[39m [33mX[39m[33m,[39m 
[33mRotateCcw[39m[33m,[39m [33mChevronDown[39m[33m,[39m [33mChevronUp[39m[33m,[39m [33mCheck[39m[33m,[39m 
[33mClock[39m[33m,[39m [33mXCircle[39m } [36mfrom[39m [32m'lucide-react'[39m[33m;[39m
[31m[1m>[22m[39m[90m 6 |[39m [36mimport[39m { [33mQRCodeSVG[39m } [36mfrom[39m [32m'qrcode.react'[39m[33m;[39m
 [90m   |[39m [31m[1m^[22m[39m[31m[1m^[22m[39m[31m[1m^[22m[39m[31m[1m^[22m[39m[31m[1m^[22m[39m[31m[1m^[22m[39m[31
m[1m^[22m[39m[31m[1m^[22m[39m[31m[1m^[22m[39m[31m[1m^[22m[39m[31m[1m^[22m[39m[31m[1m^[22m[39m[31m[1m^[22m[39m[31
m[1m^[22m[39m[31m[1m^[22m[39m[31m[1m^[22m[39m[31m[1m^[22m[39m[31m[1m^[22m[39m[31m[1m^[22m[39m[31m[1m^[22m[39m[31
m[1m^[22m[39m[31m[1m^[22m[39m[31m[1m^[22m[39m[31m[1m^[22m[39m[31m[1m^[22m[39m[31m[1m^[22m[39m[31m[1m^[22m[39m[31
m[1m^[22m[39m[31m[1m^[22m[39m[31m[1m^[22m[39m[31m[1m^[22m[39m[31m[1m^[22m[39m[31m[1m^[22m[39m[31m[1m^[22m[39m[31
m[1m^[22m[39m[31m[1m^[22m[39m[31m[1m^[22m[39m[31m[1m^[22m[39m[31m[1m^[22m[39m[31m[1m^[22m[39m[31m[1m^[22m[39m
 [90m 7 |[39m [36mimport[39m { [33mButton[39m } [36mfrom[39m [32m'@/components/ui/button'[39m[33m;[39m
 [90m 8 |[39m [36mimport[39m { [33mInput[39m } [36mfrom[39m [32m'@/components/ui/input'[39m[33m;[39m
 [90m 9 |[39m [36mimport[39m { [33mLabel[39m } [36mfrom[39m [32m'@/components/ui/label'[39m[33m;[39m[0m



Import traces:
  Client Component Browser:
    ./src/components/GuestPassSection.tsx [Client Component Browser]
    ./src/app/dashboard/page.tsx [Client Component Browser]
    ./src/app/dashboard/page.tsx [Server Component]

  Client Component SSR:
    ./src/components/GuestPassSection.tsx [Client Component SSR]
    ./src/app/dashboard/page.tsx [Client Component SSR]
    ./src/app/dashboard/page.tsx [Server Component]

https://nextjs.org/docs/messages/module-not-found


    at <unknown> (./src/app/join/page.tsx:102:6)
    at <unknown> (./src/app/login/page.tsx:89:6)
    at <unknown> (./src/app/admin/login/page.tsx:14:1)
    at <unknown> (https://nextjs.org/docs/messages/module-not-found)
    at <unknown> (./src/app/admin/request-access/page.tsx:13:1)
    at <unknown> (https://nextjs.org/docs/messages/module-not-found)
    at <unknown> (./src/app/payment-canceled/page.tsx:7:1)
    at <unknown> (https://nextjs.org/docs/messages/module-not-found)
    at <unknown> (./src/app/payment-success/page.tsx:11:1)
    at <unknown> (https://nextjs.org/docs/messages/module-not-found)
    at <unknown> (./src/app/reset-password/page.tsx:12:1)
    at <unknown> (https://nextjs.org/docs/messages/module-not-found)
    at <unknown> (./src/app/setup-password/page.tsx:13:1)
    at <unknown> (https://nextjs.org/docs/messages/module-not-found)
    at <unknown> (./src/app/signup/page.tsx:15:1)
    at <unknown> (https://nextjs.org/docs/messages/module-not-found)
    at <unknown> (./src/app/update-password/page.tsx:13:1)
    at <unknown> (https://nextjs.org/docs/messages/module-not-found)
    at <unknown> (./src/app/verify-email/page.tsx:11:1)
    at <unknown> (https://nextjs.org/docs/messages/module-not-found)
    at <unknown> (./src/components/Header.tsx:22:1)
    at <unknown> (https://nextjs.org/docs/messages/module-not-found)
    at <unknown> (./src/components/admin/AdminSidebar.tsx:11:1)
    at <unknown> (https://nextjs.org/docs/messages/module-not-found)
    at <unknown> (./src/app/about/page.tsx:3:1)
    at <unknown> (https://nextjs.org/docs/messages/module-not-found)
    at <unknown> (./src/app/admin/import-members/page.tsx:3:1)
    at <unknown> (https://nextjs.org/docs/messages/module-not-found)
    at <unknown> (./src/app/admin/page.tsx:3:1)
    at <unknown> (https://nextjs.org/docs/messages/module-not-found)
    at <unknown> (./src/app/admin/settings/page.tsx:3:1)
    at <unknown> (https://nextjs.org/docs/messages/module-not-found)
    at <unknown> (./src/app/contact/page.tsx:3:1)
    at <unknown> (https://nextjs.org/docs/messages/module-not-found)
    at <unknown> (./src/app/dashboard/page.tsx:3:1)
    at <unknown> (https://nextjs.org/docs/messages/module-not-found)
    at <unknown> (./src/app/events/[id]/page.tsx:3:1)
    at <unknown> (https://nextjs.org/docs/messages/module-not-found)
    at <unknown> (./src/app/events/page.tsx:3:1)
    at <unknown> (https://nextjs.org/docs/messages/module-not-found)
    at <unknown> (./src/app/payment-success/page.tsx:3:1)
    at <unknown> (https://nextjs.org/docs/messages/module-not-found)
    at <unknown> (./src/app/privacy/page.tsx:3:1)
    at <unknown> (https://nextjs.org/docs/messages/module-not-found)
    at <unknown> (./src/app/settings/page.tsx:3:1)
    at <unknown> (https://nextjs.org/docs/messages/module-not-found)
    at <unknown> (./src/app/signup/page.tsx:3:1)
    at <unknown> (https://nextjs.org/docs/messages/module-not-found)
    at <unknown> (./src/app/social/page.tsx:3:1)
    at <unknown> (https://nextjs.org/docs/messages/module-not-found)
    at <unknown> (./src/app/terms/page.tsx:3:1)
    at <unknown> (https://nextjs.org/docs/messages/module-not-found)
    at <unknown> (./src/app/verify-email/page.tsx:3:1)
    at <unknown> (https://nextjs.org/docs/messages/module-not-found)
    at <unknown> (./src/components/admin/AdminMembersTab.tsx:3:1)
    at <unknown> (https://nextjs.org/docs/messages/module-not-found)
    at <unknown> (./src/hooks/useTicketActions.ts:3:1)
    at <unknown> (https://nextjs.org/docs/messages/module-not-found)
    at <unknown> (./src/app/admin/import-members/page.tsx:8:1)
    at <unknown> (https://nextjs.org/docs/messages/module-not-found)
    at <unknown> (./src/app/admin/login/page.tsx:7:1)
    at <unknown> (https://nextjs.org/docs/messages/module-not-found)
    at <unknown> (./src/app/admin/request-access/page.tsx:6:1)
    at <unknown> (https://nextjs.org/docs/messages/module-not-found)
    at <unknown> (./src/app/admin/settings/page.tsx:8:1)
    at <unknown> (https://nextjs.org/docs/messages/module-not-found)
    at <unknown> (./src/app/dashboard/page.tsx:20:1)
    at <unknown> (https://nextjs.org/docs/messages/module-not-found)
    at <unknown> (./src/app/events/[id]/page.tsx:16:1)
    at <unknown> (https://nextjs.org/docs/messages/module-not-found)
    at <unknown> (./src/app/events/page.tsx:20:1)
    at <unknown> (https://nextjs.org/docs/messages/module-not-found)
    at <unknown> (./src/app/payment-success/page.tsx:9:1)
    at <unknown> (https://nextjs.org/docs/messages/module-not-found)
    at <unknown> (./src/app/reset-password/page.tsx:9:1)
    at <unknown> (https://nextjs.org/docs/messages/module-not-found)
    at <unknown> (./src/app/settings/page.tsx:8:1)
    at <unknown> (https://nextjs.org/docs/messages/module-not-found)
    at <unknown> (./src/app/setup-password/page.tsx:10:1)
    at <unknown> (https://nextjs.org/docs/messages/module-not-found)
    at <unknown> (./src/app/signup/page.tsx:11:1)
    at <unknown> (https://nextjs.org/docs/messages/module-not-found)
    at <unknown> (./src/app/social/page.tsx:21:1)
    at <unknown> (https://nextjs.org/docs/messages/module-not-found)
    at <unknown> (./src/app/update-password/page.tsx:10:1)
    at <unknown> (https://nextjs.org/docs/messages/module-not-found)
    at <unknown> (./src/app/verify-email/page.tsx:9:1)
    at <unknown> (https://nextjs.org/docs/messages/module-not-found)
    at <unknown> (./src/components/AdminBroadcast.tsx:18:1)
    at <unknown> (https://nextjs.org/docs/messages/module-not-found)
    at <unknown> (./src/components/AdminCheckIn.tsx:15:1)
    at <unknown> (https://nextjs.org/docs/messages/module-not-found)
    at <unknown> (./src/components/AdminHomepageImages.tsx:8:1)
    at <unknown> (https://nextjs.org/docs/messages/module-not-found)
    at <unknown> (./src/components/AvatarUpload.tsx:7:1)
    at <unknown> (https://nextjs.org/docs/messages/module-not-found)
    at <unknown> (./src/components/CheckInFullScreen.tsx:12:1)
    at <unknown> (https://nextjs.org/docs/messages/module-not-found)
    at <unknown> (./src/components/GuestPassSection.tsx:14:1)
    at <unknown> (https://nextjs.org/docs/messages/module-not-found)
    at <unknown> (./src/components/Header.tsx:7:1)
    at <unknown> (https://nextjs.org/docs/messages/module-not-found)
    at <unknown> (./src/components/HomepageImageGrid.tsx:5:1)
    at <unknown> (https://nextjs.org/docs/messages/module-not-found)
    at <unknown> (./src/components/HubSpotIntegrationCard.tsx:5:1)
    at <unknown> (https://nextjs.org/docs/messages/module-not-found)
    at <unknown> (./src/components/MembershipDangerZone.tsx:16:1)
    at <unknown> (https://nextjs.org/docs/messages/module-not-found)
    at <unknown> (./src/components/MyEventsSection.tsx:9:1)
    at <unknown> (https://nextjs.org/docs/messages/module-not-found)
    at <unknown> (./src/components/NextEventHero.tsx:10:1)
    at <unknown> (https://nextjs.org/docs/messages/module-not-found)
    at <unknown> (./src/components/NotificationSettings.tsx:7:1)
    at <unknown> (https://nextjs.org/docs/messages/module-not-found)
    at <unknown> (./src/components/NotificationsFeed.tsx:9:1)
    at <unknown> (https://nextjs.org/docs/messages/module-not-found)
    at <unknown> (./src/components/OnboardingCard.tsx:7:1)
    at <unknown> (https://nextjs.org/docs/messages/module-not-found)
    at <unknown> (./src/components/PasswordChangeForm.tsx:8:1)
    at <unknown> (https://nextjs.org/docs/messages/module-not-found)
    at <unknown> (./src/components/WalletButtons.tsx:6:1)
    at <unknown> (https://nextjs.org/docs/messages/module-not-found)
    at <unknown> (./src/components/WhosGoing.tsx:5:1)
    at <unknown> (https://nextjs.org/docs/messages/module-not-found)
    at <unknown> (./src/components/admin/AddMemberDialog.tsx:11:1)
    at <unknown> (https://nextjs.org/docs/messages/module-not-found)
    at <unknown> (./src/components/admin/AddProspectDialog.tsx:10:1)
    at <unknown> (https://nextjs.org/docs/messages/module-not-found)
    at <unknown> (./src/components/admin/AddSponsorDialog.tsx:10:1)
    at <unknown> (https://nextjs.org/docs/messages/module-not-found)
    at <unknown> (./src/components/admin/AdminEventsTab.tsx:25:1)
    at <unknown> (https://nextjs.org/docs/messages/module-not-found)
    at <unknown> (./src/components/admin/AdminMembersTab.tsx:18:1)
    at <unknown> (https://nextjs.org/docs/messages/module-not-found)
    at <unknown> (./src/components/admin/AdminOverviewTab.tsx:8:1)
    at <unknown> (https://nextjs.org/docs/messages/module-not-found)
    at <unknown> (./src/components/admin/AdminProspectsTab.tsx:12:1)
    at <unknown> (https://nextjs.org/docs/messages/module-not-found)
    at <unknown> (./src/components/admin/AdminSponsorsTab.tsx:12:1)
    at <unknown> (https://nextjs.org/docs/messages/module-not-found)
    at <unknown> (./src/components/admin/EditProspectDialog.tsx:11:1)
    at <unknown> (https://nextjs.org/docs/messages/module-not-found)
    at <unknown> (./src/components/admin/EditSponsorDialog.tsx:11:1)
    at <unknown> (https://nextjs.org/docs/messages/module-not-found)
    at <unknown> (./src/components/admin/GeneralSettings.tsx:4:1)
    at <unknown> (https://nextjs.org/docs/messages/module-not-found)
    at <unknown> (./src/components/admin/MembershipSettings.tsx:4:1)
    at <unknown> (https://nextjs.org/docs/messages/module-not-found)
    at <unknown> (./src/components/admin/QuickAddMemberDialog.tsx:11:1)
    at <unknown> (https://nextjs.org/docs/messages/module-not-found)
    at <unknown> (./src/components/admin/TaskBoard.tsx:7:1)
    at <unknown> (https://nextjs.org/docs/messages/module-not-found)
    at <unknown> (./src/components/admin/TaskDialog.tsx:13:1)
    at <unknown> (https://nextjs.org/docs/messages/module-not-found)
    at <unknown> (./src/hooks/useOfflineCheckIn.ts:4:1)
    at <unknown> (https://nextjs.org/docs/messages/module-not-found)
    at <unknown> (./src/hooks/useTicketActions.ts:6:1)
    at <unknown> (https://nextjs.org/docs/messages/module-not-found)
    at <unknown> (./src/components/SectionErrorBoundary.tsx:3:1)
    at <unknown> (https://nextjs.org/docs/messages/module-not-found)
    at <unknown> (./src/components/CheckInFullScreen.tsx:7:1)
    at <unknown> (https://nextjs.org/docs/messages/module-not-found)
    at <unknown> (./src/components/GuestPassSection.tsx:6:1)
    at <unknown> (https://nextjs.org/docs/messages/module-not-found)
